Archive member included to satisfy reference by file (symbol)

C:/ST/STM32CubeIDE_1.14.1/STM32CubeIDE/plugins/com.st.stm32cube.ide.mcu.externaltools.gnu-tools-for-stm32.11.3.rel1.win32_1.1.100.202309141235/tools/bin/../lib/gcc/arm-none-eabi/11.3.1/../../../../arm-none-eabi/lib/thumb/v7e-m+fp/hard\libc_nano.a(libc_a-exit.o)
                              C:/ST/STM32CubeIDE_1.14.1/STM32CubeIDE/plugins/com.st.stm32cube.ide.mcu.externaltools.gnu-tools-for-stm32.11.3.rel1.win32_1.1.100.202309141235/tools/bin/../lib/gcc/arm-none-eabi/11.3.1/../../../../arm-none-eabi/lib/thumb/v7e-m+fp/hard/crt0.o (exit)
C:/ST/STM32CubeIDE_1.14.1/STM32CubeIDE/plugins/com.st.stm32cube.ide.mcu.externaltools.gnu-tools-for-stm32.11.3.rel1.win32_1.1.100.202309141235/tools/bin/../lib/gcc/arm-none-eabi/11.3.1/../../../../arm-none-eabi/lib/thumb/v7e-m+fp/hard\libc_nano.a(libc_a-realloc.o)
                              ./Core/Src/mainpp.o (realloc)
C:/ST/STM32CubeIDE_1.14.1/STM32CubeIDE/plugins/com.st.stm32cube.ide.mcu.externaltools.gnu-tools-for-stm32.11.3.rel1.win32_1.1.100.202309141235/tools/bin/../lib/gcc/arm-none-eabi/11.3.1/../../../../arm-none-eabi/lib/thumb/v7e-m+fp/hard\libc_nano.a(libc_a-reallocr.o)
                              C:/ST/STM32CubeIDE_1.14.1/STM32CubeIDE/plugins/com.st.stm32cube.ide.mcu.externaltools.gnu-tools-for-stm32.11.3.rel1.win32_1.1.100.202309141235/tools/bin/../lib/gcc/arm-none-eabi/11.3.1/../../../../arm-none-eabi/lib/thumb/v7e-m+fp/hard\libc_nano.a(libc_a-realloc.o) (_realloc_r)
C:/ST/STM32CubeIDE_1.14.1/STM32CubeIDE/plugins/com.st.stm32cube.ide.mcu.externaltools.gnu-tools-for-stm32.11.3.rel1.win32_1.1.100.202309141235/tools/bin/../lib/gcc/arm-none-eabi/11.3.1/../../../../arm-none-eabi/lib/thumb/v7e-m+fp/hard\libc_nano.a(libc_a-findfp.o)
                              C:/ST/STM32CubeIDE_1.14.1/STM32CubeIDE/plugins/com.st.stm32cube.ide.mcu.externaltools.gnu-tools-for-stm32.11.3.rel1.win32_1.1.100.202309141235/tools/bin/../lib/gcc/arm-none-eabi/11.3.1/../../../../arm-none-eabi/lib/thumb/v7e-m+fp/hard\libc_nano.a(libc_a-exit.o) (__stdio_exit_handler)
C:/ST/STM32CubeIDE_1.14.1/STM32CubeIDE/plugins/com.st.stm32cube.ide.mcu.externaltools.gnu-tools-for-stm32.11.3.rel1.win32_1.1.100.202309141235/tools/bin/../lib/gcc/arm-none-eabi/11.3.1/../../../../arm-none-eabi/lib/thumb/v7e-m+fp/hard\libc_nano.a(libc_a-fwalk.o)
                              C:/ST/STM32CubeIDE_1.14.1/STM32CubeIDE/plugins/com.st.stm32cube.ide.mcu.externaltools.gnu-tools-for-stm32.11.3.rel1.win32_1.1.100.202309141235/tools/bin/../lib/gcc/arm-none-eabi/11.3.1/../../../../arm-none-eabi/lib/thumb/v7e-m+fp/hard\libc_nano.a(libc_a-findfp.o) (_fwalk_sglue)
C:/ST/STM32CubeIDE_1.14.1/STM32CubeIDE/plugins/com.st.stm32cube.ide.mcu.externaltools.gnu-tools-for-stm32.11.3.rel1.win32_1.1.100.202309141235/tools/bin/../lib/gcc/arm-none-eabi/11.3.1/../../../../arm-none-eabi/lib/thumb/v7e-m+fp/hard\libc_nano.a(libc_a-stdio.o)
                              C:/ST/STM32CubeIDE_1.14.1/STM32CubeIDE/plugins/com.st.stm32cube.ide.mcu.externaltools.gnu-tools-for-stm32.11.3.rel1.win32_1.1.100.202309141235/tools/bin/../lib/gcc/arm-none-eabi/11.3.1/../../../../arm-none-eabi/lib/thumb/v7e-m+fp/hard\libc_nano.a(libc_a-findfp.o) (__sread)
C:/ST/STM32CubeIDE_1.14.1/STM32CubeIDE/plugins/com.st.stm32cube.ide.mcu.externaltools.gnu-tools-for-stm32.11.3.rel1.win32_1.1.100.202309141235/tools/bin/../lib/gcc/arm-none-eabi/11.3.1/../../../../arm-none-eabi/lib/thumb/v7e-m+fp/hard\libc_nano.a(libc_a-memset.o)
                              C:/ST/STM32CubeIDE_1.14.1/STM32CubeIDE/plugins/com.st.stm32cube.ide.mcu.externaltools.gnu-tools-for-stm32.11.3.rel1.win32_1.1.100.202309141235/tools/bin/../lib/gcc/arm-none-eabi/11.3.1/../../../../arm-none-eabi/lib/thumb/v7e-m+fp/hard/crt0.o (memset)
C:/ST/STM32CubeIDE_1.14.1/STM32CubeIDE/plugins/com.st.stm32cube.ide.mcu.externaltools.gnu-tools-for-stm32.11.3.rel1.win32_1.1.100.202309141235/tools/bin/../lib/gcc/arm-none-eabi/11.3.1/../../../../arm-none-eabi/lib/thumb/v7e-m+fp/hard\libc_nano.a(libc_a-closer.o)
                              C:/ST/STM32CubeIDE_1.14.1/STM32CubeIDE/plugins/com.st.stm32cube.ide.mcu.externaltools.gnu-tools-for-stm32.11.3.rel1.win32_1.1.100.202309141235/tools/bin/../lib/gcc/arm-none-eabi/11.3.1/../../../../arm-none-eabi/lib/thumb/v7e-m+fp/hard\libc_nano.a(libc_a-stdio.o) (_close_r)
C:/ST/STM32CubeIDE_1.14.1/STM32CubeIDE/plugins/com.st.stm32cube.ide.mcu.externaltools.gnu-tools-for-stm32.11.3.rel1.win32_1.1.100.202309141235/tools/bin/../lib/gcc/arm-none-eabi/11.3.1/../../../../arm-none-eabi/lib/thumb/v7e-m+fp/hard\libc_nano.a(libc_a-reent.o)
                              C:/ST/STM32CubeIDE_1.14.1/STM32CubeIDE/plugins/com.st.stm32cube.ide.mcu.externaltools.gnu-tools-for-stm32.11.3.rel1.win32_1.1.100.202309141235/tools/bin/../lib/gcc/arm-none-eabi/11.3.1/../../../../arm-none-eabi/lib/thumb/v7e-m+fp/hard\libc_nano.a(libc_a-closer.o) (errno)
[...]
Memory Configuration

Name             Origin             Length             Attributes
CCMRAM           0x0000000010000000 0x0000000000010000 xrw
RAM              0x0000000020000000 0x0000000000020000 xrw
FLASH            0x0000000008000000 0x0000000000100000 xr
*default*        0x0000000000000000 0xffffffffffffffff

Linker script and memory map

LOAD C:/ST/STM32CubeIDE_1.14.1/STM32CubeIDE/plugins/com.st.stm32cube.ide.mcu.externaltools.gnu-tools-for-stm32.11.3.rel1.win32_1.1.100.202309141235/tools/bin/../lib/gcc/arm-none-eabi/11.3.1/thumb/v7e-m+fp/hard/crti.o
LOAD C:/ST/STM32CubeIDE_1.14.1/STM32CubeIDE/plugins/com.st.stm32cube.ide.mcu.externaltools.gnu-tools-for-stm32.11.3.rel1.win32_1.1.100.202309141235/tools/bin/../lib/gcc/arm-none-eabi/11.3.1/thumb/v7e-m+fp/hard/crtbegin.o
LOAD C:/ST/STM32CubeIDE_1.14.1/STM32CubeIDE/plugins/com.st.stm32cube.ide.mcu.externaltools.gnu-tools-for-stm32.11.3.rel1.win32_1.1.100.202309141235/tools/bin/../lib/gcc/arm-none-eabi/11.3.1/../../../../arm-none-eabi/lib/thumb/v7e-m+fp/hard/crt0.o
LOAD ./Core/Inc/ROS/duration.o
LOAD ./Core/Inc/ROS/time.o
LOAD ./Core/Src/main.o
LOAD ./Core/Src/mainpp.o
LOAD ./Core/Src/stm32f4xx_hal_msp.o
LOAD ./Core/Src/stm32f4xx_it.o
LOAD ./Core/Src/syscalls.o
LOAD ./Core/Src/sysmem.o
LOAD ./Core/Src/system_stm32f4xx.o
LOAD ./Core/Startup/startup_stm32f407vgtx.o
LOAD ./Drivers/STM32F4xx_HAL_Driver/Src/stm32f4xx_hal.o
LOAD ./Drivers/STM32F4xx_HAL_Driver/Src/stm32f4xx_hal_cortex.o
LOAD ./Drivers/STM32F4xx_HAL_Driver/Src/stm32f4xx_hal_dma.o
LOAD ./Drivers/STM32F4xx_HAL_Driver/Src/stm32f4xx_hal_dma_ex.o
LOAD ./Drivers/STM32F4xx_HAL_Driver/Src/stm32f4xx_hal_exti.o
LOAD ./Drivers/STM32F4xx_HAL_Driver/Src/stm32f4xx_hal_flash.o
LOAD ./Drivers/STM32F4xx_HAL_Driver/Src/stm32f4xx_hal_flash_ex.o
LOAD ./Drivers/STM32F4xx_HAL_Driver/Src/stm32f4xx_hal_flash_ramfunc.o
LOAD ./Drivers/STM32F4xx_HAL_Driver/Src/stm32f4xx_hal_gpio.o
LOAD ./Drivers/STM32F4xx_HAL_Driver/Src/stm32f4xx_hal_pwr.o
LOAD ./Drivers/STM32F4xx_HAL_Driver/Src/stm32f4xx_hal_pwr_ex.o
LOAD ./Drivers/STM32F4xx_HAL_Driver/Src/stm32f4xx_hal_rcc.o
LOAD ./Drivers/STM32F4xx_HAL_Driver/Src/stm32f4xx_hal_rcc_ex.o
LOAD ./Drivers/STM32F4xx_HAL_Driver/Src/stm32f4xx_hal_tim.o
LOAD ./Drivers/STM32F4xx_HAL_Driver/Src/stm32f4xx_hal_tim_ex.o
LOAD ./Drivers/STM32F4xx_HAL_Driver/Src/stm32f4xx_hal_uart.o
START GROUP
LOAD C:/ST/STM32CubeIDE_1.14.1/STM32CubeIDE/plugins/com.st.stm32cube.ide.mcu.externaltools.gnu-tools-for-stm32.11.3.rel1.win32_1.1.100.202309141235/tools/bin/../lib/gcc/arm-none-eabi/11.3.1/../../../../arm-none-eabi/lib/thumb/v7e-m+fp/hard\libstdc++_nano.a
LOAD C:/ST/STM32CubeIDE_1.14.1/STM32CubeIDE/plugins/com.st.stm32cube.ide.mcu.externaltools.gnu-tools-for-stm32.11.3.rel1.win32_1.1.100.202309141235/tools/bin/../lib/gcc/arm-none-eabi/11.3.1/../../../../arm-none-eabi/lib/thumb/v7e-m+fp/hard\libsupc++_nano.a
END GROUP
LOAD C:/ST/STM32CubeIDE_1.14.1/STM32CubeIDE/plugins/com.st.stm32cube.ide.mcu.externaltools.gnu-tools-for-stm32.11.3.rel1.win32_1.1.100.202309141235/tools/bin/../lib/gcc/arm-none-eabi/11.3.1/../../../../arm-none-eabi/lib/thumb/v7e-m+fp/hard\libstdc++_nano.a
LOAD C:/ST/STM32CubeIDE_1.14.1/STM32CubeIDE/plugins/com.st.stm32cube.ide.mcu.externaltools.gnu-tools-for-stm32.11.3.rel1.win32_1.1.100.202309141235/tools/bin/../lib/gcc/arm-none-eabi/11.3.1/../../../../arm-none-eabi/lib/thumb/v7e-m+fp/hard\libm.a
LOAD C:/ST/STM32CubeIDE_1.14.1/STM32CubeIDE/plugins/com.st.stm32cube.ide.mcu.externaltools.gnu-tools-for-stm32.11.3.rel1.win32_1.1.100.202309141235/tools/bin/../lib/gcc/arm-none-eabi/11.3.1/../../../../arm-none-eabi/lib/thumb/v7e-m+fp/hard\libc_nano.a
START GROUP
LOAD C:/ST/STM32CubeIDE_1.14.1/STM32CubeIDE/plugins/com.st.stm32cube.ide.mcu.externaltools.gnu-tools-for-stm32.11.3.rel1.win32_1.1.100.202309141235/tools/bin/../lib/gcc/arm-none-eabi/11.3.1/thumb/v7e-m+fp/hard\libgcc.a
LOAD C:/ST/STM32CubeIDE_1.14.1/STM32CubeIDE/plugins/com.st.stm32cube.ide.mcu.externaltools.gnu-tools-for-stm32.11.3.rel1.win32_1.1.100.202309141235/tools/bin/../lib/gcc/arm-none-eabi/11.3.1/../../../../arm-none-eabi/lib/thumb/v7e-m+fp/hard\libc_nano.a
END GROUP
START GROUP
LOAD C:/ST/STM32CubeIDE_1.14.1/STM32CubeIDE/plugins/com.st.stm32cube.ide.mcu.externaltools.gnu-tools-for-stm32.11.3.rel1.win32_1.1.100.202309141235/tools/bin/../lib/gcc/arm-none-eabi/11.3.1/thumb/v7e-m+fp/hard\libgcc.a
LOAD C:/ST/STM32CubeIDE_1.14.1/STM32CubeIDE/plugins/com.st.stm32cube.ide.mcu.externaltools.gnu-tools-for-stm32.11.3.rel1.win32_1.1.100.202309141235/tools/bin/../lib/gcc/arm-none-eabi/11.3.1/../../../../arm-none-eabi/lib/thumb/v7e-m+fp/hard\libc_nano.a
END GROUP
LOAD C:/ST/STM32CubeIDE_1.14.1/STM32CubeIDE/plugins/com.st.stm32cube.ide.mcu.externaltools.gnu-tools-for-stm32.11.3.rel1.win32_1.1.100.202309141235/tools/bin/../lib/gcc/arm-none-eabi/11.3.1/thumb/v7e-m+fp/hard/crtend.o
LOAD C:/ST/STM32CubeIDE_1.14.1/STM32CubeIDE/plugins/com.st.stm32cube.ide.mcu.externaltools.gnu-tools-for-stm32.11.3.rel1.win32_1.1.100.202309141235/tools/bin/../lib/gcc/arm-none-eabi/11.3.1/thumb/v7e-m+fp/hard/crtn.o
                0x0000000020020000                _estack = (ORIGIN (RAM) + LENGTH (RAM))
                0x0000000000000200                _Min_Heap_Size = 0x200
                0x0000000000000400                _Min_Stack_Size = 0x400

.isr_vector     0x0000000008000000      0x188
                0x0000000008000000                . = ALIGN (0x4)
 *(.isr_vector)
 .isr_vector    0x0000000008000000      0x188 ./Core/Startup/startup_stm32f407vgtx.o
                0x0000000008000000                g_pfnVectors
                0x0000000008000188                . = ALIGN (0x4)

.text           0x0000000008000188     0x8068
                0x0000000008000188                . = ALIGN (0x4)
 *(.text)
 .text          0x0000000008000188       0x40 C:/ST/STM32CubeIDE_1.14.1/STM32CubeIDE/plugins/com.st.stm32cube.ide.mcu.externaltools.gnu-tools-for-stm32.11.3.rel1.win32_1.1.100.202309141235/tools/bin/../lib/gcc/arm-none-eabi/11.3.1/thumb/v7e-m+fp/hard/crtbegin.o
 .text          0x00000000080001c8       0x10 C:/ST/STM32CubeIDE_1.14.1/STM32CubeIDE/plugins/com.st.stm32cube.ide.mcu.externaltools.gnu-tools-for-stm32.11.3.rel1.win32_1.1.100.202309141235/tools/bin/../lib/gcc/arm-none-eabi/11.3.1/../../../../arm-none-eabi/lib/thumb/v7e-m+fp/hard\libc_nano.a(libc_a-strlen.o)
                0x00000000080001c8                strlen
 .text          0x00000000080001d8       0x30 C:/ST/STM32CubeIDE_1.14.1/STM32CubeIDE/plugins/com.st.stm32cube.ide.mcu.externaltools.gnu-tools-for-stm32.11.3.rel1.win32_1.1.100.202309141235/tools/bin/../lib/gcc/arm-none-eabi/11.3.1/thumb/v7e-m+fp/hard\libgcc.a(_aeabi_uldivmod.o)
                0x00000000080001d8                __aeabi_uldivmod
 .text          0x0000000008000208      0x2c8 C:/ST/STM32CubeIDE_1.14.1/STM32CubeIDE/plugins/com.st.stm32cube.ide.mcu.externaltools.gnu-tools-for-stm32.11.3.rel1.win32_1.1.100.202309141235/tools/bin/../lib/gcc/arm-none-eabi/11.3.1/thumb/v7e-m+fp/hard\libgcc.a(_udivmoddi4.o)
                0x0000000008000208                __udivmoddi4
 .text          0x00000000080004d0        0x4 C:/ST/STM32CubeIDE_1.14.1/STM32CubeIDE/plugins/com.st.stm32cube.ide.mcu.externaltools.gnu-tools-for-stm32.11.3.rel1.win32_1.1.100.202309141235/tools/bin/../lib/gcc/arm-none-eabi/11.3.1/thumb/v7e-m+fp/hard\libgcc.a(_dvmd_tls.o)
                0x00000000080004d0                __aeabi_idiv0
                0x00000000080004d0                __aeabi_ldiv0
 *(.text*)
 .text._ZN3ros16normalizeSecNSecERmS0_
                0x00000000080004d4       0x58 ./Core/Inc/ROS/time.o
                0x00000000080004d4                ros::normalizeSecNSec(unsigned long&, unsigned long&)
 .text.main     0x000000000800052c       0x34 ./Core/Src/main.o
                0x000000000800052c                main
 .text.SystemClock_Config
                0x0000000008000560       0xd4 ./Core/Src/main.o
                0x0000000008000560                SystemClock_Config
 .text.MX_USART6_UART_Init
                0x0000000008000634       0x54 ./Core/Src/main.o
 .text.MX_DMA_Init
                0x0000000008000688       0x50 ./Core/Src/main.o
 .text.MX_GPIO_Init
                0x00000000080006d8       0xc0 ./Core/Src/main.o
 .text.Error_Handler
                0x0000000008000798        0xa ./Core/Src/main.o
                0x0000000008000798                Error_Handler
 .text._ZN3ros4TimeC2Ev
                0x00000000080007a2       0x22 ./Core/Src/mainpp.o
                0x00000000080007a2                ros::Time::Time()
                0x00000000080007a2                ros::Time::Time()
 .text._ZN3ros3MsgC2Ev
                0x00000000080007c4       0x20 ./Core/Src/mainpp.o
                0x00000000080007c4                ros::Msg::Msg()
                0x00000000080007c4                ros::Msg::Msg()
 .text._ZN8std_msgs4TimeC2Ev
                0x00000000080007e4       0x30 ./Core/Src/mainpp.o
                0x00000000080007e4                std_msgs::Time::Time()
                0x00000000080007e4                std_msgs::Time::Time()
 .text._ZNK8std_msgs4Time9serializeEPh
                0x0000000008000814       0xb0 ./Core/Src/mainpp.o
                0x0000000008000814                std_msgs::Time::serialize(unsigned char*) const
 .text._ZN8std_msgs4Time11deserializeEPh
                0x00000000080008c4       0xc8 ./Core/Src/mainpp.o
                0x00000000080008c4                std_msgs::Time::deserialize(unsigned char*)
 .text._ZN8std_msgs4Time7getTypeEv
                0x000000000800098c       0x1c ./Core/Src/mainpp.o
                0x000000000800098c                std_msgs::Time::getType()
 .text._ZN8std_msgs4Time6getMD5Ev
                0x00000000080009a8       0x1c ./Core/Src/mainpp.o
                0x00000000080009a8                std_msgs::Time::getMD5()
 .text._ZN14rosserial_msgs9TopicInfoC2Ev
                0x00000000080009c4       0x48 ./Core/Src/mainpp.o
                0x00000000080009c4                rosserial_msgs::TopicInfo::TopicInfo()
                0x00000000080009c4                rosserial_msgs::TopicInfo::TopicInfo()
 .text._ZNK14rosserial_msgs9TopicInfo9serializeEPh
                0x0000000008000a0c      0x136 ./Core/Src/mainpp.o
                0x0000000008000a0c                rosserial_msgs::TopicInfo::serialize(unsigned char*) const
 .text._ZN14rosserial_msgs9TopicInfo11deserializeEPh
                0x0000000008000b42      0x1d0 ./Core/Src/mainpp.o
                0x0000000008000b42                rosserial_msgs::TopicInfo::deserialize(unsigned char*)
 *fill*         0x0000000008000d12        0x2 
 .text._ZN14rosserial_msgs9TopicInfo7getTypeEv
                0x0000000008000d14       0x1c ./Core/Src/mainpp.o
                0x0000000008000d14                rosserial_msgs::TopicInfo::getType()
 .text._ZN14rosserial_msgs9TopicInfo6getMD5Ev
                0x0000000008000d30       0x1c ./Core/Src/mainpp.o
                0x0000000008000d30                rosserial_msgs::TopicInfo::getMD5()
 .text._ZN14rosserial_msgs3LogC2Ev
                0x0000000008000d4c       0x34 ./Core/Src/mainpp.o
                0x0000000008000d4c                rosserial_msgs::Log::Log()
                0x0000000008000d4c                rosserial_msgs::Log::Log()
 .text._ZNK14rosserial_msgs3Log9serializeEPh
                0x0000000008000d80       0x64 ./Core/Src/mainpp.o
                0x0000000008000d80                rosserial_msgs::Log::serialize(unsigned char*) const
 .text._ZN14rosserial_msgs3Log11deserializeEPh
                0x0000000008000de4       0x90 ./Core/Src/mainpp.o
                0x0000000008000de4                rosserial_msgs::Log::deserialize(unsigned char*)
 .text._ZN14rosserial_msgs3Log7getTypeEv
                0x0000000008000e74       0x1c ./Core/Src/mainpp.o
                0x0000000008000e74                rosserial_msgs::Log::getType()
 .text._ZN14rosserial_msgs3Log6getMD5Ev
                0x0000000008000e90       0x1c ./Core/Src/mainpp.o
                0x0000000008000e90                rosserial_msgs::Log::getMD5()
 .text._ZN14rosserial_msgs20RequestParamResponseC2Ev
                0x0000000008000eac       0x5c ./Core/Src/mainpp.o
                0x0000000008000eac                rosserial_msgs::RequestParamResponse::RequestParamResponse()
                0x0000000008000eac                rosserial_msgs::RequestParamResponse::RequestParamResponse()
 .text._ZNK14rosserial_msgs20RequestParamResponse9serializeEPh
                0x0000000008000f08      0x222 ./Core/Src/mainpp.o
                0x0000000008000f08                rosserial_msgs::RequestParamResponse::serialize(unsigned char*) const
 .text._ZN14rosserial_msgs20RequestParamResponse11deserializeEPh
                0x000000000800112a      0x2e2 ./Core/Src/mainpp.o
                0x000000000800112a                rosserial_msgs::RequestParamResponse::deserialize(unsigned char*)
 .text._ZN14rosserial_msgs20RequestParamResponse7getTypeEv
                0x000000000800140c       0x1c ./Core/Src/mainpp.o
                0x000000000800140c                rosserial_msgs::RequestParamResponse::getType()
 .text._ZN14rosserial_msgs20RequestParamResponse6getMD5Ev
                0x0000000008001428       0x1c ./Core/Src/mainpp.o
                0x0000000008001428                rosserial_msgs::RequestParamResponse::getMD5()
 .text._ZN3ros9PublisherC2EPKcPNS_3MsgEi
                0x0000000008001444       0x2e ./Core/Src/mainpp.o
                0x0000000008001444                ros::Publisher::Publisher(char const*, ros::Msg*, int)
                0x0000000008001444                ros::Publisher::Publisher(char const*, ros::Msg*, int)
 .text._ZN3ros9Publisher7publishEPKNS_3MsgE
                0x0000000008001472       0x28 ./Core/Src/mainpp.o
                0x0000000008001472                ros::Publisher::publish(ros::Msg const*)
 .text._ZN3ros9Publisher15getEndpointTypeEv
                0x000000000800149a       0x18 ./Core/Src/mainpp.o
                0x000000000800149a                ros::Publisher::getEndpointType()
 .text._ZN13STM32Hardware10getRdmaIndEv
                0x00000000080014b2       0x26 ./Core/Src/mainpp.o
                0x00000000080014b2                STM32Hardware::getRdmaInd()
 .text._ZN13STM32HardwareC2Ev
                0x00000000080014d8       0x38 ./Core/Src/mainpp.o
                0x00000000080014d8                STM32Hardware::STM32Hardware()
                0x00000000080014d8                STM32Hardware::STM32Hardware()
 .text._ZN13STM32Hardware4initEv
                0x0000000008001510       0x16 ./Core/Src/mainpp.o
                0x0000000008001510                STM32Hardware::init()
 .text._ZN13STM32Hardware10reset_rbufEv
                0x0000000008001526       0x22 ./Core/Src/mainpp.o
                0x0000000008001526                STM32Hardware::reset_rbuf()
 .text._ZN13STM32Hardware4readEv
                0x0000000008001548       0x5a ./Core/Src/mainpp.o
                0x0000000008001548                STM32Hardware::read()
 *fill*         0x00000000080015a2        0x2 
 .text._ZN13STM32Hardware5flushEv
                0x00000000080015a4       0xe8 ./Core/Src/mainpp.o
                0x00000000080015a4                STM32Hardware::flush()
 .text._ZN13STM32Hardware5writeEPKhi
                0x000000000800168c       0x8c ./Core/Src/mainpp.o
                0x000000000800168c                STM32Hardware::write(unsigned char const*, int)
 .text._ZN13STM32Hardware4timeEv
                0x0000000008001718       0x16 ./Core/Src/mainpp.o
                0x0000000008001718                STM32Hardware::time()
 *fill*         0x000000000800172e        0x2 
 .text._ZN8std_msgs5Int32C2Ev
                0x0000000008001730       0x2c ./Core/Src/mainpp.o
                0x0000000008001730                std_msgs::Int32::Int32()
                0x0000000008001730                std_msgs::Int32::Int32()
 .text._ZNK8std_msgs5Int329serializeEPh
                0x000000000800175c       0x64 ./Core/Src/mainpp.o
                0x000000000800175c                std_msgs::Int32::serialize(unsigned char*) const
 .text._ZN8std_msgs5Int3211deserializeEPh
                0x00000000080017c0       0x70 ./Core/Src/mainpp.o
                0x00000000080017c0                std_msgs::Int32::deserialize(unsigned char*)
 .text._ZN8std_msgs5Int327getTypeEv
                0x0000000008001830       0x1c ./Core/Src/mainpp.o
                0x0000000008001830                std_msgs::Int32::getType()
 .text._ZN8std_msgs5Int326getMD5Ev
                0x000000000800184c       0x1c ./Core/Src/mainpp.o
                0x000000000800184c                std_msgs::Int32::getMD5()
 .text._ZN8std_msgs5EmptyC2Ev
                0x0000000008001868       0x24 ./Core/Src/mainpp.o
                0x0000000008001868                std_msgs::Empty::Empty()
                0x0000000008001868                std_msgs::Empty::Empty()
 .text._ZNK8std_msgs5Empty9serializeEPh
                0x000000000800188c       0x1c ./Core/Src/mainpp.o
                0x000000000800188c                std_msgs::Empty::serialize(unsigned char*) const
 .text._ZN8std_msgs5Empty11deserializeEPh
                0x00000000080018a8       0x1c ./Core/Src/mainpp.o
                0x00000000080018a8                std_msgs::Empty::deserialize(unsigned char*)
 .text._ZN8std_msgs5Empty7getTypeEv
                0x00000000080018c4       0x1c ./Core/Src/mainpp.o
                0x00000000080018c4                std_msgs::Empty::getType()
 .text._ZN8std_msgs5Empty6getMD5Ev
                0x00000000080018e0       0x1c ./Core/Src/mainpp.o
                0x00000000080018e0                std_msgs::Empty::getMD5()
 .text._ZN8std_msgs6StringC2Ev
                0x00000000080018fc       0x30 ./Core/Src/mainpp.o
                0x00000000080018fc                std_msgs::String::String()
                0x00000000080018fc                std_msgs::String::String()
 .text._ZNK8std_msgs6String9serializeEPh
                0x000000000800192c       0x52 ./Core/Src/mainpp.o
                0x000000000800192c                std_msgs::String::serialize(unsigned char*) const
 .text._ZN8std_msgs6String11deserializeEPh
                0x000000000800197e       0x7e ./Core/Src/mainpp.o
                0x000000000800197e                std_msgs::String::deserialize(unsigned char*)
 .text._ZN8std_msgs6String7getTypeEv
                0x00000000080019fc       0x1c ./Core/Src/mainpp.o
                0x00000000080019fc                std_msgs::String::getType()
 .text._ZN8std_msgs6String6getMD5Ev
                0x0000000008001a18       0x1c ./Core/Src/mainpp.o
                0x0000000008001a18                std_msgs::String::getMD5()
 .text._ZN13geometry_msgs7Vector3C2Ev
                0x0000000008001a34       0x50 ./Core/Src/mainpp.o
                0x0000000008001a34                geometry_msgs::Vector3::Vector3()
                0x0000000008001a34                geometry_msgs::Vector3::Vector3()
 .text._ZNK13geometry_msgs7Vector39serializeEPh
                0x0000000008001a84      0x2e6 ./Core/Src/mainpp.o
                0x0000000008001a84                geometry_msgs::Vector3::serialize(unsigned char*) const
 .text._ZN13geometry_msgs7Vector311deserializeEPh
                0x0000000008001d6a      0x6be ./Core/Src/mainpp.o
                0x0000000008001d6a                geometry_msgs::Vector3::deserialize(unsigned char*)
 .text._ZN13geometry_msgs7Vector37getTypeEv
                0x0000000008002428       0x1c ./Core/Src/mainpp.o
                0x0000000008002428                geometry_msgs::Vector3::getType()
 .text._ZN13geometry_msgs7Vector36getMD5Ev
                0x0000000008002444       0x1c ./Core/Src/mainpp.o
                0x0000000008002444                geometry_msgs::Vector3::getMD5()
 .text._ZN13geometry_msgs5TwistC2Ev
                0x0000000008002460       0x38 ./Core/Src/mainpp.o
                0x0000000008002460                geometry_msgs::Twist::Twist()
                0x0000000008002460                geometry_msgs::Twist::Twist()
 .text._ZNK13geometry_msgs5Twist9serializeEPh
                0x0000000008002498       0x4c ./Core/Src/mainpp.o
                0x0000000008002498                geometry_msgs::Twist::serialize(unsigned char*) const
 .text._ZN13geometry_msgs5Twist11deserializeEPh
                0x00000000080024e4       0x4c ./Core/Src/mainpp.o
                0x00000000080024e4                geometry_msgs::Twist::deserialize(unsigned char*)
 .text._ZN13geometry_msgs5Twist7getTypeEv
                0x0000000008002530       0x1c ./Core/Src/mainpp.o
                0x0000000008002530                geometry_msgs::Twist::getType()
 .text._ZN13geometry_msgs5Twist6getMD5Ev
                0x000000000800254c       0x1c ./Core/Src/mainpp.o
                0x000000000800254c                geometry_msgs::Twist::getMD5()
 .text._ZN8std_msgs6HeaderC2Ev
                0x0000000008002568       0x40 ./Core/Src/mainpp.o
                0x0000000008002568                std_msgs::Header::Header()
                0x0000000008002568                std_msgs::Header::Header()
 .text._ZNK8std_msgs6Header9serializeEPh
                0x00000000080025a8      0x130 ./Core/Src/mainpp.o
                0x00000000080025a8                std_msgs::Header::serialize(unsigned char*) const
 .text._ZN8std_msgs6Header11deserializeEPh
                0x00000000080026d8      0x180 ./Core/Src/mainpp.o
                0x00000000080026d8                std_msgs::Header::deserialize(unsigned char*)
 .text._ZN8std_msgs6Header7getTypeEv
                0x0000000008002858       0x1c ./Core/Src/mainpp.o
                0x0000000008002858                std_msgs::Header::getType()
 .text._ZN8std_msgs6Header6getMD5Ev
                0x0000000008002874       0x1c ./Core/Src/mainpp.o
                0x0000000008002874                std_msgs::Header::getMD5()
 .text._ZN13geometry_msgs10QuaternionC2Ev
                0x0000000008002890       0x5c ./Core/Src/mainpp.o
                0x0000000008002890                geometry_msgs::Quaternion::Quaternion()
                0x0000000008002890                geometry_msgs::Quaternion::Quaternion()
 .text._ZNK13geometry_msgs10Quaternion9serializeEPh
                0x00000000080028ec      0x3d4 ./Core/Src/mainpp.o
                0x00000000080028ec                geometry_msgs::Quaternion::serialize(unsigned char*) const
 .text._ZN13geometry_msgs10Quaternion11deserializeEPh
                0x0000000008002cc0      0x914 ./Core/Src/mainpp.o
                0x0000000008002cc0                geometry_msgs::Quaternion::deserialize(unsigned char*)
 .text._ZN13geometry_msgs10Quaternion7getTypeEv
                0x00000000080035d4       0x1c ./Core/Src/mainpp.o
                0x00000000080035d4                geometry_msgs::Quaternion::getType()
 .text._ZN13geometry_msgs10Quaternion6getMD5Ev
                0x00000000080035f0       0x1c ./Core/Src/mainpp.o
                0x00000000080035f0                geometry_msgs::Quaternion::getMD5()
 .text._ZN11sensor_msgs3ImuC2Ev
                0x000000000800360c       0xa8 ./Core/Src/mainpp.o
                0x000000000800360c                sensor_msgs::Imu::Imu()
                0x000000000800360c                sensor_msgs::Imu::Imu()
 .text._ZNK11sensor_msgs3Imu9serializeEPh
                0x00000000080036b4      0x39c ./Core/Src/mainpp.o
                0x00000000080036b4                sensor_msgs::Imu::serialize(unsigned char*) const
 .text._ZN11sensor_msgs3Imu11deserializeEPh
                0x0000000008003a50      0x7ba ./Core/Src/mainpp.o
                0x0000000008003a50                sensor_msgs::Imu::deserialize(unsigned char*)
 *fill*         0x000000000800420a        0x2 
 .text._ZN11sensor_msgs3Imu7getTypeEv
                0x000000000800420c       0x1c ./Core/Src/mainpp.o
                0x000000000800420c                sensor_msgs::Imu::getType()
 .text._ZN11sensor_msgs3Imu6getMD5Ev
                0x0000000008004228       0x1c ./Core/Src/mainpp.o
                0x0000000008004228                sensor_msgs::Imu::getMD5()
 .text._ZN3ros15NodeHandleBase_C2Ev
                0x0000000008004244       0x20 ./Core/Src/mainpp.o
                0x0000000008004244                ros::NodeHandleBase_::NodeHandleBase_()
                0x0000000008004244                ros::NodeHandleBase_::NodeHandleBase_()
 .text._ZN3ros11NodeHandle_I13STM32HardwareLi25ELi25ELi512ELi512EEC2Ev
                0x0000000008004264       0xf0 ./Core/Src/mainpp.o
                0x0000000008004264                ros::NodeHandle_<STM32Hardware, 25, 25, 512, 512>::NodeHandle_()
                0x0000000008004264                ros::NodeHandle_<STM32Hardware, 25, 25, 512, 512>::NodeHandle_()
 .text._Z6led_cbRKN8std_msgs5EmptyE
                0x0000000008004354       0x20 ./Core/Src/mainpp.o
                0x0000000008004354                led_cb(std_msgs::Empty const&)
 .text.HAL_UART_TxCpltCallback
                0x0000000008004374       0x30 ./Core/Src/mainpp.o
                0x0000000008004374                HAL_UART_TxCpltCallback
 .text.HAL_UART_RxCpltCallback
                0x00000000080043a4       0x30 ./Core/Src/mainpp.o
                0x00000000080043a4                HAL_UART_RxCpltCallback
 .text.setup    0x00000000080043d4       0x2c ./Core/Src/mainpp.o
                0x00000000080043d4                setup
 .text.loop     0x0000000008004400       0x34 ./Core/Src/mainpp.o
                0x0000000008004400                loop
 .text._ZN3ros3Msg8varToArrIPhmEEvT_T0_
                0x0000000008004434       0x3e ./Core/Src/mainpp.o
                0x0000000008004434                void ros::Msg::varToArr<unsigned char*, unsigned long>(unsigned char*, unsigned long)
 .text._ZN3ros3Msg8arrToVarImPhEEvRT_T0_
                0x0000000008004472       0x4c ./Core/Src/mainpp.o
                0x0000000008004472                void ros::Msg::arrToVar<unsigned long, unsigned char*>(unsigned long&, unsigned char*)
 *fill*         0x00000000080044be        0x2 
 .text._ZN3ros11Subscriber_C2Ev
                0x00000000080044c0       0x20 ./Core/Src/mainpp.o
                0x00000000080044c0                ros::Subscriber_::Subscriber_()
                0x00000000080044c0                ros::Subscriber_::Subscriber_()
 .text._ZN3ros10SubscriberIN8std_msgs5EmptyEvEC2EPKcPFvRKS2_Ei
                0x00000000080044e0       0x48 ./Core/Src/mainpp.o
                0x00000000080044e0                ros::Subscriber<std_msgs::Empty, void>::Subscriber(char const*, void (*)(std_msgs::Empty const&), int)
                0x00000000080044e0                ros::Subscriber<std_msgs::Empty, void>::Subscriber(char const*, void (*)(std_msgs::Empty const&), int)
 .text._ZN3ros11NodeHandle_I13STM32HardwareLi25ELi25ELi512ELi512EE11getHardwareEv
                0x0000000008004528       0x18 ./Core/Src/mainpp.o
                0x0000000008004528                ros::NodeHandle_<STM32Hardware, 25, 25, 512, 512>::getHardware()
 .text._ZN3ros11NodeHandle_I13STM32HardwareLi25ELi25ELi512ELi512EE8initNodeEv
                0x0000000008004540       0x3a ./Core/Src/mainpp.o
                0x0000000008004540                ros::NodeHandle_<STM32Hardware, 25, 25, 512, 512>::initNode()
 .text._ZN3ros11NodeHandle_I13STM32HardwareLi25ELi25ELi512ELi512EE9advertiseERNS_9PublisherE
                0x000000000800457a       0x60 ./Core/Src/mainpp.o
                0x000000000800457a                ros::NodeHandle_<STM32Hardware, 25, 25, 512, 512>::advertise(ros::Publisher&)
 .text._ZN3ros11NodeHandle_I13STM32HardwareLi25ELi25ELi512ELi512EE9subscribeERNS_11Subscriber_E
                0x00000000080045da       0x56 ./Core/Src/mainpp.o
                0x00000000080045da                ros::NodeHandle_<STM32Hardware, 25, 25, 512, 512>::subscribe(ros::Subscriber_&)
 .text._ZN3ros11NodeHandle_I13STM32HardwareLi25ELi25ELi512ELi512EE8spinOnceEv
                0x0000000008004630      0x3b2 ./Core/Src/mainpp.o
                0x0000000008004630                ros::NodeHandle_<STM32Hardware, 25, 25, 512, 512>::spinOnce()
 .text._ZN3ros11NodeHandle_I13STM32HardwareLi25ELi25ELi512ELi512EE15requestSyncTimeEv
                0x00000000080049e2       0x3c ./Core/Src/mainpp.o
                0x00000000080049e2                ros::NodeHandle_<STM32Hardware, 25, 25, 512, 512>::requestSyncTime()
 .text._ZN3ros11NodeHandle_I13STM32HardwareLi25ELi25ELi512ELi512EE15negotiateTopicsEv
                0x0000000008004a1e      0x1be ./Core/Src/mainpp.o
                0x0000000008004a1e                ros::NodeHandle_<STM32Hardware, 25, 25, 512, 512>::negotiateTopics()
 .text._ZN3ros11NodeHandle_I13STM32HardwareLi25ELi25ELi512ELi512EE8syncTimeEPh
                0x0000000008004bdc       0x98 ./Core/Src/mainpp.o
                0x0000000008004bdc                ros::NodeHandle_<STM32Hardware, 25, 25, 512, 512>::syncTime(unsigned char*)
 .text._ZN3ros11NodeHandle_I13STM32HardwareLi25ELi25ELi512ELi512EE7publishEiPKNS_3MsgE
                0x0000000008004c74      0x128 ./Core/Src/mainpp.o
                0x0000000008004c74                ros::NodeHandle_<STM32Hardware, 25, 25, 512, 512>::publish(int, ros::Msg const*)
 .text._ZN3ros11NodeHandle_I13STM32HardwareLi25ELi25ELi512ELi512EE6setNowERKNS_4TimeE
                0x0000000008004d9c       0x80 ./Core/Src/mainpp.o
                0x0000000008004d9c                ros::NodeHandle_<STM32Hardware, 25, 25, 512, 512>::setNow(ros::Time const&)
 .text._ZN3ros11NodeHandle_I13STM32HardwareLi25ELi25ELi512ELi512EE8logerrorEPKc
                0x0000000008004e1c       0x1c ./Core/Src/mainpp.o
                0x0000000008004e1c                ros::NodeHandle_<STM32Hardware, 25, 25, 512, 512>::logerror(char const*)
 .text._ZN3ros11NodeHandle_I13STM32HardwareLi25ELi25ELi512ELi512EE3logEcPKc
                0x0000000008004e38       0x38 ./Core/Src/mainpp.o
                0x0000000008004e38                ros::NodeHandle_<STM32Hardware, 25, 25, 512, 512>::log(char, char const*)
 .text._Z41__static_initialization_and_destruction_0ii
                0x0000000008004e70       0xbc ./Core/Src/mainpp.o
 .text._ZN3ros10SubscriberIN8std_msgs5EmptyEvE8callbackEPh
                0x0000000008004f2c       0x2a ./Core/Src/mainpp.o
                0x0000000008004f2c                ros::Subscriber<std_msgs::Empty, void>::callback(unsigned char*)
 .text._ZN3ros10SubscriberIN8std_msgs5EmptyEvE15getEndpointTypeEv
                0x0000000008004f56       0x18 ./Core/Src/mainpp.o
                0x0000000008004f56                ros::Subscriber<std_msgs::Empty, void>::getEndpointType()
 .text._ZN3ros10SubscriberIN8std_msgs5EmptyEvE10getMsgTypeEv
                0x0000000008004f6e       0x1c ./Core/Src/mainpp.o
                0x0000000008004f6e                ros::Subscriber<std_msgs::Empty, void>::getMsgType()
 .text._ZN3ros10SubscriberIN8std_msgs5EmptyEvE9getMsgMD5Ev
                0x0000000008004f8a       0x1c ./Core/Src/mainpp.o
                0x0000000008004f8a                ros::Subscriber<std_msgs::Empty, void>::getMsgMD5()
 .text._ZN3ros11NodeHandle_I13STM32HardwareLi25ELi25ELi512ELi512EE9connectedEv
                0x0000000008004fa6       0x1a ./Core/Src/mainpp.o
                0x0000000008004fa6                ros::NodeHandle_<STM32Hardware, 25, 25, 512, 512>::connected()
 .text._GLOBAL__sub_I_nh
                0x0000000008004fc0       0x10 ./Core/Src/mainpp.o
 .text.HAL_MspInit
                0x0000000008004fd0       0x50 ./Core/Src/stm32f4xx_hal_msp.o
                0x0000000008004fd0                HAL_MspInit
 .text.HAL_UART_MspInit
                0x0000000008005020      0x16c ./Core/Src/stm32f4xx_hal_msp.o
                0x0000000008005020                HAL_UART_MspInit
 .text.NMI_Handler
                0x000000000800518c        0x6 ./Core/Src/stm32f4xx_it.o
                0x000000000800518c                NMI_Handler
 .text.HardFault_Handler
                0x0000000008005192        0x6 ./Core/Src/stm32f4xx_it.o
                0x0000000008005192                HardFault_Handler
 .text.MemManage_Handler
                0x0000000008005198        0x6 ./Core/Src/stm32f4xx_it.o
                0x0000000008005198                MemManage_Handler
 .text.BusFault_Handler
                0x000000000800519e        0x6 ./Core/Src/stm32f4xx_it.o
                0x000000000800519e                BusFault_Handler
 .text.UsageFault_Handler
                0x00000000080051a4        0x6 ./Core/Src/stm32f4xx_it.o
                0x00000000080051a4                UsageFault_Handler
 .text.SVC_Handler
                0x00000000080051aa        0xe ./Core/Src/stm32f4xx_it.o
                0x00000000080051aa                SVC_Handler
 .text.DebugMon_Handler
                0x00000000080051b8        0xe ./Core/Src/stm32f4xx_it.o
                0x00000000080051b8                DebugMon_Handler
 .text.PendSV_Handler
                0x00000000080051c6        0xe ./Core/Src/stm32f4xx_it.o
                0x00000000080051c6                PendSV_Handler
 .text.SysTick_Handler
                0x00000000080051d4        0xc ./Core/Src/stm32f4xx_it.o
                0x00000000080051d4                SysTick_Handler
 .text.DMA2_Stream1_IRQHandler
                0x00000000080051e0       0x14 ./Core/Src/stm32f4xx_it.o
                0x00000000080051e0                DMA2_Stream1_IRQHandler
 .text.DMA2_Stream6_IRQHandler
                0x00000000080051f4       0x14 ./Core/Src/stm32f4xx_it.o
                0x00000000080051f4                DMA2_Stream6_IRQHandler
 .text.USART6_IRQHandler
                0x0000000008005208       0x14 ./Core/Src/stm32f4xx_it.o
                0x0000000008005208                USART6_IRQHandler
 .text._sbrk    0x000000000800521c       0x6c ./Core/Src/sysmem.o
                0x000000000800521c                _sbrk
 .text.SystemInit
                0x0000000008005288       0x24 ./Core/Src/system_stm32f4xx.o
                0x0000000008005288                SystemInit
 .text.Reset_Handler
                0x00000000080052ac       0x50 ./Core/Startup/startup_stm32f407vgtx.o
                0x00000000080052ac                Reset_Handler
 .text.Default_Handler
                0x00000000080052fc        0x2 ./Core/Startup/startup_stm32f407vgtx.o
                0x00000000080052fc                RTC_Alarm_IRQHandler
                0x00000000080052fc                HASH_RNG_IRQHandler
                0x00000000080052fc                EXTI2_IRQHandler
                0x00000000080052fc                TIM8_CC_IRQHandler
                0x00000000080052fc                TIM1_CC_IRQHandler
                0x00000000080052fc                DMA2_Stream5_IRQHandler
                0x00000000080052fc                DMA1_Stream5_IRQHandler
                0x00000000080052fc                PVD_IRQHandler
                0x00000000080052fc                SDIO_IRQHandler
                0x00000000080052fc                TAMP_STAMP_IRQHandler
                0x00000000080052fc                CAN2_RX1_IRQHandler
                0x00000000080052fc                EXTI3_IRQHandler
                0x00000000080052fc                TIM8_TRG_COM_TIM14_IRQHandler
                0x00000000080052fc                TIM1_UP_TIM10_IRQHandler
                0x00000000080052fc                TIM8_UP_TIM13_IRQHandler
                0x00000000080052fc                I2C3_ER_IRQHandler
                0x00000000080052fc                EXTI0_IRQHandler
                0x00000000080052fc                I2C2_EV_IRQHandler
                0x00000000080052fc                DMA1_Stream2_IRQHandler
                0x00000000080052fc                CAN1_RX0_IRQHandler
                0x00000000080052fc                FPU_IRQHandler
                0x00000000080052fc                OTG_HS_WKUP_IRQHandler
                0x00000000080052fc                CAN2_SCE_IRQHandler
                0x00000000080052fc                DMA2_Stream2_IRQHandler
                0x00000000080052fc                SPI1_IRQHandler
                0x00000000080052fc                TIM6_DAC_IRQHandler
                0x00000000080052fc                TIM1_BRK_TIM9_IRQHandler
                0x00000000080052fc                DCMI_IRQHandler
                0x00000000080052fc                CAN2_RX0_IRQHandler
                0x00000000080052fc                DMA2_Stream3_IRQHandler
                0x00000000080052fc                USART3_IRQHandler
                0x00000000080052fc                CAN1_RX1_IRQHandler
                0x00000000080052fc                UART5_IRQHandler
                0x00000000080052fc                DMA2_Stream0_IRQHandler
                0x00000000080052fc                TIM4_IRQHandler
                0x00000000080052fc                I2C1_EV_IRQHandler
                0x00000000080052fc                DMA1_Stream6_IRQHandler
                0x00000000080052fc                DMA1_Stream1_IRQHandler
                0x00000000080052fc                UART4_IRQHandler
                0x00000000080052fc                TIM3_IRQHandler
                0x00000000080052fc                RCC_IRQHandler
                0x00000000080052fc                TIM8_BRK_TIM12_IRQHandler
                0x00000000080052fc                Default_Handler
                0x00000000080052fc                EXTI15_10_IRQHandler
                0x00000000080052fc                ADC_IRQHandler
                0x00000000080052fc                DMA1_Stream7_IRQHandler
                0x00000000080052fc                TIM7_IRQHandler
                0x00000000080052fc                CAN2_TX_IRQHandler
                0x00000000080052fc                TIM5_IRQHandler
                0x00000000080052fc                DMA2_Stream7_IRQHandler
                0x00000000080052fc                I2C3_EV_IRQHandler
                0x00000000080052fc                EXTI9_5_IRQHandler
                0x00000000080052fc                RTC_WKUP_IRQHandler
                0x00000000080052fc                ETH_WKUP_IRQHandler
                0x00000000080052fc                SPI2_IRQHandler
                0x00000000080052fc                OTG_HS_EP1_IN_IRQHandler
                0x00000000080052fc                DMA1_Stream0_IRQHandler
                0x00000000080052fc                CAN1_TX_IRQHandler
                0x00000000080052fc                EXTI4_IRQHandler
                0x00000000080052fc                FSMC_IRQHandler
                0x00000000080052fc                ETH_IRQHandler
                0x00000000080052fc                OTG_HS_EP1_OUT_IRQHandler
                0x00000000080052fc                WWDG_IRQHandler
                0x00000000080052fc                TIM2_IRQHandler
                0x00000000080052fc                OTG_FS_WKUP_IRQHandler
                0x00000000080052fc                TIM1_TRG_COM_TIM11_IRQHandler
                0x00000000080052fc                OTG_HS_IRQHandler
                0x00000000080052fc                EXTI1_IRQHandler
                0x00000000080052fc                USART2_IRQHandler
                0x00000000080052fc                I2C2_ER_IRQHandler
                0x00000000080052fc                CAN1_SCE_IRQHandler
                0x00000000080052fc                FLASH_IRQHandler
                0x00000000080052fc                DMA2_Stream4_IRQHandler
                0x00000000080052fc                USART1_IRQHandler
                0x00000000080052fc                OTG_FS_IRQHandler
                0x00000000080052fc                SPI3_IRQHandler
                0x00000000080052fc                DMA1_Stream4_IRQHandler
                0x00000000080052fc                I2C1_ER_IRQHandler
                0x00000000080052fc                DMA1_Stream3_IRQHandler
 *fill*         0x00000000080052fe        0x2 
 .text.HAL_Init
                0x0000000008005300       0x44 ./Drivers/STM32F4xx_HAL_Driver/Src/stm32f4xx_hal.o
                0x0000000008005300                HAL_Init
 .text.HAL_InitTick
                0x0000000008005344       0x60 ./Drivers/STM32F4xx_HAL_Driver/Src/stm32f4xx_hal.o
                0x0000000008005344                HAL_InitTick
 .text.HAL_IncTick
                0x00000000080053a4       0x28 ./Drivers/STM32F4xx_HAL_Driver/Src/stm32f4xx_hal.o
                0x00000000080053a4                HAL_IncTick
 .text.HAL_GetTick
                0x00000000080053cc       0x18 ./Drivers/STM32F4xx_HAL_Driver/Src/stm32f4xx_hal.o
                0x00000000080053cc                HAL_GetTick
 .text.HAL_Delay
                0x00000000080053e4       0x48 ./Drivers/STM32F4xx_HAL_Driver/Src/stm32f4xx_hal.o
                0x00000000080053e4                HAL_Delay
 .text.__NVIC_SetPriorityGrouping
                0x000000000800542c       0x48 ./Drivers/STM32F4xx_HAL_Driver/Src/stm32f4xx_hal_cortex.o
 .text.__NVIC_GetPriorityGrouping
                0x0000000008005474       0x1c ./Drivers/STM32F4xx_HAL_Driver/Src/stm32f4xx_hal_cortex.o
 .text.__NVIC_EnableIRQ
                0x0000000008005490       0x3c ./Drivers/STM32F4xx_HAL_Driver/Src/stm32f4xx_hal_cortex.o
 .text.__NVIC_SetPriority
                0x00000000080054cc       0x54 ./Drivers/STM32F4xx_HAL_Driver/Src/stm32f4xx_hal_cortex.o
 .text.NVIC_EncodePriority
                0x0000000008005520       0x66 ./Drivers/STM32F4xx_HAL_Driver/Src/stm32f4xx_hal_cortex.o
 *fill*         0x0000000008005586        0x2 
 .text.SysTick_Config
                0x0000000008005588       0x44 ./Drivers/STM32F4xx_HAL_Driver/Src/stm32f4xx_hal_cortex.o
 .text.HAL_NVIC_SetPriorityGrouping
                0x00000000080055cc       0x16 ./Drivers/STM32F4xx_HAL_Driver/Src/stm32f4xx_hal_cortex.o
                0x00000000080055cc                HAL_NVIC_SetPriorityGrouping
 .text.HAL_NVIC_SetPriority
                0x00000000080055e2       0x38 ./Drivers/STM32F4xx_HAL_Driver/Src/stm32f4xx_hal_cortex.o
                0x00000000080055e2                HAL_NVIC_SetPriority
 .text.HAL_NVIC_EnableIRQ
                0x000000000800561a       0x1c ./Drivers/STM32F4xx_HAL_Driver/Src/stm32f4xx_hal_cortex.o
                0x000000000800561a                HAL_NVIC_EnableIRQ
 .text.HAL_SYSTICK_Config
                0x0000000008005636       0x18 ./Drivers/STM32F4xx_HAL_Driver/Src/stm32f4xx_hal_cortex.o
                0x0000000008005636                HAL_SYSTICK_Config
 *fill*         0x000000000800564e        0x2 
 .text.HAL_DMA_Init
                0x0000000008005650      0x15c ./Drivers/STM32F4xx_HAL_Driver/Src/stm32f4xx_hal_dma.o
                0x0000000008005650                HAL_DMA_Init
 .text.HAL_DMA_Start_IT
                0x00000000080057ac       0xb0 ./Drivers/STM32F4xx_HAL_Driver/Src/stm32f4xx_hal_dma.o
                0x00000000080057ac                HAL_DMA_Start_IT
 .text.HAL_DMA_Abort
                0x000000000800585c       0xe0 ./Drivers/STM32F4xx_HAL_Driver/Src/stm32f4xx_hal_dma.o
                0x000000000800585c                HAL_DMA_Abort
 .text.HAL_DMA_Abort_IT
                0x000000000800593c       0x44 ./Drivers/STM32F4xx_HAL_Driver/Src/stm32f4xx_hal_dma.o
                0x000000000800593c                HAL_DMA_Abort_IT
 .text.HAL_DMA_IRQHandler
                0x0000000008005980      0x314 ./Drivers/STM32F4xx_HAL_Driver/Src/stm32f4xx_hal_dma.o
                0x0000000008005980                HAL_DMA_IRQHandler
 .text.DMA_SetConfig
                0x0000000008005c94       0x5c ./Drivers/STM32F4xx_HAL_Driver/Src/stm32f4xx_hal_dma.o
 .text.DMA_CalcBaseAndBitshift
                0x0000000008005cf0       0x6c ./Drivers/STM32F4xx_HAL_Driver/Src/stm32f4xx_hal_dma.o
 .text.DMA_CheckFifoParam
                0x0000000008005d5c       0xf8 ./Drivers/STM32F4xx_HAL_Driver/Src/stm32f4xx_hal_dma.o
 .text.HAL_GPIO_Init
                0x0000000008005e54      0x338 ./Drivers/STM32F4xx_HAL_Driver/Src/stm32f4xx_hal_gpio.o
                0x0000000008005e54                HAL_GPIO_Init
 .text.HAL_GPIO_WritePin
                0x000000000800618c       0x32 ./Drivers/STM32F4xx_HAL_Driver/Src/stm32f4xx_hal_gpio.o
                0x000000000800618c                HAL_GPIO_WritePin
 .text.HAL_GPIO_TogglePin
                0x00000000080061be       0x34 ./Drivers/STM32F4xx_HAL_Driver/Src/stm32f4xx_hal_gpio.o
                0x00000000080061be                HAL_GPIO_TogglePin
 *fill*         0x00000000080061f2        0x2 
 .text.HAL_RCC_OscConfig
                0x00000000080061f4      0x4f0 ./Drivers/STM32F4xx_HAL_Driver/Src/stm32f4xx_hal_rcc.o
                0x00000000080061f4                HAL_RCC_OscConfig
 .text.HAL_RCC_ClockConfig
                0x00000000080066e4      0x1cc ./Drivers/STM32F4xx_HAL_Driver/Src/stm32f4xx_hal_rcc.o
                0x00000000080066e4                HAL_RCC_ClockConfig
 .text.HAL_RCC_GetSysClockFreq
                0x00000000080068b0      0x20c ./Drivers/STM32F4xx_HAL_Driver/Src/stm32f4xx_hal_rcc.o
                0x00000000080068b0                HAL_RCC_GetSysClockFreq
 .text.HAL_RCC_GetHCLKFreq
                0x0000000008006abc       0x18 ./Drivers/STM32F4xx_HAL_Driver/Src/stm32f4xx_hal_rcc.o
                0x0000000008006abc                HAL_RCC_GetHCLKFreq
 .text.HAL_RCC_GetPCLK1Freq
                0x0000000008006ad4       0x28 ./Drivers/STM32F4xx_HAL_Driver/Src/stm32f4xx_hal_rcc.o
                0x0000000008006ad4                HAL_RCC_GetPCLK1Freq
 .text.HAL_RCC_GetPCLK2Freq
                0x0000000008006afc       0x28 ./Drivers/STM32F4xx_HAL_Driver/Src/stm32f4xx_hal_rcc.o
                0x0000000008006afc                HAL_RCC_GetPCLK2Freq
 .text.HAL_UART_Init
                0x0000000008006b24       0xa0 ./Drivers/STM32F4xx_HAL_Driver/Src/stm32f4xx_hal_uart.o
                0x0000000008006b24                HAL_UART_Init
 .text.HAL_UART_Transmit_DMA
                0x0000000008006bc4       0xe0 ./Drivers/STM32F4xx_HAL_Driver/Src/stm32f4xx_hal_uart.o
                0x0000000008006bc4                HAL_UART_Transmit_DMA
 .text.HAL_UART_Receive_DMA
                0x0000000008006ca4       0x4a ./Drivers/STM32F4xx_HAL_Driver/Src/stm32f4xx_hal_uart.o
                0x0000000008006ca4                HAL_UART_Receive_DMA
 *fill*         0x0000000008006cee        0x2 
 .text.HAL_UART_IRQHandler
                0x0000000008006cf0      0x524 ./Drivers/STM32F4xx_HAL_Driver/Src/stm32f4xx_hal_uart.o
                0x0000000008006cf0                HAL_UART_IRQHandler
 .text.HAL_UART_TxHalfCpltCallback
                0x0000000008007214       0x14 ./Drivers/STM32F4xx_HAL_Driver/Src/stm32f4xx_hal_uart.o
                0x0000000008007214                HAL_UART_TxHalfCpltCallback
 .text.HAL_UART_RxHalfCpltCallback
                0x0000000008007228       0x14 ./Drivers/STM32F4xx_HAL_Driver/Src/stm32f4xx_hal_uart.o
                0x0000000008007228                HAL_UART_RxHalfCpltCallback
 .text.HAL_UART_ErrorCallback
                0x000000000800723c       0x14 ./Drivers/STM32F4xx_HAL_Driver/Src/stm32f4xx_hal_uart.o
                0x000000000800723c                HAL_UART_ErrorCallback
 .text.HAL_UARTEx_RxEventCallback
                0x0000000008007250       0x18 ./Drivers/STM32F4xx_HAL_Driver/Src/stm32f4xx_hal_uart.o
                0x0000000008007250                HAL_UARTEx_RxEventCallback
 .text.UART_DMATransmitCplt
                0x0000000008007268       0x9a ./Drivers/STM32F4xx_HAL_Driver/Src/stm32f4xx_hal_uart.o
 .text.UART_DMATxHalfCplt
                0x0000000008007302       0x1c ./Drivers/STM32F4xx_HAL_Driver/Src/stm32f4xx_hal_uart.o
 .text.UART_DMAReceiveCplt
                0x000000000800731e      0x12c ./Drivers/STM32F4xx_HAL_Driver/Src/stm32f4xx_hal_uart.o
 .text.UART_DMARxHalfCplt
                0x000000000800744a       0x3c ./Drivers/STM32F4xx_HAL_Driver/Src/stm32f4xx_hal_uart.o
 .text.UART_DMAError
                0x0000000008007486       0x94 ./Drivers/STM32F4xx_HAL_Driver/Src/stm32f4xx_hal_uart.o
 *fill*         0x000000000800751a        0x2 
 .text.UART_Start_Receive_DMA
                0x000000000800751c      0x134 ./Drivers/STM32F4xx_HAL_Driver/Src/stm32f4xx_hal_uart.o
                0x000000000800751c                UART_Start_Receive_DMA
 .text.UART_EndTxTransfer
                0x0000000008007650       0x50 ./Drivers/STM32F4xx_HAL_Driver/Src/stm32f4xx_hal_uart.o
 .text.UART_EndRxTransfer
                0x00000000080076a0       0xc6 ./Drivers/STM32F4xx_HAL_Driver/Src/stm32f4xx_hal_uart.o
 .text.UART_DMAAbortOnError
                0x0000000008007766       0x28 ./Drivers/STM32F4xx_HAL_Driver/Src/stm32f4xx_hal_uart.o
 .text.UART_Transmit_IT
                0x000000000800778e       0xa0 ./Drivers/STM32F4xx_HAL_Driver/Src/stm32f4xx_hal_uart.o
 .text.UART_EndTransmit_IT
                0x000000000800782e       0x30 ./Drivers/STM32F4xx_HAL_Driver/Src/stm32f4xx_hal_uart.o
 .text.UART_Receive_IT
                0x000000000800785e      0x17c ./Drivers/STM32F4xx_HAL_Driver/Src/stm32f4xx_hal_uart.o
 *fill*         0x00000000080079da        0x2 
 .text.UART_SetConfig
                0x00000000080079dc      0x4e8 ./Drivers/STM32F4xx_HAL_Driver/Src/stm32f4xx_hal_uart.o
 .text.realloc  0x0000000008007ec4       0x10 C:/ST/STM32CubeIDE_1.14.1/STM32CubeIDE/plugins/com.st.stm32cube.ide.mcu.externaltools.gnu-tools-for-stm32.11.3.rel1.win32_1.1.100.202309141235/tools/bin/../lib/gcc/arm-none-eabi/11.3.1/../../../../arm-none-eabi/lib/thumb/v7e-m+fp/hard\libc_nano.a(libc_a-realloc.o)
                0x0000000008007ec4                realloc
 .text._realloc_r
                0x0000000008007ed4       0x5e C:/ST/STM32CubeIDE_1.14.1/STM32CubeIDE/plugins/com.st.stm32cube.ide.mcu.externaltools.gnu-tools-for-stm32.11.3.rel1.win32_1.1.100.202309141235/tools/bin/../lib/gcc/arm-none-eabi/11.3.1/../../../../arm-none-eabi/lib/thumb/v7e-m+fp/hard\libc_nano.a(libc_a-reallocr.o)
                0x0000000008007ed4                _realloc_r
 .text.memset   0x0000000008007f32       0x10 C:/ST/STM32CubeIDE_1.14.1/STM32CubeIDE/plugins/com.st.stm32cube.ide.mcu.externaltools.gnu-tools-for-stm32.11.3.rel1.win32_1.1.100.202309141235/tools/bin/../lib/gcc/arm-none-eabi/11.3.1/../../../../arm-none-eabi/lib/thumb/v7e-m+fp/hard\libc_nano.a(libc_a-memset.o)
                0x0000000008007f32                memset
 *fill*         0x0000000008007f42        0x2 
 .text.__errno  0x0000000008007f44        0xc C:/ST/STM32CubeIDE_1.14.1/STM32CubeIDE/plugins/com.st.stm32cube.ide.mcu.externaltools.gnu-tools-for-stm32.11.3.rel1.win32_1.1.100.202309141235/tools/bin/../lib/gcc/arm-none-eabi/11.3.1/../../../../arm-none-eabi/lib/thumb/v7e-m+fp/hard\libc_nano.a(libc_a-errno.o)
                0x0000000008007f44                __errno
 .text.__libc_init_array
                0x0000000008007f50       0x48 C:/ST/STM32CubeIDE_1.14.1/STM32CubeIDE/plugins/com.st.stm32cube.ide.mcu.externaltools.gnu-tools-for-stm32.11.3.rel1.win32_1.1.100.202309141235/tools/bin/../lib/gcc/arm-none-eabi/11.3.1/../../../../arm-none-eabi/lib/thumb/v7e-m+fp/hard\libc_nano.a(libc_a-init.o)
                0x0000000008007f50                __libc_init_array
 .text.__retarget_lock_acquire_recursive
                0x0000000008007f98        0x2 C:/ST/STM32CubeIDE_1.14.1/STM32CubeIDE/plugins/com.st.stm32cube.ide.mcu.externaltools.gnu-tools-for-stm32.11.3.rel1.win32_1.1.100.202309141235/tools/bin/../lib/gcc/arm-none-eabi/11.3.1/../../../../arm-none-eabi/lib/thumb/v7e-m+fp/hard\libc_nano.a(libc_a-lock.o)
                0x0000000008007f98                __retarget_lock_acquire_recursive
 .text.__retarget_lock_release_recursive
                0x0000000008007f9a        0x2 C:/ST/STM32CubeIDE_1.14.1/STM32CubeIDE/plugins/com.st.stm32cube.ide.mcu.externaltools.gnu-tools-for-stm32.11.3.rel1.win32_1.1.100.202309141235/tools/bin/../lib/gcc/arm-none-eabi/11.3.1/../../../../arm-none-eabi/lib/thumb/v7e-m+fp/hard\libc_nano.a(libc_a-lock.o)
                0x0000000008007f9a                __retarget_lock_release_recursive
 .text.memcpy   0x0000000008007f9c       0x1c C:/ST/STM32CubeIDE_1.14.1/STM32CubeIDE/plugins/com.st.stm32cube.ide.mcu.externaltools.gnu-tools-for-stm32.11.3.rel1.win32_1.1.100.202309141235/tools/bin/../lib/gcc/arm-none-eabi/11.3.1/../../../../arm-none-eabi/lib/thumb/v7e-m+fp/hard\libc_nano.a(libc_a-memcpy-stub.o)
                0x0000000008007f9c                memcpy
 .text._free_r  0x0000000008007fb8       0x98 C:/ST/STM32CubeIDE_1.14.1/STM32CubeIDE/plugins/com.st.stm32cube.ide.mcu.externaltools.gnu-tools-for-stm32.11.3.rel1.win32_1.1.100.202309141235/tools/bin/../lib/gcc/arm-none-eabi/11.3.1/../../../../arm-none-eabi/lib/thumb/v7e-m+fp/hard\libc_nano.a(libc_a-freer.o)
                0x0000000008007fb8                _free_r
 .text.sbrk_aligned
                0x0000000008008050       0x40 C:/ST/STM32CubeIDE_1.14.1/STM32CubeIDE/plugins/com.st.stm32cube.ide.mcu.externaltools.gnu-tools-for-stm32.11.3.rel1.win32_1.1.100.202309141235/tools/bin/../lib/gcc/arm-none-eabi/11.3.1/../../../../arm-none-eabi/lib/thumb/v7e-m+fp/hard\libc_nano.a(libc_a-mallocr.o)
 .text._malloc_r
                0x0000000008008090      0x100 C:/ST/STM32CubeIDE_1.14.1/STM32CubeIDE/plugins/com.st.stm32cube.ide.mcu.externaltools.gnu-tools-for-stm32.11.3.rel1.win32_1.1.100.202309141235/tools/bin/../lib/gcc/arm-none-eabi/11.3.1/../../../../arm-none-eabi/lib/thumb/v7e-m+fp/hard\libc_nano.a(libc_a-mallocr.o)
                0x0000000008008090                _malloc_r
 .text.__malloc_lock
                0x0000000008008190        0xc C:/ST/STM32CubeIDE_1.14.1/STM32CubeIDE/plugins/com.st.stm32cube.ide.mcu.externaltools.gnu-tools-for-stm32.11.3.rel1.win32_1.1.100.202309141235/tools/bin/../lib/gcc/arm-none-eabi/11.3.1/../../../../arm-none-eabi/lib/thumb/v7e-m+fp/hard\libc_nano.a(libc_a-mlock.o)
                0x0000000008008190                __malloc_lock
 .text.__malloc_unlock
                0x000000000800819c        0xc C:/ST/STM32CubeIDE_1.14.1/STM32CubeIDE/plugins/com.st.stm32cube.ide.mcu.externaltools.gnu-tools-for-stm32.11.3.rel1.win32_1.1.100.202309141235/tools/bin/../lib/gcc/arm-none-eabi/11.3.1/../../../../arm-none-eabi/lib/thumb/v7e-m+fp/hard\libc_nano.a(libc_a-mlock.o)
                0x000000000800819c                __malloc_unlock
 .text._malloc_usable_size_r
                0x00000000080081a8       0x10 C:/ST/STM32CubeIDE_1.14.1/STM32CubeIDE/plugins/com.st.stm32cube.ide.mcu.externaltools.gnu-tools-for-stm32.11.3.rel1.win32_1.1.100.202309141235/tools/bin/../lib/gcc/arm-none-eabi/11.3.1/../../../../arm-none-eabi/lib/thumb/v7e-m+fp/hard\libc_nano.a(libc_a-msizer.o)
                0x00000000080081a8                _malloc_usable_size_r
 .text._sbrk_r  0x00000000080081b8       0x20 C:/ST/STM32CubeIDE_1.14.1/STM32CubeIDE/plugins/com.st.stm32cube.ide.mcu.externaltools.gnu-tools-for-stm32.11.3.rel1.win32_1.1.100.202309141235/tools/bin/../lib/gcc/arm-none-eabi/11.3.1/../../../../arm-none-eabi/lib/thumb/v7e-m+fp/hard\libc_nano.a(libc_a-sbrkr.o)
                0x00000000080081b8                _sbrk_r
 *(.glue_7)
 .glue_7        0x00000000080081d8        0x0 linker stubs
 *(.glue_7t)
 .glue_7t       0x00000000080081d8        0x0 linker stubs
 *(.eh_frame)
 .eh_frame      0x00000000080081d8        0x0 C:/ST/STM32CubeIDE_1.14.1/STM32CubeIDE/plugins/com.st.stm32cube.ide.mcu.externaltools.gnu-tools-for-stm32.11.3.rel1.win32_1.1.100.202309141235/tools/bin/../lib/gcc/arm-none-eabi/11.3.1/thumb/v7e-m+fp/hard/crtbegin.o
 *(.init)
 .init          0x00000000080081d8        0x4 C:/ST/STM32CubeIDE_1.14.1/STM32CubeIDE/plugins/com.st.stm32cube.ide.mcu.externaltools.gnu-tools-for-stm32.11.3.rel1.win32_1.1.100.202309141235/tools/bin/../lib/gcc/arm-none-eabi/11.3.1/thumb/v7e-m+fp/hard/crti.o
                0x00000000080081d8                _init
 .init          0x00000000080081dc        0x8 C:/ST/STM32CubeIDE_1.14.1/STM32CubeIDE/plugins/com.st.stm32cube.ide.mcu.externaltools.gnu-tools-for-stm32.11.3.rel1.win32_1.1.100.202309141235/tools/bin/../lib/gcc/arm-none-eabi/11.3.1/thumb/v7e-m+fp/hard/crtn.o
 *(.fini)
 .fini          0x00000000080081e4        0x4 C:/ST/STM32CubeIDE_1.14.1/STM32CubeIDE/plugins/com.st.stm32cube.ide.mcu.externaltools.gnu-tools-for-stm32.11.3.rel1.win32_1.1.100.202309141235/tools/bin/../lib/gcc/arm-none-eabi/11.3.1/thumb/v7e-m+fp/hard/crti.o
                0x00000000080081e4                _fini
 .fini          0x00000000080081e8        0x8 C:/ST/STM32CubeIDE_1.14.1/STM32CubeIDE/plugins/com.st.stm32cube.ide.mcu.externaltools.gnu-tools-for-stm32.11.3.rel1.win32_1.1.100.202309141235/tools/bin/../lib/gcc/arm-none-eabi/11.3.1/thumb/v7e-m+fp/hard/crtn.o
                0x00000000080081f0                . = ALIGN (0x4)
                0x00000000080081f0                _etext = .

.vfp11_veneer   0x00000000080081f0        0x0
 .vfp11_veneer  0x00000000080081f0        0x0 linker stubs

.v4_bx          0x00000000080081f0        0x0
 .v4_bx         0x00000000080081f0        0x0 linker stubs

.iplt           0x00000000080081f0        0x0
 .iplt          0x00000000080081f0        0x0 C:/ST/STM32CubeIDE_1.14.1/STM32CubeIDE/plugins/com.st.stm32cube.ide.mcu.externaltools.gnu-tools-for-stm32.11.3.rel1.win32_1.1.100.202309141235/tools/bin/../lib/gcc/arm-none-eabi/11.3.1/thumb/v7e-m+fp/hard/crtbegin.o

.rodata         0x00000000080081f0      0x4b8
                0x00000000080081f0                . = ALIGN (0x4)
 *(.rodata)
 .rodata        0x00000000080081f0      0x2eb ./Core/Src/mainpp.o
 *(.rodata*)
 *fill*         0x00000000080084db        0x1 
 .rodata._ZN14rosserial_msgsL12REQUESTPARAME
                0x00000000080084dc       0x1c ./Core/Src/mainpp.o
 .rodata._ZTVN3ros10SubscriberIN8std_msgs5EmptyEvEE
                0x00000000080084f8       0x18 ./Core/Src/mainpp.o
                0x00000000080084f8                vtable for ros::Subscriber<std_msgs::Empty, void>
 .rodata._ZTVN3ros11NodeHandle_I13STM32HardwareLi25ELi25ELi512ELi512EEE
                0x0000000008008510       0x14 ./Core/Src/mainpp.o
                0x0000000008008510                vtable for ros::NodeHandle_<STM32Hardware, 25, 25, 512, 512>
 .rodata._ZTVN11sensor_msgs3ImuE
                0x0000000008008524       0x18 ./Core/Src/mainpp.o
                0x0000000008008524                vtable for sensor_msgs::Imu
 .rodata._ZTVN13geometry_msgs10QuaternionE
                0x000000000800853c       0x18 ./Core/Src/mainpp.o
                0x000000000800853c                vtable for geometry_msgs::Quaternion
 .rodata._ZTVN8std_msgs6HeaderE
                0x0000000008008554       0x18 ./Core/Src/mainpp.o
                0x0000000008008554                vtable for std_msgs::Header
 .rodata._ZTVN13geometry_msgs5TwistE
                0x000000000800856c       0x18 ./Core/Src/mainpp.o
                0x000000000800856c                vtable for geometry_msgs::Twist
 .rodata._ZTVN13geometry_msgs7Vector3E
                0x0000000008008584       0x18 ./Core/Src/mainpp.o
                0x0000000008008584                vtable for geometry_msgs::Vector3
 .rodata._ZTVN8std_msgs6StringE
                0x000000000800859c       0x18 ./Core/Src/mainpp.o
                0x000000000800859c                vtable for std_msgs::String
 .rodata._ZTVN8std_msgs5EmptyE
                0x00000000080085b4       0x18 ./Core/Src/mainpp.o
                0x00000000080085b4                vtable for std_msgs::Empty
 .rodata._ZTVN8std_msgs5Int32E
                0x00000000080085cc       0x18 ./Core/Src/mainpp.o
                0x00000000080085cc                vtable for std_msgs::Int32
 .rodata._ZTVN3ros11Subscriber_E
                0x00000000080085e4       0x18 ./Core/Src/mainpp.o
                0x00000000080085e4                vtable for ros::Subscriber_
 .rodata._ZTVN3ros15NodeHandleBase_E
                0x00000000080085fc       0x14 ./Core/Src/mainpp.o
                0x00000000080085fc                vtable for ros::NodeHandleBase_
 .rodata._ZTVN14rosserial_msgs20RequestParamResponseE
                0x0000000008008610       0x18 ./Core/Src/mainpp.o
                0x0000000008008610                vtable for rosserial_msgs::RequestParamResponse
 .rodata._ZTVN14rosserial_msgs3LogE
                0x0000000008008628       0x18 ./Core/Src/mainpp.o
                0x0000000008008628                vtable for rosserial_msgs::Log
 .rodata._ZTVN14rosserial_msgs9TopicInfoE
                0x0000000008008640       0x18 ./Core/Src/mainpp.o
                0x0000000008008640                vtable for rosserial_msgs::TopicInfo
 .rodata._ZTVN8std_msgs4TimeE
                0x0000000008008658       0x18 ./Core/Src/mainpp.o
                0x0000000008008658                vtable for std_msgs::Time
 .rodata._ZTVN3ros3MsgE
                0x0000000008008670       0x18 ./Core/Src/mainpp.o
                0x0000000008008670                vtable for ros::Msg
 .rodata.AHBPrescTable
                0x0000000008008688       0x10 ./Core/Src/system_stm32f4xx.o
                0x0000000008008688                AHBPrescTable
 .rodata.APBPrescTable
                0x0000000008008698        0x8 ./Core/Src/system_stm32f4xx.o
                0x0000000008008698                APBPrescTable
 .rodata.flagBitshiftOffset.0
                0x00000000080086a0        0x8 ./Drivers/STM32F4xx_HAL_Driver/Src/stm32f4xx_hal_dma.o
                0x00000000080086a8                . = ALIGN (0x4)

.ARM.extab      0x00000000080086a8        0x0
                0x00000000080086a8                . = ALIGN (0x4)
 *(.ARM.extab* .gnu.linkonce.armextab.*)
                0x00000000080086a8                . = ALIGN (0x4)

.ARM            0x00000000080086a8        0x8
                0x00000000080086a8                . = ALIGN (0x4)
                0x00000000080086a8                __exidx_start = .
 *(.ARM.exidx*)
 .ARM.exidx     0x00000000080086a8        0x8 C:/ST/STM32CubeIDE_1.14.1/STM32CubeIDE/plugins/com.st.stm32cube.ide.mcu.externaltools.gnu-tools-for-stm32.11.3.rel1.win32_1.1.100.202309141235/tools/bin/../lib/gcc/arm-none-eabi/11.3.1/thumb/v7e-m+fp/hard\libgcc.a(_udivmoddi4.o)
                0x00000000080086b0                __exidx_end = .
                0x00000000080086b0                . = ALIGN (0x4)

.rel.dyn        0x00000000080086b0        0x0
 .rel.iplt      0x00000000080086b0        0x0 C:/ST/STM32CubeIDE_1.14.1/STM32CubeIDE/plugins/com.st.stm32cube.ide.mcu.externaltools.gnu-tools-for-stm32.11.3.rel1.win32_1.1.100.202309141235/tools/bin/../lib/gcc/arm-none-eabi/11.3.1/thumb/v7e-m+fp/hard/crtbegin.o

.preinit_array  0x00000000080086b0        0x0
                0x00000000080086b0                . = ALIGN (0x4)
                0x00000000080086b0                PROVIDE (__preinit_array_start = .)
 *(.preinit_array*)
                0x00000000080086b0                PROVIDE (__preinit_array_end = .)
                0x00000000080086b0                . = ALIGN (0x4)

.init_array     0x00000000080086b0        0x8
                0x00000000080086b0                . = ALIGN (0x4)
                0x00000000080086b0                PROVIDE (__init_array_start = .)
 *(SORT_BY_NAME(.init_array.*))
 *(.init_array*)
 .init_array    0x00000000080086b0        0x4 C:/ST/STM32CubeIDE_1.14.1/STM32CubeIDE/plugins/com.st.stm32cube.ide.mcu.externaltools.gnu-tools-for-stm32.11.3.rel1.win32_1.1.100.202309141235/tools/bin/../lib/gcc/arm-none-eabi/11.3.1/thumb/v7e-m+fp/hard/crtbegin.o
 .init_array    0x00000000080086b4        0x4 ./Core/Src/mainpp.o
                0x00000000080086b8                PROVIDE (__init_array_end = .)
                0x00000000080086b8                . = ALIGN (0x4)

.fini_array     0x00000000080086b8        0x4
                0x00000000080086b8                . = ALIGN (0x4)
                [!provide]                        PROVIDE (__fini_array_start = .)
 *(SORT_BY_NAME(.fini_array.*))
 *(.fini_array*)
 .fini_array    0x00000000080086b8        0x4 C:/ST/STM32CubeIDE_1.14.1/STM32CubeIDE/plugins/com.st.stm32cube.ide.mcu.externaltools.gnu-tools-for-stm32.11.3.rel1.win32_1.1.100.202309141235/tools/bin/../lib/gcc/arm-none-eabi/11.3.1/thumb/v7e-m+fp/hard/crtbegin.o
                [!provide]                        PROVIDE (__fini_array_end = .)
                0x00000000080086bc                . = ALIGN (0x4)
                0x00000000080086bc                _sidata = LOADADDR (.data)

.data           0x0000000020000000       0x68 load address 0x00000000080086bc
                0x0000000020000000                . = ALIGN (0x4)
                0x0000000020000000                _sdata = .
 *(.data)
 *(.data*)
 .data.hello    0x0000000020000000        0xc ./Core/Src/mainpp.o
                0x0000000020000000                hello
 .data.SystemCoreClock
                0x000000002000000c        0x4 ./Core/Src/system_stm32f4xx.o
                0x000000002000000c                SystemCoreClock
 .data.uwTickPrio
                0x0000000020000010        0x4 ./Drivers/STM32F4xx_HAL_Driver/Src/stm32f4xx_hal.o
                0x0000000020000010                uwTickPrio
 .data.uwTickFreq
                0x0000000020000014        0x1 ./Drivers/STM32F4xx_HAL_Driver/Src/stm32f4xx_hal.o
                0x0000000020000014                uwTickFreq
 *fill*         0x0000000020000015        0x3 
 .data._impure_data
                0x0000000020000018       0x4c C:/ST/STM32CubeIDE_1.14.1/STM32CubeIDE/plugins/com.st.stm32cube.ide.mcu.externaltools.gnu-tools-for-stm32.11.3.rel1.win32_1.1.100.202309141235/tools/bin/../lib/gcc/arm-none-eabi/11.3.1/../../../../arm-none-eabi/lib/thumb/v7e-m+fp/hard\libc_nano.a(libc_a-impure.o)
                0x0000000020000018                _impure_data
 .data._impure_ptr
                0x0000000020000064        0x4 C:/ST/STM32CubeIDE_1.14.1/STM32CubeIDE/plugins/com.st.stm32cube.ide.mcu.externaltools.gnu-tools-for-stm32.11.3.rel1.win32_1.1.100.202309141235/tools/bin/../lib/gcc/arm-none-eabi/11.3.1/../../../../arm-none-eabi/lib/thumb/v7e-m+fp/hard\libc_nano.a(libc_a-impure.o)
                0x0000000020000064                _impure_ptr
 *(.RamFunc)
 *(.RamFunc*)
                0x0000000020000068                . = ALIGN (0x4)
                0x0000000020000068                _edata = .
                0x0000000008008724                _siccmram = LOADADDR (.ccmram)

.igot.plt       0x0000000020000068        0x0 load address 0x0000000008008724
 .igot.plt      0x0000000020000068        0x0 C:/ST/STM32CubeIDE_1.14.1/STM32CubeIDE/plugins/com.st.stm32cube.ide.mcu.externaltools.gnu-tools-for-stm32.11.3.rel1.win32_1.1.100.202309141235/tools/bin/../lib/gcc/arm-none-eabi/11.3.1/thumb/v7e-m+fp/hard/crtbegin.o

.ccmram         0x0000000010000000        0x0 load address 0x0000000008008724
                0x0000000010000000                . = ALIGN (0x4)
                0x0000000010000000                _sccmram = .
 *(.ccmram)
 *(.ccmram*)
                0x0000000010000000                . = ALIGN (0x4)
                0x0000000010000000                _eccmram = .
                0x0000000010000000                . = ALIGN (0x4)

.bss            0x0000000020000068      0xdd0
                0x0000000020000068                _sbss = .
                0x0000000020000068                __bss_start__ = _sbss
 *(.bss)
 .bss           0x0000000020000068       0x1c C:/ST/STM32CubeIDE_1.14.1/STM32CubeIDE/plugins/com.st.stm32cube.ide.mcu.externaltools.gnu-tools-for-stm32.11.3.rel1.win32_1.1.100.202309141235/tools/bin/../lib/gcc/arm-none-eabi/11.3.1/thumb/v7e-m+fp/hard/crtbegin.o
 *(.bss*)
 .bss.huart6    0x0000000020000084       0x48 ./Core/Src/main.o
                0x0000000020000084                huart6
 .bss.hdma_usart6_rx
                0x00000000200000cc       0x60 ./Core/Src/main.o
                0x00000000200000cc                hdma_usart6_rx
 .bss.hdma_usart6_tx
                0x000000002000012c       0x60 ./Core/Src/main.o
                0x000000002000012c                hdma_usart6_tx
 .bss._ZZN13STM32Hardware5flushEvE5mutex
                0x000000002000018c        0x1 ./Core/Src/mainpp.o
                0x000000002000018c                STM32Hardware::flush()::mutex
 *fill*         0x000000002000018d        0x3 
 .bss.nh        0x0000000020000190      0x93c ./Core/Src/mainpp.o
                0x0000000020000190                nh
 .bss.num_msg   0x0000000020000acc        0x8 ./Core/Src/mainpp.o
                0x0000000020000acc                num_msg
 .bss.str_msg   0x0000000020000ad4        0x8 ./Core/Src/mainpp.o
                0x0000000020000ad4                str_msg
 *fill*         0x0000000020000adc        0x4 
 .bss.imu       0x0000000020000ae0      0x158 ./Core/Src/mainpp.o
                0x0000000020000ae0                imu
 .bss.vel_msg   0x0000000020000c38       0x48 ./Core/Src/mainpp.o
                0x0000000020000c38                vel_msg
 .bss.num_pub   0x0000000020000c80       0x14 ./Core/Src/mainpp.o
                0x0000000020000c80                num_pub
 .bss.chatter   0x0000000020000c94       0x14 ./Core/Src/mainpp.o
                0x0000000020000c94                chatter
 .bss.vel_pub   0x0000000020000ca8       0x14 ./Core/Src/mainpp.o
                0x0000000020000ca8                vel_pub
 .bss.imu_pub   0x0000000020000cbc       0x14 ./Core/Src/mainpp.o
                0x0000000020000cbc                imu_pub
 .bss.led_sub   0x0000000020000cd0       0x18 ./Core/Src/mainpp.o
                0x0000000020000cd0                led_sub
 .bss.__sbrk_heap_end
                0x0000000020000ce8        0x4 ./Core/Src/sysmem.o
 .bss.uwTick    0x0000000020000cec        0x4 ./Drivers/STM32F4xx_HAL_Driver/Src/stm32f4xx_hal.o
                0x0000000020000cec                uwTick
 .bss.__sf      0x0000000020000cf0      0x138 C:/ST/STM32CubeIDE_1.14.1/STM32CubeIDE/plugins/com.st.stm32cube.ide.mcu.externaltools.gnu-tools-for-stm32.11.3.rel1.win32_1.1.100.202309141235/tools/bin/../lib/gcc/arm-none-eabi/11.3.1/../../../../arm-none-eabi/lib/thumb/v7e-m+fp/hard\libc_nano.a(libc_a-findfp.o)
                0x0000000020000cf0                __sf
 .bss.errno     0x0000000020000e28        0x4 C:/ST/STM32CubeIDE_1.14.1/STM32CubeIDE/plugins/com.st.stm32cube.ide.mcu.externaltools.gnu-tools-for-stm32.11.3.rel1.win32_1.1.100.202309141235/tools/bin/../lib/gcc/arm-none-eabi/11.3.1/../../../../arm-none-eabi/lib/thumb/v7e-m+fp/hard\libc_nano.a(libc_a-reent.o)
                0x0000000020000e28                errno
 .bss.__lock___malloc_recursive_mutex
                0x0000000020000e2c        0x1 C:/ST/STM32CubeIDE_1.14.1/STM32CubeIDE/plugins/com.st.stm32cube.ide.mcu.externaltools.gnu-tools-for-stm32.11.3.rel1.win32_1.1.100.202309141235/tools/bin/../lib/gcc/arm-none-eabi/11.3.1/../../../../arm-none-eabi/lib/thumb/v7e-m+fp/hard\libc_nano.a(libc_a-lock.o)
                0x0000000020000e2c                __lock___malloc_recursive_mutex
 *fill*         0x0000000020000e2d        0x3 
 .bss.__malloc_free_list
                0x0000000020000e30        0x4 C:/ST/STM32CubeIDE_1.14.1/STM32CubeIDE/plugins/com.st.stm32cube.ide.mcu.externaltools.gnu-tools-for-stm32.11.3.rel1.win32_1.1.100.202309141235/tools/bin/../lib/gcc/arm-none-eabi/11.3.1/../../../../arm-none-eabi/lib/thumb/v7e-m+fp/hard\libc_nano.a(libc_a-mallocr.o)
                0x0000000020000e30                __malloc_free_list
 .bss.__malloc_sbrk_start
                0x0000000020000e34        0x4 C:/ST/STM32CubeIDE_1.14.1/STM32CubeIDE/plugins/com.st.stm32cube.ide.mcu.externaltools.gnu-tools-for-stm32.11.3.rel1.win32_1.1.100.202309141235/tools/bin/../lib/gcc/arm-none-eabi/11.3.1/../../../../arm-none-eabi/lib/thumb/v7e-m+fp/hard\libc_nano.a(libc_a-mallocr.o)
                0x0000000020000e34                __malloc_sbrk_start
 *(COMMON)
                0x0000000020000e38                . = ALIGN (0x4)
                0x0000000020000e38                _ebss = .
                0x0000000020000e38                __bss_end__ = _ebss

._user_heap_stack
                0x0000000020000e38      0x600
                0x0000000020000e38                . = ALIGN (0x8)
                [!provide]                        PROVIDE (end = .)
                0x0000000020000e38                PROVIDE (_end = .)
                0x0000000020001038                . = (. + _Min_Heap_Size)
 *fill*         0x0000000020000e38      0x200 
                0x0000000020001438                . = (. + _Min_Stack_Size)
 *fill*         0x0000000020001038      0x400 
                0x0000000020001438                . = ALIGN (0x8)

/DISCARD/
 libc.a(*)
 libm.a(*)
 libgcc.a(*)

.ARM.attributes
                0x0000000000000000       0x30
 *(.ARM.attributes)
 .ARM.attributes
                0x0000000000000000       0x1e C:/ST/STM32CubeIDE_1.14.1/STM32CubeIDE/plugins/com.st.stm32cube.ide.mcu.externaltools.gnu-tools-for-stm32.11.3.rel1.win32_1.1.100.202309141235/tools/bin/../lib/gcc/arm-none-eabi/11.3.1/thumb/v7e-m+fp/hard/crti.o
 .ARM.attributes
                0x000000000000001e       0x34 C:/ST/STM32CubeIDE_1.14.1/STM32CubeIDE/plugins/com.st.stm32cube.ide.mcu.externaltools.gnu-tools-for-stm32.11.3.rel1.win32_1.1.100.202309141235/tools/bin/../lib/gcc/arm-none-eabi/11.3.1/thumb/v7e-m+fp/hard/crtbegin.o
 .ARM.attributes
                0x0000000000000052       0x34 ./Core/Inc/ROS/time.o
 .ARM.attributes
                0x0000000000000086       0x34 ./Core/Src/main.o
 .ARM.attributes
                0x00000000000000ba       0x34 ./Core/Src/mainpp.o
 .ARM.attributes
                0x00000000000000ee       0x34 ./Core/Src/stm32f4xx_hal_msp.o
 .ARM.attributes
                0x0000000000000122       0x34 ./Core/Src/stm32f4xx_it.o
 .ARM.attributes
                0x0000000000000156       0x34 ./Core/Src/sysmem.o
 .ARM.attributes
                0x000000000000018a       0x34 ./Core/Src/system_stm32f4xx.o
 .ARM.attributes
                0x00000000000001be       0x21 ./Core/Startup/startup_stm32f407vgtx.o
 .ARM.attributes
                0x00000000000001df       0x34 ./Drivers/STM32F4xx_HAL_Driver/Src/stm32f4xx_hal.o
 .ARM.attributes
                0x0000000000000213       0x34 ./Drivers/STM32F4xx_HAL_Driver/Src/stm32f4xx_hal_cortex.o
 .ARM.attributes
                0x0000000000000247       0x34 ./Drivers/STM32F4xx_HAL_Driver/Src/stm32f4xx_hal_dma.o
 .ARM.attributes
                0x000000000000027b       0x34 ./Drivers/STM32F4xx_HAL_Driver/Src/stm32f4xx_hal_gpio.o
 .ARM.attributes
                0x00000000000002af       0x34 ./Drivers/STM32F4xx_HAL_Driver/Src/stm32f4xx_hal_rcc.o
 .ARM.attributes
                0x00000000000002e3       0x34 ./Drivers/STM32F4xx_HAL_Driver/Src/stm32f4xx_hal_uart.o
 .ARM.attributes
                0x0000000000000317       0x34 C:/ST/STM32CubeIDE_1.14.1/STM32CubeIDE/plugins/com.st.stm32cube.ide.mcu.externaltools.gnu-tools-for-stm32.11.3.rel1.win32_1.1.100.202309141235/tools/bin/../lib/gcc/arm-none-eabi/11.3.1/../../../../arm-none-eabi/lib/thumb/v7e-m+fp/hard\libc_nano.a(libc_a-realloc.o)
 .ARM.attributes
                0x000000000000034b       0x34 C:/ST/STM32CubeIDE_1.14.1/STM32CubeIDE/plugins/com.st.stm32cube.ide.mcu.externaltools.gnu-tools-for-stm32.11.3.rel1.win32_1.1.100.202309141235/tools/bin/../lib/gcc/arm-none-eabi/11.3.1/../../../../arm-none-eabi/lib/thumb/v7e-m+fp/hard\libc_nano.a(libc_a-reallocr.o)
 .ARM.attributes
                0x000000000000037f       0x34 C:/ST/STM32CubeIDE_1.14.1/STM32CubeIDE/plugins/com.st.stm32cube.ide.mcu.externaltools.gnu-tools-for-stm32.11.3.rel1.win32_1.1.100.202309141235/tools/bin/../lib/gcc/arm-none-eabi/11.3.1/../../../../arm-none-eabi/lib/thumb/v7e-m+fp/hard\libc_nano.a(libc_a-findfp.o)
 .ARM.attributes
                0x00000000000003b3       0x34 C:/ST/STM32CubeIDE_1.14.1/STM32CubeIDE/plugins/com.st.stm32cube.ide.mcu.externaltools.gnu-tools-for-stm32.11.3.rel1.win32_1.1.100.202309141235/tools/bin/../lib/gcc/arm-none-eabi/11.3.1/../../../../arm-none-eabi/lib/thumb/v7e-m+fp/hard\libc_nano.a(libc_a-memset.o)
 .ARM.attributes
                0x00000000000003e7       0x34 C:/ST/STM32CubeIDE_1.14.1/STM32CubeIDE/plugins/com.st.stm32cube.ide.mcu.externaltools.gnu-tools-for-stm32.11.3.rel1.win32_1.1.100.202309141235/tools/bin/../lib/gcc/arm-none-eabi/11.3.1/../../../../arm-none-eabi/lib/thumb/v7e-m+fp/hard\libc_nano.a(libc_a-reent.o)
 .ARM.attributes
                0x000000000000041b       0x34 C:/ST/STM32CubeIDE_1.14.1/STM32CubeIDE/plugins/com.st.stm32cube.ide.mcu.externaltools.gnu-tools-for-stm32.11.3.rel1.win32_1.1.100.202309141235/tools/bin/../lib/gcc/arm-none-eabi/11.3.1/../../../../arm-none-eabi/lib/thumb/v7e-m+fp/hard\libc_nano.a(libc_a-impure.o)
 .ARM.attributes
                0x000000000000044f       0x34 C:/ST/STM32CubeIDE_1.14.1/STM32CubeIDE/plugins/com.st.stm32cube.ide.mcu.externaltools.gnu-tools-for-stm32.11.3.rel1.win32_1.1.100.202309141235/tools/bin/../lib/gcc/arm-none-eabi/11.3.1/../../../../arm-none-eabi/lib/thumb/v7e-m+fp/hard\libc_nano.a(libc_a-errno.o)
 .ARM.attributes
                0x0000000000000483       0x34 C:/ST/STM32CubeIDE_1.14.1/STM32CubeIDE/plugins/com.st.stm32cube.ide.mcu.externaltools.gnu-tools-for-stm32.11.3.rel1.win32_1.1.100.202309141235/tools/bin/../lib/gcc/arm-none-eabi/11.3.1/../../../../arm-none-eabi/lib/thumb/v7e-m+fp/hard\libc_nano.a(libc_a-init.o)
 .ARM.attributes
                0x00000000000004b7       0x34 C:/ST/STM32CubeIDE_1.14.1/STM32CubeIDE/plugins/com.st.stm32cube.ide.mcu.externaltools.gnu-tools-for-stm32.11.3.rel1.win32_1.1.100.202309141235/tools/bin/../lib/gcc/arm-none-eabi/11.3.1/../../../../arm-none-eabi/lib/thumb/v7e-m+fp/hard\libc_nano.a(libc_a-lock.o)
 .ARM.attributes
                0x00000000000004eb       0x34 C:/ST/STM32CubeIDE_1.14.1/STM32CubeIDE/plugins/com.st.stm32cube.ide.mcu.externaltools.gnu-tools-for-stm32.11.3.rel1.win32_1.1.100.202309141235/tools/bin/../lib/gcc/arm-none-eabi/11.3.1/../../../../arm-none-eabi/lib/thumb/v7e-m+fp/hard\libc_nano.a(libc_a-memcpy-stub.o)
 .ARM.attributes
                0x000000000000051f       0x17 C:/ST/STM32CubeIDE_1.14.1/STM32CubeIDE/plugins/com.st.stm32cube.ide.mcu.externaltools.gnu-tools-for-stm32.11.3.rel1.win32_1.1.100.202309141235/tools/bin/../lib/gcc/arm-none-eabi/11.3.1/../../../../arm-none-eabi/lib/thumb/v7e-m+fp/hard\libc_nano.a(libc_a-strlen.o)
 .ARM.attributes
                0x0000000000000536       0x34 C:/ST/STM32CubeIDE_1.14.1/STM32CubeIDE/plugins/com.st.stm32cube.ide.mcu.externaltools.gnu-tools-for-stm32.11.3.rel1.win32_1.1.100.202309141235/tools/bin/../lib/gcc/arm-none-eabi/11.3.1/../../../../arm-none-eabi/lib/thumb/v7e-m+fp/hard\libc_nano.a(libc_a-freer.o)
 .ARM.attributes
                0x000000000000056a       0x34 C:/ST/STM32CubeIDE_1.14.1/STM32CubeIDE/plugins/com.st.stm32cube.ide.mcu.externaltools.gnu-tools-for-stm32.11.3.rel1.win32_1.1.100.202309141235/tools/bin/../lib/gcc/arm-none-eabi/11.3.1/../../../../arm-none-eabi/lib/thumb/v7e-m+fp/hard\libc_nano.a(libc_a-mallocr.o)
 .ARM.attributes
                0x000000000000059e       0x34 C:/ST/STM32CubeIDE_1.14.1/STM32CubeIDE/plugins/com.st.stm32cube.ide.mcu.externaltools.gnu-tools-for-stm32.11.3.rel1.win32_1.1.100.202309141235/tools/bin/../lib/gcc/arm-none-eabi/11.3.1/../../../../arm-none-eabi/lib/thumb/v7e-m+fp/hard\libc_nano.a(libc_a-mlock.o)
 .ARM.attributes
                0x00000000000005d2       0x34 C:/ST/STM32CubeIDE_1.14.1/STM32CubeIDE/plugins/com.st.stm32cube.ide.mcu.externaltools.gnu-tools-for-stm32.11.3.rel1.win32_1.1.100.202309141235/tools/bin/../lib/gcc/arm-none-eabi/11.3.1/../../../../arm-none-eabi/lib/thumb/v7e-m+fp/hard\libc_nano.a(libc_a-msizer.o)
 .ARM.attributes
                0x0000000000000606       0x34 C:/ST/STM32CubeIDE_1.14.1/STM32CubeIDE/plugins/com.st.stm32cube.ide.mcu.externaltools.gnu-tools-for-stm32.11.3.rel1.win32_1.1.100.202309141235/tools/bin/../lib/gcc/arm-none-eabi/11.3.1/../../../../arm-none-eabi/lib/thumb/v7e-m+fp/hard\libc_nano.a(libc_a-sbrkr.o)
 .ARM.attributes
                0x000000000000063a       0x1e C:/ST/STM32CubeIDE_1.14.1/STM32CubeIDE/plugins/com.st.stm32cube.ide.mcu.externaltools.gnu-tools-for-stm32.11.3.rel1.win32_1.1.100.202309141235/tools/bin/../lib/gcc/arm-none-eabi/11.3.1/thumb/v7e-m+fp/hard\libgcc.a(_aeabi_uldivmod.o)
 .ARM.attributes
                0x0000000000000658       0x34 C:/ST/STM32CubeIDE_1.14.1/STM32CubeIDE/plugins/com.st.stm32cube.ide.mcu.externaltools.gnu-tools-for-stm32.11.3.rel1.win32_1.1.100.202309141235/tools/bin/../lib/gcc/arm-none-eabi/11.3.1/thumb/v7e-m+fp/hard\libgcc.a(_udivmoddi4.o)
 .ARM.attributes
                0x000000000000068c       0x1e C:/ST/STM32CubeIDE_1.14.1/STM32CubeIDE/plugins/com.st.stm32cube.ide.mcu.externaltools.gnu-tools-for-stm32.11.3.rel1.win32_1.1.100.202309141235/tools/bin/../lib/gcc/arm-none-eabi/11.3.1/thumb/v7e-m+fp/hard\libgcc.a(_dvmd_tls.o)
 .ARM.attributes
                0x00000000000006aa       0x1e C:/ST/STM32CubeIDE_1.14.1/STM32CubeIDE/plugins/com.st.stm32cube.ide.mcu.externaltools.gnu-tools-for-stm32.11.3.rel1.win32_1.1.100.202309141235/tools/bin/../lib/gcc/arm-none-eabi/11.3.1/thumb/v7e-m+fp/hard/crtn.o
OUTPUT(ros_test.elf elf32-littlearm)
LOAD linker stubs
LOAD C:/ST/STM32CubeIDE_1.14.1/STM32CubeIDE/plugins/com.st.stm32cube.ide.mcu.externaltools.gnu-tools-for-stm32.11.3.rel1.win32_1.1.100.202309141235/tools/bin/../lib/gcc/arm-none-eabi/11.3.1/../../../../arm-none-eabi/lib/thumb/v7e-m+fp/hard\libc.a
LOAD C:/ST/STM32CubeIDE_1.14.1/STM32CubeIDE/plugins/com.st.stm32cube.ide.mcu.externaltools.gnu-tools-for-stm32.11.3.rel1.win32_1.1.100.202309141235/tools/bin/../lib/gcc/arm-none-eabi/11.3.1/../../../../arm-none-eabi/lib/thumb/v7e-m+fp/hard\libm.a
LOAD C:/ST/STM32CubeIDE_1.14.1/STM32CubeIDE/plugins/com.st.stm32cube.ide.mcu.externaltools.gnu-tools-for-stm32.11.3.rel1.win32_1.1.100.202309141235/tools/bin/../lib/gcc/arm-none-eabi/11.3.1/thumb/v7e-m+fp/hard\libgcc.a

.comment        0x0000000000000000       0x43
 .comment       0x0000000000000000       0x43 C:/ST/STM32CubeIDE_1.14.1/STM32CubeIDE/plugins/com.st.stm32cube.ide.mcu.externaltools.gnu-tools-for-stm32.11.3.rel1.win32_1.1.100.202309141235/tools/bin/../lib/gcc/arm-none-eabi/11.3.1/thumb/v7e-m+fp/hard/crtbegin.o
                                         0x44 (size before relaxing)
 .comment       0x0000000000000043       0x44 ./Core/Inc/ROS/time.o
 .comment       0x0000000000000043       0x44 ./Core/Src/main.o
 .comment       0x0000000000000043       0x44 ./Core/Src/mainpp.o
 .comment       0x0000000000000043       0x44 ./Core/Src/stm32f4xx_hal_msp.o
 .comment       0x0000000000000043       0x44 ./Core/Src/stm32f4xx_it.o
 .comment       0x0000000000000043       0x44 ./Core/Src/sysmem.o
 .comment       0x0000000000000043       0x44 ./Core/Src/system_stm32f4xx.o
 .comment       0x0000000000000043       0x44 ./Drivers/STM32F4xx_HAL_Driver/Src/stm32f4xx_hal.o
 .comment       0x0000000000000043       0x44 ./Drivers/STM32F4xx_HAL_Driver/Src/stm32f4xx_hal_cortex.o
 .comment       0x0000000000000043       0x44 ./Drivers/STM32F4xx_HAL_Driver/Src/stm32f4xx_hal_dma.o
 .comment       0x0000000000000043       0x44 ./Drivers/STM32F4xx_HAL_Driver/Src/stm32f4xx_hal_gpio.o
 .comment       0x0000000000000043       0x44 ./Drivers/STM32F4xx_HAL_Driver/Src/stm32f4xx_hal_rcc.o
 .comment       0x0000000000000043       0x44 ./Drivers/STM32F4xx_HAL_Driver/Src/stm32f4xx_hal_uart.o

.debug_info     0x0000000000000000    0x11824
 .debug_info    0x0000000000000000     0x1928 ./Core/Inc/ROS/time.o
 .debug_info    0x0000000000001928      0xea1 ./Core/Src/main.o
 .debug_info    0x00000000000027c9     0x7929 ./Core/Src/mainpp.o
 .debug_info    0x000000000000a0f2      0xbcf ./Core/Src/stm32f4xx_hal_msp.o
 .debug_info    0x000000000000acc1      0x681 ./Core/Src/stm32f4xx_it.o
 .debug_info    0x000000000000b342      0x168 ./Core/Src/sysmem.o
 .debug_info    0x000000000000b4aa      0x512 ./Core/Src/system_stm32f4xx.o
 .debug_info    0x000000000000b9bc       0x23 ./Core/Startup/startup_stm32f407vgtx.o
 .debug_info    0x000000000000b9df      0x944 ./Drivers/STM32F4xx_HAL_Driver/Src/stm32f4xx_hal.o
 .debug_info    0x000000000000c323      0xd57 ./Drivers/STM32F4xx_HAL_Driver/Src/stm32f4xx_hal_cortex.o
 .debug_info    0x000000000000d07a      0x8e7 ./Drivers/STM32F4xx_HAL_Driver/Src/stm32f4xx_hal_dma.o
 .debug_info    0x000000000000d961      0x6c3 ./Drivers/STM32F4xx_HAL_Driver/Src/stm32f4xx_hal_gpio.o
 .debug_info    0x000000000000e024      0x8b1 ./Drivers/STM32F4xx_HAL_Driver/Src/stm32f4xx_hal_rcc.o
 .debug_info    0x000000000000e8d5     0x2f4f ./Drivers/STM32F4xx_HAL_Driver/Src/stm32f4xx_hal_uart.o

.debug_abbrev   0x0000000000000000     0x2314
 .debug_abbrev  0x0000000000000000      0x2c8 ./Core/Inc/ROS/time.o
 .debug_abbrev  0x00000000000002c8      0x2a2 ./Core/Src/main.o
 .debug_abbrev  0x000000000000056a      0x907 ./Core/Src/mainpp.o
 .debug_abbrev  0x0000000000000e71      0x20d ./Core/Src/stm32f4xx_hal_msp.o
 .debug_abbrev  0x000000000000107e      0x176 ./Core/Src/stm32f4xx_it.o
 .debug_abbrev  0x00000000000011f4       0xbc ./Core/Src/sysmem.o
 .debug_abbrev  0x00000000000012b0      0x11a ./Core/Src/system_stm32f4xx.o
 .debug_abbrev  0x00000000000013ca       0x12 ./Core/Startup/startup_stm32f407vgtx.o
 .debug_abbrev  0x00000000000013dc      0x214 ./Drivers/STM32F4xx_HAL_Driver/Src/stm32f4xx_hal.o
 .debug_abbrev  0x00000000000015f0      0x328 ./Drivers/STM32F4xx_HAL_Driver/Src/stm32f4xx_hal_cortex.o
 .debug_abbrev  0x0000000000001918      0x264 ./Drivers/STM32F4xx_HAL_Driver/Src/stm32f4xx_hal_dma.o
 .debug_abbrev  0x0000000000001b7c      0x1d4 ./Drivers/STM32F4xx_HAL_Driver/Src/stm32f4xx_hal_gpio.o
 .debug_abbrev  0x0000000000001d50      0x2b6 ./Drivers/STM32F4xx_HAL_Driver/Src/stm32f4xx_hal_rcc.o
 .debug_abbrev  0x0000000000002006      0x30e ./Drivers/STM32F4xx_HAL_Driver/Src/stm32f4xx_hal_uart.o

.debug_aranges  0x0000000000000000      0xa80
 .debug_aranges
                0x0000000000000000       0x48 ./Core/Inc/ROS/time.o
 .debug_aranges
                0x0000000000000048       0x48 ./Core/Src/main.o
 .debug_aranges
                0x0000000000000090      0x350 ./Core/Src/mainpp.o
 .debug_aranges
                0x00000000000003e0       0x30 ./Core/Src/stm32f4xx_hal_msp.o
 .debug_aranges
                0x0000000000000410       0x78 ./Core/Src/stm32f4xx_it.o
 .debug_aranges
                0x0000000000000488       0x20 ./Core/Src/sysmem.o
 .debug_aranges
                0x00000000000004a8       0x28 ./Core/Src/system_stm32f4xx.o
 .debug_aranges
                0x00000000000004d0       0x28 ./Core/Startup/startup_stm32f407vgtx.o
 .debug_aranges
                0x00000000000004f8       0xf0 ./Drivers/STM32F4xx_HAL_Driver/Src/stm32f4xx_hal.o
 .debug_aranges
                0x00000000000005e8      0x120 ./Drivers/STM32F4xx_HAL_Driver/Src/stm32f4xx_hal_cortex.o
 .debug_aranges
                0x0000000000000708       0x90 ./Drivers/STM32F4xx_HAL_Driver/Src/stm32f4xx_hal_dma.o
 .debug_aranges
                0x0000000000000798       0x58 ./Drivers/STM32F4xx_HAL_Driver/Src/stm32f4xx_hal_gpio.o
 .debug_aranges
                0x00000000000007f0       0x88 ./Drivers/STM32F4xx_HAL_Driver/Src/stm32f4xx_hal_rcc.o
 .debug_aranges
                0x0000000000000878      0x208 ./Drivers/STM32F4xx_HAL_Driver/Src/stm32f4xx_hal_uart.o

.debug_rnglists
                0x0000000000000000      0x812
 .debug_rnglists
                0x0000000000000000       0x31 ./Core/Inc/ROS/time.o
 .debug_rnglists
                0x0000000000000031       0x33 ./Core/Src/main.o
 .debug_rnglists
                0x0000000000000064      0x29f ./Core/Src/mainpp.o
 .debug_rnglists
                0x0000000000000303       0x20 ./Core/Src/stm32f4xx_hal_msp.o
 .debug_rnglists
                0x0000000000000323       0x55 ./Core/Src/stm32f4xx_it.o
 .debug_rnglists
                0x0000000000000378       0x13 ./Core/Src/sysmem.o
 .debug_rnglists
                0x000000000000038b       0x1a ./Core/Src/system_stm32f4xx.o
 .debug_rnglists
                0x00000000000003a5       0x19 ./Core/Startup/startup_stm32f407vgtx.o
 .debug_rnglists
                0x00000000000003be       0xaf ./Drivers/STM32F4xx_HAL_Driver/Src/stm32f4xx_hal.o
 .debug_rnglists
                0x000000000000046d       0xd4 ./Drivers/STM32F4xx_HAL_Driver/Src/stm32f4xx_hal_cortex.o
 .debug_rnglists
                0x0000000000000541       0x70 ./Drivers/STM32F4xx_HAL_Driver/Src/stm32f4xx_hal_dma.o
 .debug_rnglists
                0x00000000000005b1       0x3f ./Drivers/STM32F4xx_HAL_Driver/Src/stm32f4xx_hal_gpio.o
 .debug_rnglists
                0x00000000000005f0       0x66 ./Drivers/STM32F4xx_HAL_Driver/Src/stm32f4xx_hal_rcc.o
 .debug_rnglists
                0x0000000000000656      0x1bc ./Drivers/STM32F4xx_HAL_Driver/Src/stm32f4xx_hal_uart.o

.debug_macro    0x0000000000000000    0x2100b
 .debug_macro   0x0000000000000000      0x1c1 ./Core/Inc/ROS/time.o
 .debug_macro   0x00000000000001c1      0x1c4 ./Core/Src/main.o
 .debug_macro   0x0000000000000385      0xaa8 ./Core/Src/main.o
 .debug_macro   0x0000000000000e2d      0x295 ./Core/Src/main.o
 .debug_macro   0x00000000000010c2       0x2e ./Core/Src/main.o
 .debug_macro   0x00000000000010f0       0x2f ./Core/Src/main.o
 .debug_macro   0x000000000000111f       0x8e ./Core/Src/main.o
 .debug_macro   0x00000000000011ad       0x51 ./Core/Src/main.o
 .debug_macro   0x00000000000011fe       0x1c ./Core/Src/main.o
 .debug_macro   0x000000000000121a       0x22 ./Core/Src/main.o
 .debug_macro   0x000000000000123c       0xfb ./Core/Src/main.o
 .debug_macro   0x0000000000001337     0x1011 ./Core/Src/main.o
 .debug_macro   0x0000000000002348      0x11f ./Core/Src/main.o
 .debug_macro   0x0000000000002467    0x15e97 ./Core/Src/main.o
 .debug_macro   0x00000000000182fe       0x6d ./Core/Src/main.o
 .debug_macro   0x000000000001836b     0x368c ./Core/Src/main.o
 .debug_macro   0x000000000001b9f7      0x174 ./Core/Src/main.o
 .debug_macro   0x000000000001bb6b       0x5c ./Core/Src/main.o
 .debug_macro   0x000000000001bbc7      0x980 ./Core/Src/main.o
 .debug_macro   0x000000000001c547      0x9e9 ./Core/Src/main.o
 .debug_macro   0x000000000001cf30      0x115 ./Core/Src/main.o
 .debug_macro   0x000000000001d045      0x13e ./Core/Src/main.o
 .debug_macro   0x000000000001d183       0xa5 ./Core/Src/main.o
 .debug_macro   0x000000000001d228      0x174 ./Core/Src/main.o
 .debug_macro   0x000000000001d39c      0x287 ./Core/Src/main.o
 .debug_macro   0x000000000001d623       0x5f ./Core/Src/main.o
 .debug_macro   0x000000000001d682      0x236 ./Core/Src/main.o
 .debug_macro   0x000000000001d8b8      0x12c ./Core/Src/main.o
 .debug_macro   0x000000000001d9e4      0x21e ./Core/Src/main.o
 .debug_macro   0x000000000001dc02       0x2e ./Core/Src/main.o
 .debug_macro   0x000000000001dc30      0x127 ./Core/Src/main.o
 .debug_macro   0x000000000001dd57       0x7e ./Core/Src/main.o
 .debug_macro   0x000000000001ddd5       0x89 ./Core/Src/main.o
 .debug_macro   0x000000000001de5e      0x2aa ./Core/Src/main.o
 .debug_macro   0x000000000001e108      0x12d ./Core/Src/main.o
 .debug_macro   0x000000000001e235      0x483 ./Core/Src/mainpp.o
 .debug_macro   0x000000000001e6b8       0x61 ./Core/Src/mainpp.o
 .debug_macro   0x000000000001e719       0x10 ./Core/Src/mainpp.o
 .debug_macro   0x000000000001e729       0x20 ./Core/Src/mainpp.o
 .debug_macro   0x000000000001e749       0x10 ./Core/Src/mainpp.o
 .debug_macro   0x000000000001e759       0x1c ./Core/Src/mainpp.o
 .debug_macro   0x000000000001e775       0xde ./Core/Src/mainpp.o
 .debug_macro   0x000000000001e853      0x3cd ./Core/Src/mainpp.o
 .debug_macro   0x000000000001ec20       0x10 ./Core/Src/mainpp.o
 .debug_macro   0x000000000001ec30     0x1011 ./Core/Src/mainpp.o
 .debug_macro   0x000000000001fc41       0x56 ./Core/Src/mainpp.o
 .debug_macro   0x000000000001fc97      0x1c4 ./Core/Src/stm32f4xx_hal_msp.o
 .debug_macro   0x000000000001fe5b      0x1ce ./Core/Src/stm32f4xx_it.o
 .debug_macro   0x0000000000020029       0xff ./Core/Src/sysmem.o
 .debug_macro   0x0000000000020128      0x23c ./Core/Src/sysmem.o
 .debug_macro   0x0000000000020364      0x1ba ./Core/Src/system_stm32f4xx.o
 .debug_macro   0x000000000002051e      0x21a ./Drivers/STM32F4xx_HAL_Driver/Src/stm32f4xx_hal.o
 .debug_macro   0x0000000000020738      0x1ba ./Drivers/STM32F4xx_HAL_Driver/Src/stm32f4xx_hal_cortex.o
 .debug_macro   0x00000000000208f2      0x1c0 ./Drivers/STM32F4xx_HAL_Driver/Src/stm32f4xx_hal_dma.o
 .debug_macro   0x0000000000020ab2      0x1c0 ./Drivers/STM32F4xx_HAL_Driver/Src/stm32f4xx_hal_gpio.o
 .debug_macro   0x0000000000020c72      0x1de ./Drivers/STM32F4xx_HAL_Driver/Src/stm32f4xx_hal_rcc.o
 .debug_macro   0x0000000000020e50      0x1bb ./Drivers/STM32F4xx_HAL_Driver/Src/stm32f4xx_hal_uart.o

.debug_line     0x0000000000000000     0xd85e
 .debug_line    0x0000000000000000      0xbc7 ./Core/Inc/ROS/time.o
 .debug_line    0x0000000000000bc7      0x81e ./Core/Src/main.o
 .debug_line    0x00000000000013e5     0x3f01 ./Core/Src/mainpp.o
 .debug_line    0x00000000000052e6      0x7bc ./Core/Src/stm32f4xx_hal_msp.o
 .debug_line    0x0000000000005aa2      0x828 ./Core/Src/stm32f4xx_it.o
 .debug_line    0x00000000000062ca      0x583 ./Core/Src/sysmem.o
 .debug_line    0x000000000000684d      0x79f ./Core/Src/system_stm32f4xx.o
 .debug_line    0x0000000000006fec       0x7a ./Core/Startup/startup_stm32f407vgtx.o
 .debug_line    0x0000000000007066      0xa05 ./Drivers/STM32F4xx_HAL_Driver/Src/stm32f4xx_hal.o
 .debug_line    0x0000000000007a6b      0xcd1 ./Drivers/STM32F4xx_HAL_Driver/Src/stm32f4xx_hal_cortex.o
 .debug_line    0x000000000000873c      0xf69 ./Drivers/STM32F4xx_HAL_Driver/Src/stm32f4xx_hal_dma.o
 .debug_line    0x00000000000096a5      0xb79 ./Drivers/STM32F4xx_HAL_Driver/Src/stm32f4xx_hal_gpio.o
 .debug_line    0x000000000000a21e      0xd7e ./Drivers/STM32F4xx_HAL_Driver/Src/stm32f4xx_hal_rcc.o
 .debug_line    0x000000000000af9c     0x28c2 ./Drivers/STM32F4xx_HAL_Driver/Src/stm32f4xx_hal_uart.o

.debug_str      0x0000000000000000    0xca145
 .debug_str     0x0000000000000000     0xa4e5 ./Core/Inc/ROS/time.o
                                       0xa7f5 (size before relaxing)
 .debug_str     0x000000000000a4e5    0xb98e5 ./Core/Src/main.o
                                      0xbd8de (size before relaxing)
 .debug_str     0x00000000000c3dca     0x466b ./Core/Src/mainpp.o
                                      0xc7fb6 (size before relaxing)
 .debug_str     0x00000000000c8435       0x90 ./Core/Src/stm32f4xx_hal_msp.o
                                      0xbd763 (size before relaxing)
 .debug_str     0x00000000000c84c5      0x132 ./Core/Src/stm32f4xx_it.o
                                      0xbd127 (size before relaxing)
 .debug_str     0x00000000000c85f7      0x534 ./Core/Src/sysmem.o
                                       0x605c (size before relaxing)
 .debug_str     0x00000000000c8b2b       0xdb ./Core/Src/system_stm32f4xx.o
                                      0xbcd40 (size before relaxing)
 .debug_str     0x00000000000c8c06       0x34 ./Core/Startup/startup_stm32f407vgtx.o
                                         0x6e (size before relaxing)
 .debug_str     0x00000000000c8c3a      0x601 ./Drivers/STM32F4xx_HAL_Driver/Src/stm32f4xx_hal.o
                                      0xbd8c4 (size before relaxing)