../Core/Src/main.c:164:6:MPU9250_Init	32	static
../Core/Src/main.c:181:6:MPU9250_Read_Accel	40	static
../Core/Src/main.c:195:6:MPU9250_Read_Gyro	32	static
../Core/Src/main.c:209:6:set_last_read_angle_data	40	static
../Core/Src/main.c:219:15:get_last_time	4	static
../Core/Src/main.c:220:7:get_last_x_angle	4	static
../Core/Src/main.c:221:7:get_last_y_angle	4	static
../Core/Src/main.c:222:7:get_last_z_angle	4	static
../Core/Src/main.c:223:7:get_last_gyro_x_angle	4	static
../Core/Src/main.c:224:7:get_last_gyro_y_angle	4	static
../Core/Src/main.c:225:7:get_last_gyro_z_angle	4	static
../Core/Src/main.c:232:5:main	8	static
../Core/Src/main.c:303:6:SystemClock_Config	88	static
../Core/Src/main.c:349:13:MX_I2C1_Init	8	static
../Core/Src/main.c:383:13:MX_TIM1_Init	56	static
../Core/Src/main.c:433:13:MX_TIM2_Init	32	static
../Core/Src/main.c:478:13:MX_TIM3_Init	48	static
../Core/Src/main.c:531:13:MX_TIM4_Init	56	static
../Core/Src/main.c:580:13:MX_USART6_UART_Init	8	static
../Core/Src/main.c:611:13:MX_DMA_Init	16	static
../Core/Src/main.c:632:13:MX_GPIO_Init	56	static
../Core/Src/main.c:681:6:PID_Calculate1	4	static
../Core/Src/main.c:740:6:PID_Calculate2	4	static
../Core/Src/main.c:799:7:PWM_Calculate1	8	static
../Core/Src/main.c:834:7:PWM_Calculate2	8	static
../Core/Src/main.c:871:7:read_Imu	104	static
../Core/Src/main.c:923:7:HAL_TIM_PeriodElapsedCallback	16	static
../Core/Src/main.c:954:6:Error_Handler	4	static,ignoring_inline_asm
