Archive member included to satisfy reference by file (symbol)

C:/ST/STM32CubeIDE_1.14.1/STM32CubeIDE/plugins/com.st.stm32cube.ide.mcu.externaltools.gnu-tools-for-stm32.11.3.rel1.win32_1.1.100.202309141235/tools/bin/../lib/gcc/arm-none-eabi/11.3.1/../../../../arm-none-eabi/lib/thumb/v7e-m+fp/hard\libm.a(libm_a-w_asin.o)
                              ./Drivers/STM32F4xx_HAL_Driver/Src/tm_stm32_ahrs_imu.o (asin)
C:/ST/STM32CubeIDE_1.14.1/STM32CubeIDE/plugins/com.st.stm32cube.ide.mcu.externaltools.gnu-tools-for-stm32.11.3.rel1.win32_1.1.100.202309141235/tools/bin/../lib/gcc/arm-none-eabi/11.3.1/../../../../arm-none-eabi/lib/thumb/v7e-m+fp/hard\libm.a(libm_a-w_atan2.o)
                              ./Drivers/STM32F4xx_HAL_Driver/Src/tm_stm32_ahrs_imu.o (atan2)
C:/ST/STM32CubeIDE_1.14.1/STM32CubeIDE/plugins/com.st.stm32cube.ide.mcu.externaltools.gnu-tools-for-stm32.11.3.rel1.win32_1.1.100.202309141235/tools/bin/../lib/gcc/arm-none-eabi/11.3.1/../../../../arm-none-eabi/lib/thumb/v7e-m+fp/hard\libm.a(libm_a-w_pow.o)
                              ./Core/Src/main.o (pow)
C:/ST/STM32CubeIDE_1.14.1/STM32CubeIDE/plugins/com.st.stm32cube.ide.mcu.externaltools.gnu-tools-for-stm32.11.3.rel1.win32_1.1.100.202309141235/tools/bin/../lib/gcc/arm-none-eabi/11.3.1/../../../../arm-none-eabi/lib/thumb/v7e-m+fp/hard\libm.a(libm_a-w_sqrt.o)
                              ./Core/Src/main.o (sqrt)
C:/ST/STM32CubeIDE_1.14.1/STM32CubeIDE/plugins/com.st.stm32cube.ide.mcu.externaltools.gnu-tools-for-stm32.11.3.rel1.win32_1.1.100.202309141235/tools/bin/../lib/gcc/arm-none-eabi/11.3.1/../../../../arm-none-eabi/lib/thumb/v7e-m+fp/hard\libm.a(libm_a-s_atan.o)
                              ./Core/Src/main.o (atan)
C:/ST/STM32CubeIDE_1.14.1/STM32CubeIDE/plugins/com.st.stm32cube.ide.mcu.externaltools.gnu-tools-for-stm32.11.3.rel1.win32_1.1.100.202309141235/tools/bin/../lib/gcc/arm-none-eabi/11.3.1/../../../../arm-none-eabi/lib/thumb/v7e-m+fp/hard\libm.a(libm_a-s_fabs.o)
                              C:/ST/STM32CubeIDE_1.14.1/STM32CubeIDE/plugins/com.st.stm32cube.ide.mcu.externaltools.gnu-tools-for-stm32.11.3.rel1.win32_1.1.100.202309141235/tools/bin/../lib/gcc/arm-none-eabi/11.3.1/../../../../arm-none-eabi/lib/thumb/v7e-m+fp/hard\libm.a(libm_a-w_asin.o) (fabs)
C:/ST/STM32CubeIDE_1.14.1/STM32CubeIDE/plugins/com.st.stm32cube.ide.mcu.externaltools.gnu-tools-for-stm32.11.3.rel1.win32_1.1.100.202309141235/tools/bin/../lib/gcc/arm-none-eabi/11.3.1/../../../../arm-none-eabi/lib/thumb/v7e-m+fp/hard\libm.a(libm_a-s_finite.o)
                              C:/ST/STM32CubeIDE_1.14.1/STM32CubeIDE/plugins/com.st.stm32cube.ide.mcu.externaltools.gnu-tools-for-stm32.11.3.rel1.win32_1.1.100.202309141235/tools/bin/../lib/gcc/arm-none-eabi/11.3.1/../../../../arm-none-eabi/lib/thumb/v7e-m+fp/hard\libm.a(libm_a-w_pow.o) (finite)
C:/ST/STM32CubeIDE_1.14.1/STM32CubeIDE/plugins/com.st.stm32cube.ide.mcu.externaltools.gnu-tools-for-stm32.11.3.rel1.win32_1.1.100.202309141235/tools/bin/../lib/gcc/arm-none-eabi/11.3.1/../../../../arm-none-eabi/lib/thumb/v7e-m+fp/hard\libm.a(libm_a-s_nan.o)
                              C:/ST/STM32CubeIDE_1.14.1/STM32CubeIDE/plugins/com.st.stm32cube.ide.mcu.externaltools.gnu-tools-for-stm32.11.3.rel1.win32_1.1.100.202309141235/tools/bin/../lib/gcc/arm-none-eabi/11.3.1/../../../../arm-none-eabi/lib/thumb/v7e-m+fp/hard\libm.a(libm_a-w_asin.o) (nan)
C:/ST/STM32CubeIDE_1.14.1/STM32CubeIDE/plugins/com.st.stm32cube.ide.mcu.externaltools.gnu-tools-for-stm32.11.3.rel1.win32_1.1.100.202309141235/tools/bin/../lib/gcc/arm-none-eabi/11.3.1/../../../../arm-none-eabi/lib/thumb/v7e-m+fp/hard\libm.a(libm_a-e_sqrt.o)
                              C:/ST/STM32CubeIDE_1.14.1/STM32CubeIDE/plugins/com.st.stm32cube.ide.mcu.externaltools.gnu-tools-for-stm32.11.3.rel1.win32_1.1.100.202309141235/tools/bin/../lib/gcc/arm-none-eabi/11.3.1/../../../../arm-none-eabi/lib/thumb/v7e-m+fp/hard\libm.a(libm_a-w_sqrt.o) (__ieee754_sqrt)
C:/ST/STM32CubeIDE_1.14.1/STM32CubeIDE/plugins/com.st.stm32cube.ide.mcu.externaltools.gnu-tools-for-stm32.11.3.rel1.win32_1.1.100.202309141235/tools/bin/../lib/gcc/arm-none-eabi/11.3.1/../../../../arm-none-eabi/lib/thumb/v7e-m+fp/hard\libm.a(libm_a-e_asin.o)
                              C:/ST/STM32CubeIDE_1.14.1/STM32CubeIDE/plugins/com.st.stm32cube.ide.mcu.externaltools.gnu-tools-for-stm32.11.3.rel1.win32_1.1.100.202309141235/tools/bin/../lib/gcc/arm-none-eabi/11.3.1/../../../../arm-none-eabi/lib/thumb/v7e-m+fp/hard\libm.a(libm_a-w_asin.o) (__ieee754_asin)
C:/ST/STM32CubeIDE_1.14.1/STM32CubeIDE/plugins/com.st.stm32cube.ide.mcu.externaltools.gnu-tools-for-stm32.11.3.rel1.win32_1.1.100.202309141235/tools/bin/../lib/gcc/arm-none-eabi/11.3.1/../../../../arm-none-eabi/lib/thumb/v7e-m+fp/hard\libm.a(libm_a-e_atan2.o)
[...]
Memory Configuration

Name             Origin             Length             Attributes
CCMRAM           0x0000000010000000 0x0000000000010000 xrw
RAM              0x0000000020000000 0x0000000000020000 xrw
FLASH            0x0000000008000000 0x0000000000100000 xr
*default*        0x0000000000000000 0xffffffffffffffff

Linker script and memory map

LOAD C:/ST/STM32CubeIDE_1.14.1/STM32CubeIDE/plugins/com.st.stm32cube.ide.mcu.externaltools.gnu-tools-for-stm32.11.3.rel1.win32_1.1.100.202309141235/tools/bin/../lib/gcc/arm-none-eabi/11.3.1/thumb/v7e-m+fp/hard/crti.o
LOAD C:/ST/STM32CubeIDE_1.14.1/STM32CubeIDE/plugins/com.st.stm32cube.ide.mcu.externaltools.gnu-tools-for-stm32.11.3.rel1.win32_1.1.100.202309141235/tools/bin/../lib/gcc/arm-none-eabi/11.3.1/thumb/v7e-m+fp/hard/crtbegin.o
LOAD C:/ST/STM32CubeIDE_1.14.1/STM32CubeIDE/plugins/com.st.stm32cube.ide.mcu.externaltools.gnu-tools-for-stm32.11.3.rel1.win32_1.1.100.202309141235/tools/bin/../lib/gcc/arm-none-eabi/11.3.1/../../../../arm-none-eabi/lib/thumb/v7e-m+fp/hard/crt0.o
LOAD ./Core/Inc/ROS/duration.o
LOAD ./Core/Inc/ROS/time.o
LOAD ./Core/Src/main.o
LOAD ./Core/Src/mainpp.o
LOAD ./Core/Src/stm32f4xx_hal_msp.o
LOAD ./Core/Src/stm32f4xx_it.o
LOAD ./Core/Src/syscalls.o
LOAD ./Core/Src/sysmem.o
LOAD ./Core/Src/system_stm32f4xx.o
LOAD ./Core/Startup/startup_stm32f407vgtx.o
LOAD ./Drivers/STM32F4xx_HAL_Driver/Src/stm32f4xx_hal.o
LOAD ./Drivers/STM32F4xx_HAL_Driver/Src/stm32f4xx_hal_cortex.o
LOAD ./Drivers/STM32F4xx_HAL_Driver/Src/stm32f4xx_hal_dma.o
LOAD ./Drivers/STM32F4xx_HAL_Driver/Src/stm32f4xx_hal_dma_ex.o
LOAD ./Drivers/STM32F4xx_HAL_Driver/Src/stm32f4xx_hal_exti.o
LOAD ./Drivers/STM32F4xx_HAL_Driver/Src/stm32f4xx_hal_flash.o
LOAD ./Drivers/STM32F4xx_HAL_Driver/Src/stm32f4xx_hal_flash_ex.o
LOAD ./Drivers/STM32F4xx_HAL_Driver/Src/stm32f4xx_hal_flash_ramfunc.o
LOAD ./Drivers/STM32F4xx_HAL_Driver/Src/stm32f4xx_hal_gpio.o
LOAD ./Drivers/STM32F4xx_HAL_Driver/Src/stm32f4xx_hal_i2c.o
LOAD ./Drivers/STM32F4xx_HAL_Driver/Src/stm32f4xx_hal_i2c_ex.o
LOAD ./Drivers/STM32F4xx_HAL_Driver/Src/stm32f4xx_hal_pwr.o
LOAD ./Drivers/STM32F4xx_HAL_Driver/Src/stm32f4xx_hal_pwr_ex.o
LOAD ./Drivers/STM32F4xx_HAL_Driver/Src/stm32f4xx_hal_rcc.o
LOAD ./Drivers/STM32F4xx_HAL_Driver/Src/stm32f4xx_hal_rcc_ex.o
LOAD ./Drivers/STM32F4xx_HAL_Driver/Src/stm32f4xx_hal_tim.o
LOAD ./Drivers/STM32F4xx_HAL_Driver/Src/stm32f4xx_hal_tim_ex.o
LOAD ./Drivers/STM32F4xx_HAL_Driver/Src/stm32f4xx_hal_uart.o
LOAD ./Drivers/STM32F4xx_HAL_Driver/Src/tm_stm32_ahrs_imu.o
LOAD ./Drivers/STM32F4xx_HAL_Driver/Src/tm_stm32_gpio.o
LOAD ./Drivers/STM32F4xx_HAL_Driver/Src/tm_stm32_i2c.o
LOAD ./Drivers/STM32F4xx_HAL_Driver/Src/tm_stm32_mpu6050.o
START GROUP
LOAD C:/ST/STM32CubeIDE_1.14.1/STM32CubeIDE/plugins/com.st.stm32cube.ide.mcu.externaltools.gnu-tools-for-stm32.11.3.rel1.win32_1.1.100.202309141235/tools/bin/../lib/gcc/arm-none-eabi/11.3.1/../../../../arm-none-eabi/lib/thumb/v7e-m+fp/hard\libstdc++_nano.a
LOAD C:/ST/STM32CubeIDE_1.14.1/STM32CubeIDE/plugins/com.st.stm32cube.ide.mcu.externaltools.gnu-tools-for-stm32.11.3.rel1.win32_1.1.100.202309141235/tools/bin/../lib/gcc/arm-none-eabi/11.3.1/../../../../arm-none-eabi/lib/thumb/v7e-m+fp/hard\libsupc++_nano.a
END GROUP
LOAD C:/ST/STM32CubeIDE_1.14.1/STM32CubeIDE/plugins/com.st.stm32cube.ide.mcu.externaltools.gnu-tools-for-stm32.11.3.rel1.win32_1.1.100.202309141235/tools/bin/../lib/gcc/arm-none-eabi/11.3.1/../../../../arm-none-eabi/lib/thumb/v7e-m+fp/hard\libstdc++_nano.a
LOAD C:/ST/STM32CubeIDE_1.14.1/STM32CubeIDE/plugins/com.st.stm32cube.ide.mcu.externaltools.gnu-tools-for-stm32.11.3.rel1.win32_1.1.100.202309141235/tools/bin/../lib/gcc/arm-none-eabi/11.3.1/../../../../arm-none-eabi/lib/thumb/v7e-m+fp/hard\libm.a
LOAD C:/ST/STM32CubeIDE_1.14.1/STM32CubeIDE/plugins/com.st.stm32cube.ide.mcu.externaltools.gnu-tools-for-stm32.11.3.rel1.win32_1.1.100.202309141235/tools/bin/../lib/gcc/arm-none-eabi/11.3.1/../../../../arm-none-eabi/lib/thumb/v7e-m+fp/hard\libc_nano.a
START GROUP
LOAD C:/ST/STM32CubeIDE_1.14.1/STM32CubeIDE/plugins/com.st.stm32cube.ide.mcu.externaltools.gnu-tools-for-stm32.11.3.rel1.win32_1.1.100.202309141235/tools/bin/../lib/gcc/arm-none-eabi/11.3.1/thumb/v7e-m+fp/hard\libgcc.a
LOAD C:/ST/STM32CubeIDE_1.14.1/STM32CubeIDE/plugins/com.st.stm32cube.ide.mcu.externaltools.gnu-tools-for-stm32.11.3.rel1.win32_1.1.100.202309141235/tools/bin/../lib/gcc/arm-none-eabi/11.3.1/../../../../arm-none-eabi/lib/thumb/v7e-m+fp/hard\libc_nano.a
END GROUP
START GROUP
LOAD C:/ST/STM32CubeIDE_1.14.1/STM32CubeIDE/plugins/com.st.stm32cube.ide.mcu.externaltools.gnu-tools-for-stm32.11.3.rel1.win32_1.1.100.202309141235/tools/bin/../lib/gcc/arm-none-eabi/11.3.1/thumb/v7e-m+fp/hard\libgcc.a
LOAD C:/ST/STM32CubeIDE_1.14.1/STM32CubeIDE/plugins/com.st.stm32cube.ide.mcu.externaltools.gnu-tools-for-stm32.11.3.rel1.win32_1.1.100.202309141235/tools/bin/../lib/gcc/arm-none-eabi/11.3.1/../../../../arm-none-eabi/lib/thumb/v7e-m+fp/hard\libc_nano.a
END GROUP
LOAD C:/ST/STM32CubeIDE_1.14.1/STM32CubeIDE/plugins/com.st.stm32cube.ide.mcu.externaltools.gnu-tools-for-stm32.11.3.rel1.win32_1.1.100.202309141235/tools/bin/../lib/gcc/arm-none-eabi/11.3.1/thumb/v7e-m+fp/hard/crtend.o
LOAD C:/ST/STM32CubeIDE_1.14.1/STM32CubeIDE/plugins/com.st.stm32cube.ide.mcu.externaltools.gnu-tools-for-stm32.11.3.rel1.win32_1.1.100.202309141235/tools/bin/../lib/gcc/arm-none-eabi/11.3.1/thumb/v7e-m+fp/hard/crtn.o
                0x0000000020020000                _estack = (ORIGIN (RAM) + LENGTH (RAM))
                0x0000000000000200                _Min_Heap_Size = 0x200
                0x0000000000000400                _Min_Stack_Size = 0x400

.isr_vector     0x0000000008000000      0x188
                0x0000000008000000                . = ALIGN (0x4)
 *(.isr_vector)
 .isr_vector    0x0000000008000000      0x188 ./Core/Startup/startup_stm32f407vgtx.o
                0x0000000008000000                g_pfnVectors
                0x0000000008000188                . = ALIGN (0x4)

.text           0x0000000008000190    0x10b1c
                0x0000000008000190                . = ALIGN (0x4)
 *(.text)
 .text          0x0000000008000190       0x40 C:/ST/STM32CubeIDE_1.14.1/STM32CubeIDE/plugins/com.st.stm32cube.ide.mcu.externaltools.gnu-tools-for-stm32.11.3.rel1.win32_1.1.100.202309141235/tools/bin/../lib/gcc/arm-none-eabi/11.3.1/thumb/v7e-m+fp/hard/crtbegin.o
 .text          0x00000000080001d0       0xa0 C:/ST/STM32CubeIDE_1.14.1/STM32CubeIDE/plugins/com.st.stm32cube.ide.mcu.externaltools.gnu-tools-for-stm32.11.3.rel1.win32_1.1.100.202309141235/tools/bin/../lib/gcc/arm-none-eabi/11.3.1/../../../../arm-none-eabi/lib/thumb/v7e-m+fp/hard\libc_nano.a(libc_a-memchr.o)
                0x00000000080001d0                memchr
 .text          0x0000000008000270       0x10 C:/ST/STM32CubeIDE_1.14.1/STM32CubeIDE/plugins/com.st.stm32cube.ide.mcu.externaltools.gnu-tools-for-stm32.11.3.rel1.win32_1.1.100.202309141235/tools/bin/../lib/gcc/arm-none-eabi/11.3.1/../../../../arm-none-eabi/lib/thumb/v7e-m+fp/hard\libc_nano.a(libc_a-strlen.o)
                0x0000000008000270                strlen
 .text          0x0000000008000280      0x378 C:/ST/STM32CubeIDE_1.14.1/STM32CubeIDE/plugins/com.st.stm32cube.ide.mcu.externaltools.gnu-tools-for-stm32.11.3.rel1.win32_1.1.100.202309141235/tools/bin/../lib/gcc/arm-none-eabi/11.3.1/thumb/v7e-m+fp/hard\libgcc.a(_arm_addsubdf3.o)
                0x0000000008000280                __aeabi_drsub
                0x0000000008000288                __aeabi_dsub
                0x0000000008000288                __subdf3
                0x000000000800028c                __aeabi_dadd
                0x000000000800028c                __adddf3
                0x0000000008000504                __floatunsidf
                0x0000000008000504                __aeabi_ui2d
                0x0000000008000524                __floatsidf
                0x0000000008000524                __aeabi_i2d
                0x0000000008000548                __aeabi_f2d
                0x0000000008000548                __extendsfdf2
                0x000000000800058c                __floatundidf
                0x000000000800058c                __aeabi_ul2d
                0x000000000800059c                __floatdidf
                0x000000000800059c                __aeabi_l2d
 .text          0x00000000080005f8      0x424 C:/ST/STM32CubeIDE_1.14.1/STM32CubeIDE/plugins/com.st.stm32cube.ide.mcu.externaltools.gnu-tools-for-stm32.11.3.rel1.win32_1.1.100.202309141235/tools/bin/../lib/gcc/arm-none-eabi/11.3.1/thumb/v7e-m+fp/hard\libgcc.a(_arm_muldivdf3.o)
                0x00000000080005f8                __aeabi_dmul
                0x00000000080005f8                __muldf3
                0x000000000800084c                __divdf3
                0x000000000800084c                __aeabi_ddiv
 .text          0x0000000008000a1c      0x110 C:/ST/STM32CubeIDE_1.14.1/STM32CubeIDE/plugins/com.st.stm32cube.ide.mcu.externaltools.gnu-tools-for-stm32.11.3.rel1.win32_1.1.100.202309141235/tools/bin/../lib/gcc/arm-none-eabi/11.3.1/thumb/v7e-m+fp/hard\libgcc.a(_arm_cmpdf2.o)
                0x0000000008000a1c                __gtdf2
                0x0000000008000a1c                __gedf2
                0x0000000008000a24                __ltdf2
                0x0000000008000a24                __ledf2
                0x0000000008000a2c                __nedf2
                0x0000000008000a2c                __eqdf2
                0x0000000008000a2c                __cmpdf2
                0x0000000008000aa8                __aeabi_cdrcmple
                0x0000000008000ab8                __aeabi_cdcmpeq
                0x0000000008000ab8                __aeabi_cdcmple
                0x0000000008000ac8                __aeabi_dcmpeq
                0x0000000008000adc                __aeabi_dcmplt
                0x0000000008000af0                __aeabi_dcmple
                0x0000000008000b04                __aeabi_dcmpge
                0x0000000008000b18                __aeabi_dcmpgt
 .text          0x0000000008000b2c       0x2c C:/ST/STM32CubeIDE_1.14.1/STM32CubeIDE/plugins/com.st.stm32cube.ide.mcu.externaltools.gnu-tools-for-stm32.11.3.rel1.win32_1.1.100.202309141235/tools/bin/../lib/gcc/arm-none-eabi/11.3.1/thumb/v7e-m+fp/hard\libgcc.a(_arm_unorddf2.o)
                0x0000000008000b2c                __unorddf2
                0x0000000008000b2c                __aeabi_dcmpun
 .text          0x0000000008000b58       0x50 C:/ST/STM32CubeIDE_1.14.1/STM32CubeIDE/plugins/com.st.stm32cube.ide.mcu.externaltools.gnu-tools-for-stm32.11.3.rel1.win32_1.1.100.202309141235/tools/bin/../lib/gcc/arm-none-eabi/11.3.1/thumb/v7e-m+fp/hard\libgcc.a(_arm_fixdfsi.o)
                0x0000000008000b58                __aeabi_d2iz
                0x0000000008000b58                __fixdfsi
 .text          0x0000000008000ba8       0xa0 C:/ST/STM32CubeIDE_1.14.1/STM32CubeIDE/plugins/com.st.stm32cube.ide.mcu.externaltools.gnu-tools-for-stm32.11.3.rel1.win32_1.1.100.202309141235/tools/bin/../lib/gcc/arm-none-eabi/11.3.1/thumb/v7e-m+fp/hard\libgcc.a(_arm_truncdfsf2.o)
                0x0000000008000ba8                __truncdfsf2
                0x0000000008000ba8                __aeabi_d2f
 .text          0x0000000008000c48       0x30 C:/ST/STM32CubeIDE_1.14.1/STM32CubeIDE/plugins/com.st.stm32cube.ide.mcu.externaltools.gnu-tools-for-stm32.11.3.rel1.win32_1.1.100.202309141235/tools/bin/../lib/gcc/arm-none-eabi/11.3.1/thumb/v7e-m+fp/hard\libgcc.a(_aeabi_uldivmod.o)
                0x0000000008000c48                __aeabi_uldivmod
 .text          0x0000000008000c78      0x2c8 C:/ST/STM32CubeIDE_1.14.1/STM32CubeIDE/plugins/com.st.stm32cube.ide.mcu.externaltools.gnu-tools-for-stm32.11.3.rel1.win32_1.1.100.202309141235/tools/bin/../lib/gcc/arm-none-eabi/11.3.1/thumb/v7e-m+fp/hard\libgcc.a(_udivmoddi4.o)
                0x0000000008000c78                __udivmoddi4
 .text          0x0000000008000f40        0x4 C:/ST/STM32CubeIDE_1.14.1/STM32CubeIDE/plugins/com.st.stm32cube.ide.mcu.externaltools.gnu-tools-for-stm32.11.3.rel1.win32_1.1.100.202309141235/tools/bin/../lib/gcc/arm-none-eabi/11.3.1/thumb/v7e-m+fp/hard\libgcc.a(_dvmd_tls.o)
                0x0000000008000f40                __aeabi_idiv0
                0x0000000008000f40                __aeabi_ldiv0
 *(.text*)
 .text._ZN3ros16normalizeSecNSecERmS0_
                0x0000000008000f44       0x58 ./Core/Inc/ROS/time.o
                0x0000000008000f44                ros::normalizeSecNSec(unsigned long&, unsigned long&)
 .text.set_last_read_angle_data
                0x0000000008000f9c       0x74 ./Core/Src/main.o
                0x0000000008000f9c                set_last_read_angle_data
 .text.get_last_time
                0x0000000008001010       0x18 ./Core/Src/main.o
                0x0000000008001010                get_last_time
 .text.get_last_x_angle
                0x0000000008001028       0x1c ./Core/Src/main.o
                0x0000000008001028                get_last_x_angle
 .text.get_last_y_angle
                0x0000000008001044       0x1c ./Core/Src/main.o
                0x0000000008001044                get_last_y_angle
 .text.get_last_z_angle
                0x0000000008001060       0x1c ./Core/Src/main.o
                0x0000000008001060                get_last_z_angle
 .text.get_last_gyro_x_angle
                0x000000000800107c       0x1c ./Core/Src/main.o
                0x000000000800107c                get_last_gyro_x_angle
 .text.get_last_gyro_y_angle
                0x0000000008001098       0x1c ./Core/Src/main.o
                0x0000000008001098                get_last_gyro_y_angle
 .text.get_last_gyro_z_angle
                0x00000000080010b4       0x1c ./Core/Src/main.o
                0x00000000080010b4                get_last_gyro_z_angle
 .text.get_mpudata_average
                0x00000000080010d0      0x198 ./Core/Src/main.o
                0x00000000080010d0                get_mpudata_average
 .text.main     0x0000000008001268       0xbc ./Core/Src/main.o
                0x0000000008001268                main
 .text.SystemClock_Config
                0x0000000008001324       0xd4 ./Core/Src/main.o
                0x0000000008001324                SystemClock_Config
 .text.MX_I2C1_Init
                0x00000000080013f8       0x5c ./Core/Src/main.o
 .text.MX_TIM1_Init
                0x0000000008001454       0xb0 ./Core/Src/main.o
 .text.MX_TIM2_Init
                0x0000000008001504       0x9c ./Core/Src/main.o
 .text.MX_TIM3_Init
                0x00000000080015a0       0xc8 ./Core/Src/main.o
 .text.MX_TIM4_Init
                0x0000000008001668       0xa8 ./Core/Src/main.o
 .text.MX_USART2_UART_Init
                0x0000000008001710       0x54 ./Core/Src/main.o
 .text.MX_USART6_UART_Init
                0x0000000008001764       0x54 ./Core/Src/main.o
 .text.MX_DMA_Init
                0x00000000080017b8       0x50 ./Core/Src/main.o
 .text.MX_GPIO_Init
                0x0000000008001808      0x154 ./Core/Src/main.o
 .text.PID_Calculate1
                0x000000000800195c      0x274 ./Core/Src/main.o
                0x000000000800195c                PID_Calculate1
 .text.PID_Calculate2
                0x0000000008001bd0      0x274 ./Core/Src/main.o
                0x0000000008001bd0                PID_Calculate2
 .text.PWM_Calculate1
                0x0000000008001e44       0xf8 ./Core/Src/main.o
                0x0000000008001e44                PWM_Calculate1
 .text.PWM_Calculate2
                0x0000000008001f3c       0xf8 ./Core/Src/main.o
                0x0000000008001f3c                PWM_Calculate2
 *fill*         0x0000000008002034        0x4 
 .text.read_imu
                0x0000000008002038      0x4c4 ./Core/Src/main.o
                0x0000000008002038                read_imu
 .text.HAL_TIM_PeriodElapsedCallback
                0x00000000080024fc       0x54 ./Core/Src/main.o
                0x00000000080024fc                HAL_TIM_PeriodElapsedCallback
 .text.Error_Handler
                0x0000000008002550        0xa ./Core/Src/main.o
                0x0000000008002550                Error_Handler
 .text._ZN3ros4TimeC2Ev
                0x000000000800255a       0x22 ./Core/Src/mainpp.o
                0x000000000800255a                ros::Time::Time()
                0x000000000800255a                ros::Time::Time()
 .text._ZN3ros3MsgC2Ev
                0x000000000800257c       0x20 ./Core/Src/mainpp.o
                0x000000000800257c                ros::Msg::Msg()
                0x000000000800257c                ros::Msg::Msg()
 .text._ZN8std_msgs4TimeC2Ev
                0x000000000800259c       0x30 ./Core/Src/mainpp.o
                0x000000000800259c                std_msgs::Time::Time()
                0x000000000800259c                std_msgs::Time::Time()
 .text._ZNK8std_msgs4Time9serializeEPh
                0x00000000080025cc       0xb0 ./Core/Src/mainpp.o
                0x00000000080025cc                std_msgs::Time::serialize(unsigned char*) const
 .text._ZN8std_msgs4Time11deserializeEPh
                0x000000000800267c       0xc8 ./Core/Src/mainpp.o
                0x000000000800267c                std_msgs::Time::deserialize(unsigned char*)
 .text._ZN8std_msgs4Time7getTypeEv
                0x0000000008002744       0x1c ./Core/Src/mainpp.o
                0x0000000008002744                std_msgs::Time::getType()
 .text._ZN8std_msgs4Time6getMD5Ev
                0x0000000008002760       0x1c ./Core/Src/mainpp.o
                0x0000000008002760                std_msgs::Time::getMD5()
 .text._ZN14rosserial_msgs9TopicInfoC2Ev
                0x000000000800277c       0x48 ./Core/Src/mainpp.o
                0x000000000800277c                rosserial_msgs::TopicInfo::TopicInfo()
                0x000000000800277c                rosserial_msgs::TopicInfo::TopicInfo()
 .text._ZNK14rosserial_msgs9TopicInfo9serializeEPh
                0x00000000080027c4      0x136 ./Core/Src/mainpp.o
                0x00000000080027c4                rosserial_msgs::TopicInfo::serialize(unsigned char*) const
 .text._ZN14rosserial_msgs9TopicInfo11deserializeEPh
                0x00000000080028fa      0x1d0 ./Core/Src/mainpp.o
                0x00000000080028fa                rosserial_msgs::TopicInfo::deserialize(unsigned char*)
 *fill*         0x0000000008002aca        0x2 
 .text._ZN14rosserial_msgs9TopicInfo7getTypeEv
                0x0000000008002acc       0x1c ./Core/Src/mainpp.o
                0x0000000008002acc                rosserial_msgs::TopicInfo::getType()
 .text._ZN14rosserial_msgs9TopicInfo6getMD5Ev
                0x0000000008002ae8       0x1c ./Core/Src/mainpp.o
                0x0000000008002ae8                rosserial_msgs::TopicInfo::getMD5()
 .text._ZN14rosserial_msgs3LogC2Ev
                0x0000000008002b04       0x34 ./Core/Src/mainpp.o
                0x0000000008002b04                rosserial_msgs::Log::Log()
                0x0000000008002b04                rosserial_msgs::Log::Log()
 .text._ZNK14rosserial_msgs3Log9serializeEPh
                0x0000000008002b38       0x64 ./Core/Src/mainpp.o
                0x0000000008002b38                rosserial_msgs::Log::serialize(unsigned char*) const
 .text._ZN14rosserial_msgs3Log11deserializeEPh
                0x0000000008002b9c       0x90 ./Core/Src/mainpp.o
                0x0000000008002b9c                rosserial_msgs::Log::deserialize(unsigned char*)
 .text._ZN14rosserial_msgs3Log7getTypeEv
                0x0000000008002c2c       0x1c ./Core/Src/mainpp.o
                0x0000000008002c2c                rosserial_msgs::Log::getType()
 .text._ZN14rosserial_msgs3Log6getMD5Ev
                0x0000000008002c48       0x1c ./Core/Src/mainpp.o
                0x0000000008002c48                rosserial_msgs::Log::getMD5()
 .text._ZN14rosserial_msgs20RequestParamResponseC2Ev
                0x0000000008002c64       0x5c ./Core/Src/mainpp.o
                0x0000000008002c64                rosserial_msgs::RequestParamResponse::RequestParamResponse()
                0x0000000008002c64                rosserial_msgs::RequestParamResponse::RequestParamResponse()
 .text._ZNK14rosserial_msgs20RequestParamResponse9serializeEPh
                0x0000000008002cc0      0x222 ./Core/Src/mainpp.o
                0x0000000008002cc0                rosserial_msgs::RequestParamResponse::serialize(unsigned char*) const
 .text._ZN14rosserial_msgs20RequestParamResponse11deserializeEPh
                0x0000000008002ee2      0x2e2 ./Core/Src/mainpp.o
                0x0000000008002ee2                rosserial_msgs::RequestParamResponse::deserialize(unsigned char*)
 .text._ZN14rosserial_msgs20RequestParamResponse7getTypeEv
                0x00000000080031c4       0x1c ./Core/Src/mainpp.o
                0x00000000080031c4                rosserial_msgs::RequestParamResponse::getType()
 .text._ZN14rosserial_msgs20RequestParamResponse6getMD5Ev
                0x00000000080031e0       0x1c ./Core/Src/mainpp.o
                0x00000000080031e0                rosserial_msgs::RequestParamResponse::getMD5()
 .text._ZN3ros9PublisherC2EPKcPNS_3MsgEi
                0x00000000080031fc       0x2e ./Core/Src/mainpp.o
                0x00000000080031fc                ros::Publisher::Publisher(char const*, ros::Msg*, int)
                0x00000000080031fc                ros::Publisher::Publisher(char const*, ros::Msg*, int)
 .text._ZN3ros9Publisher7publishEPKNS_3MsgE
                0x000000000800322a       0x28 ./Core/Src/mainpp.o
                0x000000000800322a                ros::Publisher::publish(ros::Msg const*)
 .text._ZN3ros9Publisher15getEndpointTypeEv
                0x0000000008003252       0x18 ./Core/Src/mainpp.o
                0x0000000008003252                ros::Publisher::getEndpointType()
 .text._ZN13STM32Hardware10getRdmaIndEv
                0x000000000800326a       0x26 ./Core/Src/mainpp.o
                0x000000000800326a                STM32Hardware::getRdmaInd()
 .text._ZN13STM32HardwareC2Ev
                0x0000000008003290       0x38 ./Core/Src/mainpp.o
                0x0000000008003290                STM32Hardware::STM32Hardware()
                0x0000000008003290                STM32Hardware::STM32Hardware()
 .text._ZN13STM32Hardware4initEv
                0x00000000080032c8       0x16 ./Core/Src/mainpp.o
                0x00000000080032c8                STM32Hardware::init()
 .text._ZN13STM32Hardware10reset_rbufEv
                0x00000000080032de       0x22 ./Core/Src/mainpp.o
                0x00000000080032de                STM32Hardware::reset_rbuf()
 .text._ZN13STM32Hardware4readEv
                0x0000000008003300       0x5a ./Core/Src/mainpp.o
                0x0000000008003300                STM32Hardware::read()
 *fill*         0x000000000800335a        0x2 
 .text._ZN13STM32Hardware5flushEv
                0x000000000800335c       0xe8 ./Core/Src/mainpp.o
                0x000000000800335c                STM32Hardware::flush()
 .text._ZN13STM32Hardware5writeEPKhi
                0x0000000008003444       0x8c ./Core/Src/mainpp.o
                0x0000000008003444                STM32Hardware::write(unsigned char const*, int)
 .text._ZN13STM32Hardware4timeEv
                0x00000000080034d0       0x16 ./Core/Src/mainpp.o
                0x00000000080034d0                STM32Hardware::time()
 *fill*         0x00000000080034e6        0x2 
 .text._ZN8std_msgs5Int32C2Ev
                0x00000000080034e8       0x2c ./Core/Src/mainpp.o
                0x00000000080034e8                std_msgs::Int32::Int32()
                0x00000000080034e8                std_msgs::Int32::Int32()
 .text._ZNK8std_msgs5Int329serializeEPh
                0x0000000008003514       0x64 ./Core/Src/mainpp.o
                0x0000000008003514                std_msgs::Int32::serialize(unsigned char*) const
 .text._ZN8std_msgs5Int3211deserializeEPh
                0x0000000008003578       0x70 ./Core/Src/mainpp.o
                0x0000000008003578                std_msgs::Int32::deserialize(unsigned char*)
 .text._ZN8std_msgs5Int327getTypeEv
                0x00000000080035e8       0x1c ./Core/Src/mainpp.o
                0x00000000080035e8                std_msgs::Int32::getType()
 .text._ZN8std_msgs5Int326getMD5Ev
                0x0000000008003604       0x1c ./Core/Src/mainpp.o
                0x0000000008003604                std_msgs::Int32::getMD5()
 .text._ZN8std_msgs5EmptyC2Ev
                0x0000000008003620       0x24 ./Core/Src/mainpp.o
                0x0000000008003620                std_msgs::Empty::Empty()
                0x0000000008003620                std_msgs::Empty::Empty()
 .text._ZNK8std_msgs5Empty9serializeEPh
                0x0000000008003644       0x1c ./Core/Src/mainpp.o
                0x0000000008003644                std_msgs::Empty::serialize(unsigned char*) const
 .text._ZN8std_msgs5Empty11deserializeEPh
                0x0000000008003660       0x1c ./Core/Src/mainpp.o
                0x0000000008003660                std_msgs::Empty::deserialize(unsigned char*)
 .text._ZN8std_msgs5Empty7getTypeEv
                0x000000000800367c       0x1c ./Core/Src/mainpp.o
                0x000000000800367c                std_msgs::Empty::getType()
 .text._ZN8std_msgs5Empty6getMD5Ev
                0x0000000008003698       0x1c ./Core/Src/mainpp.o
                0x0000000008003698                std_msgs::Empty::getMD5()
 .text._ZN8std_msgs6StringC2Ev
                0x00000000080036b4       0x30 ./Core/Src/mainpp.o
                0x00000000080036b4                std_msgs::String::String()
                0x00000000080036b4                std_msgs::String::String()
 .text._ZNK8std_msgs6String9serializeEPh
                0x00000000080036e4       0x52 ./Core/Src/mainpp.o
                0x00000000080036e4                std_msgs::String::serialize(unsigned char*) const
 .text._ZN8std_msgs6String11deserializeEPh
                0x0000000008003736       0x7e ./Core/Src/mainpp.o
                0x0000000008003736                std_msgs::String::deserialize(unsigned char*)
 .text._ZN8std_msgs6String7getTypeEv
                0x00000000080037b4       0x1c ./Core/Src/mainpp.o
                0x00000000080037b4                std_msgs::String::getType()
 .text._ZN8std_msgs6String6getMD5Ev
                0x00000000080037d0       0x1c ./Core/Src/mainpp.o
                0x00000000080037d0                std_msgs::String::getMD5()
 .text._ZN13geometry_msgs7Vector3C2Ev
                0x00000000080037ec       0x50 ./Core/Src/mainpp.o
                0x00000000080037ec                geometry_msgs::Vector3::Vector3()
                0x00000000080037ec                geometry_msgs::Vector3::Vector3()
 .text._ZNK13geometry_msgs7Vector39serializeEPh
                0x000000000800383c      0x2e6 ./Core/Src/mainpp.o
                0x000000000800383c                geometry_msgs::Vector3::serialize(unsigned char*) const
 .text._ZN13geometry_msgs7Vector311deserializeEPh
                0x0000000008003b22      0x6be ./Core/Src/mainpp.o
                0x0000000008003b22                geometry_msgs::Vector3::deserialize(unsigned char*)
 .text._ZN13geometry_msgs7Vector37getTypeEv
                0x00000000080041e0       0x1c ./Core/Src/mainpp.o
                0x00000000080041e0                geometry_msgs::Vector3::getType()
 .text._ZN13geometry_msgs7Vector36getMD5Ev
                0x00000000080041fc       0x1c ./Core/Src/mainpp.o
                0x00000000080041fc                geometry_msgs::Vector3::getMD5()
 .text._ZN13geometry_msgs5TwistC2Ev
                0x0000000008004218       0x38 ./Core/Src/mainpp.o
                0x0000000008004218                geometry_msgs::Twist::Twist()
                0x0000000008004218                geometry_msgs::Twist::Twist()
 .text._ZNK13geometry_msgs5Twist9serializeEPh
                0x0000000008004250       0x4c ./Core/Src/mainpp.o
                0x0000000008004250                geometry_msgs::Twist::serialize(unsigned char*) const
 .text._ZN13geometry_msgs5Twist11deserializeEPh
                0x000000000800429c       0x4c ./Core/Src/mainpp.o
                0x000000000800429c                geometry_msgs::Twist::deserialize(unsigned char*)
 .text._ZN13geometry_msgs5Twist7getTypeEv
                0x00000000080042e8       0x1c ./Core/Src/mainpp.o
                0x00000000080042e8                geometry_msgs::Twist::getType()
 .text._ZN13geometry_msgs5Twist6getMD5Ev
                0x0000000008004304       0x1c ./Core/Src/mainpp.o
                0x0000000008004304                geometry_msgs::Twist::getMD5()
 .text._ZN8std_msgs6HeaderC2Ev
                0x0000000008004320       0x40 ./Core/Src/mainpp.o
                0x0000000008004320                std_msgs::Header::Header()
                0x0000000008004320                std_msgs::Header::Header()
 .text._ZNK8std_msgs6Header9serializeEPh
                0x0000000008004360      0x130 ./Core/Src/mainpp.o
                0x0000000008004360                std_msgs::Header::serialize(unsigned char*) const
 .text._ZN8std_msgs6Header11deserializeEPh
                0x0000000008004490      0x180 ./Core/Src/mainpp.o
                0x0000000008004490                std_msgs::Header::deserialize(unsigned char*)
 .text._ZN8std_msgs6Header7getTypeEv
                0x0000000008004610       0x1c ./Core/Src/mainpp.o
                0x0000000008004610                std_msgs::Header::getType()
 .text._ZN8std_msgs6Header6getMD5Ev
                0x000000000800462c       0x1c ./Core/Src/mainpp.o
                0x000000000800462c                std_msgs::Header::getMD5()
 .text._ZN13geometry_msgs10QuaternionC2Ev
                0x0000000008004648       0x5c ./Core/Src/mainpp.o
                0x0000000008004648                geometry_msgs::Quaternion::Quaternion()
                0x0000000008004648                geometry_msgs::Quaternion::Quaternion()
 .text._ZNK13geometry_msgs10Quaternion9serializeEPh
                0x00000000080046a4      0x3d4 ./Core/Src/mainpp.o
                0x00000000080046a4                geometry_msgs::Quaternion::serialize(unsigned char*) const
 .text._ZN13geometry_msgs10Quaternion11deserializeEPh
                0x0000000008004a78      0x914 ./Core/Src/mainpp.o
                0x0000000008004a78                geometry_msgs::Quaternion::deserialize(unsigned char*)
 .text._ZN13geometry_msgs10Quaternion7getTypeEv
                0x000000000800538c       0x1c ./Core/Src/mainpp.o
                0x000000000800538c                geometry_msgs::Quaternion::getType()
 .text._ZN13geometry_msgs10Quaternion6getMD5Ev
                0x00000000080053a8       0x1c ./Core/Src/mainpp.o
                0x00000000080053a8                geometry_msgs::Quaternion::getMD5()
 .text._ZN11sensor_msgs3ImuC2Ev
                0x00000000080053c4       0xa8 ./Core/Src/mainpp.o
                0x00000000080053c4                sensor_msgs::Imu::Imu()
                0x00000000080053c4                sensor_msgs::Imu::Imu()
 .text._ZNK11sensor_msgs3Imu9serializeEPh
                0x000000000800546c      0x39c ./Core/Src/mainpp.o
                0x000000000800546c                sensor_msgs::Imu::serialize(unsigned char*) const
 .text._ZN11sensor_msgs3Imu11deserializeEPh
                0x0000000008005808      0x7ba ./Core/Src/mainpp.o
                0x0000000008005808                sensor_msgs::Imu::deserialize(unsigned char*)
 *fill*         0x0000000008005fc2        0x2 
 .text._ZN11sensor_msgs3Imu7getTypeEv
                0x0000000008005fc4       0x1c ./Core/Src/mainpp.o
                0x0000000008005fc4                sensor_msgs::Imu::getType()
 .text._ZN11sensor_msgs3Imu6getMD5Ev
                0x0000000008005fe0       0x1c ./Core/Src/mainpp.o
                0x0000000008005fe0                sensor_msgs::Imu::getMD5()
 .text._ZN3ros15NodeHandleBase_C2Ev
                0x0000000008005ffc       0x20 ./Core/Src/mainpp.o
                0x0000000008005ffc                ros::NodeHandleBase_::NodeHandleBase_()
                0x0000000008005ffc                ros::NodeHandleBase_::NodeHandleBase_()
 .text._ZN3ros11NodeHandle_I13STM32HardwareLi25ELi25ELi512ELi512EEC2Ev
                0x000000000800601c       0xf0 ./Core/Src/mainpp.o
                0x000000000800601c                ros::NodeHandle_<STM32Hardware, 25, 25, 512, 512>::NodeHandle_()
                0x000000000800601c                ros::NodeHandle_<STM32Hardware, 25, 25, 512, 512>::NodeHandle_()
 .text._Z6led_cbRKN8std_msgs5EmptyE
                0x000000000800610c       0x20 ./Core/Src/mainpp.o
                0x000000000800610c                led_cb(std_msgs::Empty const&)
 .text._Z23subscriber_cmd_callbackRKN13geometry_msgs5TwistE
                0x000000000800612c       0x3c ./Core/Src/mainpp.o
                0x000000000800612c                subscriber_cmd_callback(geometry_msgs::Twist const&)
 .text.HAL_UART_TxCpltCallback
                0x0000000008006168       0x30 ./Core/Src/mainpp.o
                0x0000000008006168                HAL_UART_TxCpltCallback
 .text.HAL_UART_RxCpltCallback
                0x0000000008006198       0x30 ./Core/Src/mainpp.o
                0x0000000008006198                HAL_UART_RxCpltCallback
 .text.setup    0x00000000080061c8       0x50 ./Core/Src/mainpp.o
                0x00000000080061c8                setup
 .text.loop     0x0000000008006218       0x70 ./Core/Src/mainpp.o
                0x0000000008006218                loop
 .text._ZN3ros3Msg8varToArrIPhmEEvT_T0_
                0x0000000008006288       0x3e ./Core/Src/mainpp.o
                0x0000000008006288                void ros::Msg::varToArr<unsigned char*, unsigned long>(unsigned char*, unsigned long)
 .text._ZN3ros3Msg8arrToVarImPhEEvRT_T0_
                0x00000000080062c6       0x4c ./Core/Src/mainpp.o
                0x00000000080062c6                void ros::Msg::arrToVar<unsigned long, unsigned char*>(unsigned long&, unsigned char*)
 *fill*         0x0000000008006312        0x2 
 .text._ZN3ros11Subscriber_C2Ev
                0x0000000008006314       0x20 ./Core/Src/mainpp.o
                0x0000000008006314                ros::Subscriber_::Subscriber_()
                0x0000000008006314                ros::Subscriber_::Subscriber_()
 .text._ZN3ros10SubscriberIN13geometry_msgs5TwistEvEC2EPKcPFvRKS2_Ei
                0x0000000008006334       0x48 ./Core/Src/mainpp.o
                0x0000000008006334                ros::Subscriber<geometry_msgs::Twist, void>::Subscriber(char const*, void (*)(geometry_msgs::Twist const&), int)
                0x0000000008006334                ros::Subscriber<geometry_msgs::Twist, void>::Subscriber(char const*, void (*)(geometry_msgs::Twist const&), int)
 .text._ZN3ros10SubscriberIN8std_msgs5EmptyEvEC2EPKcPFvRKS2_Ei
                0x000000000800637c       0x48 ./Core/Src/mainpp.o
                0x000000000800637c                ros::Subscriber<std_msgs::Empty, void>::Subscriber(char const*, void (*)(std_msgs::Empty const&), int)
                0x000000000800637c                ros::Subscriber<std_msgs::Empty, void>::Subscriber(char const*, void (*)(std_msgs::Empty const&), int)
 .text._ZN3ros11NodeHandle_I13STM32HardwareLi25ELi25ELi512ELi512EE11getHardwareEv
                0x00000000080063c4       0x18 ./Core/Src/mainpp.o
                0x00000000080063c4                ros::NodeHandle_<STM32Hardware, 25, 25, 512, 512>::getHardware()
 .text._ZN3ros11NodeHandle_I13STM32HardwareLi25ELi25ELi512ELi512EE8initNodeEv
                0x00000000080063dc       0x3a ./Core/Src/mainpp.o
                0x00000000080063dc                ros::NodeHandle_<STM32Hardware, 25, 25, 512, 512>::initNode()
 .text._ZN3ros11NodeHandle_I13STM32HardwareLi25ELi25ELi512ELi512EE9advertiseERNS_9PublisherE
                0x0000000008006416       0x60 ./Core/Src/mainpp.o
                0x0000000008006416                ros::NodeHandle_<STM32Hardware, 25, 25, 512, 512>::advertise(ros::Publisher&)
 .text._ZN3ros11NodeHandle_I13STM32HardwareLi25ELi25ELi512ELi512EE9subscribeERNS_11Subscriber_E
                0x0000000008006476       0x56 ./Core/Src/mainpp.o
                0x0000000008006476                ros::NodeHandle_<STM32Hardware, 25, 25, 512, 512>::subscribe(ros::Subscriber_&)
 .text._ZN3ros11NodeHandle_I13STM32HardwareLi25ELi25ELi512ELi512EE8spinOnceEv
                0x00000000080064cc      0x3b2 ./Core/Src/mainpp.o
                0x00000000080064cc                ros::NodeHandle_<STM32Hardware, 25, 25, 512, 512>::spinOnce()
 .text._ZN3ros11NodeHandle_I13STM32HardwareLi25ELi25ELi512ELi512EE15requestSyncTimeEv
                0x000000000800687e       0x3c ./Core/Src/mainpp.o
                0x000000000800687e                ros::NodeHandle_<STM32Hardware, 25, 25, 512, 512>::requestSyncTime()
 .text._ZN3ros11NodeHandle_I13STM32HardwareLi25ELi25ELi512ELi512EE15negotiateTopicsEv
                0x00000000080068ba      0x1be ./Core/Src/mainpp.o
                0x00000000080068ba                ros::NodeHandle_<STM32Hardware, 25, 25, 512, 512>::negotiateTopics()
 .text._ZN3ros11NodeHandle_I13STM32HardwareLi25ELi25ELi512ELi512EE8syncTimeEPh
                0x0000000008006a78       0x98 ./Core/Src/mainpp.o
                0x0000000008006a78                ros::NodeHandle_<STM32Hardware, 25, 25, 512, 512>::syncTime(unsigned char*)
 .text._ZN3ros11NodeHandle_I13STM32HardwareLi25ELi25ELi512ELi512EE7publishEiPKNS_3MsgE
                0x0000000008006b10      0x128 ./Core/Src/mainpp.o
                0x0000000008006b10                ros::NodeHandle_<STM32Hardware, 25, 25, 512, 512>::publish(int, ros::Msg const*)
 .text._ZN3ros11NodeHandle_I13STM32HardwareLi25ELi25ELi512ELi512EE6setNowERKNS_4TimeE
                0x0000000008006c38       0x80 ./Core/Src/mainpp.o
                0x0000000008006c38                ros::NodeHandle_<STM32Hardware, 25, 25, 512, 512>::setNow(ros::Time const&)
 .text._ZN3ros11NodeHandle_I13STM32HardwareLi25ELi25ELi512ELi512EE8logerrorEPKc
                0x0000000008006cb8       0x1c ./Core/Src/mainpp.o
                0x0000000008006cb8                ros::NodeHandle_<STM32Hardware, 25, 25, 512, 512>::logerror(char const*)
 .text._ZN3ros11NodeHandle_I13STM32HardwareLi25ELi25ELi512ELi512EE3logEcPKc
                0x0000000008006cd4       0x38 ./Core/Src/mainpp.o
                0x0000000008006cd4                ros::NodeHandle_<STM32Hardware, 25, 25, 512, 512>::log(char, char const*)
 .text._Z41__static_initialization_and_destruction_0ii
                0x0000000008006d0c       0xd4 ./Core/Src/mainpp.o
 .text._ZN3ros10SubscriberIN8std_msgs5EmptyEvE8callbackEPh
                0x0000000008006de0       0x2a ./Core/Src/mainpp.o
                0x0000000008006de0                ros::Subscriber<std_msgs::Empty, void>::callback(unsigned char*)
 .text._ZN3ros10SubscriberIN8std_msgs5EmptyEvE15getEndpointTypeEv
                0x0000000008006e0a       0x18 ./Core/Src/mainpp.o
                0x0000000008006e0a                ros::Subscriber<std_msgs::Empty, void>::getEndpointType()
 .text._ZN3ros10SubscriberIN8std_msgs5EmptyEvE10getMsgTypeEv
                0x0000000008006e22       0x1c ./Core/Src/mainpp.o
                0x0000000008006e22                ros::Subscriber<std_msgs::Empty, void>::getMsgType()
 .text._ZN3ros10SubscriberIN8std_msgs5EmptyEvE9getMsgMD5Ev
                0x0000000008006e3e       0x1c ./Core/Src/mainpp.o
                0x0000000008006e3e                ros::Subscriber<std_msgs::Empty, void>::getMsgMD5()
 .text._ZN3ros10SubscriberIN13geometry_msgs5TwistEvE8callbackEPh
                0x0000000008006e5a       0x2a ./Core/Src/mainpp.o
                0x0000000008006e5a                ros::Subscriber<geometry_msgs::Twist, void>::callback(unsigned char*)
 .text._ZN3ros10SubscriberIN13geometry_msgs5TwistEvE15getEndpointTypeEv
                0x0000000008006e84       0x18 ./Core/Src/mainpp.o
                0x0000000008006e84                ros::Subscriber<geometry_msgs::Twist, void>::getEndpointType()
 .text._ZN3ros10SubscriberIN13geometry_msgs5TwistEvE10getMsgTypeEv
                0x0000000008006e9c       0x1c ./Core/Src/mainpp.o
                0x0000000008006e9c                ros::Subscriber<geometry_msgs::Twist, void>::getMsgType()
 .text._ZN3ros10SubscriberIN13geometry_msgs5TwistEvE9getMsgMD5Ev
                0x0000000008006eb8       0x1c ./Core/Src/mainpp.o
                0x0000000008006eb8                ros::Subscriber<geometry_msgs::Twist, void>::getMsgMD5()
 .text._ZN3ros11NodeHandle_I13STM32HardwareLi25ELi25ELi512ELi512EE9connectedEv
                0x0000000008006ed4       0x1a ./Core/Src/mainpp.o
                0x0000000008006ed4                ros::NodeHandle_<STM32Hardware, 25, 25, 512, 512>::connected()
 .text._GLOBAL__sub_I_imu_data_tx
                0x0000000008006eee       0x10 ./Core/Src/mainpp.o
 *fill*         0x0000000008006efe        0x2 
 .text.HAL_MspInit
                0x0000000008006f00       0x50 ./Core/Src/stm32f4xx_hal_msp.o
                0x0000000008006f00                HAL_MspInit
 .text.HAL_I2C_MspInit
                0x0000000008006f50       0x90 ./Core/Src/stm32f4xx_hal_msp.o
                0x0000000008006f50                HAL_I2C_MspInit
 .text.HAL_TIM_Encoder_MspInit
                0x0000000008006fe0      0x100 ./Core/Src/stm32f4xx_hal_msp.o
                0x0000000008006fe0                HAL_TIM_Encoder_MspInit
 .text.HAL_TIM_Base_MspInit
                0x00000000080070e0       0x4c ./Core/Src/stm32f4xx_hal_msp.o
                0x00000000080070e0                HAL_TIM_Base_MspInit
 .text.HAL_TIM_PWM_MspInit
                0x000000000800712c       0x44 ./Core/Src/stm32f4xx_hal_msp.o
                0x000000000800712c                HAL_TIM_PWM_MspInit
 .text.HAL_TIM_MspPostInit
                0x0000000008007170       0x74 ./Core/Src/stm32f4xx_hal_msp.o
                0x0000000008007170                HAL_TIM_MspPostInit
 .text.HAL_UART_MspInit
                0x00000000080071e4      0x1d8 ./Core/Src/stm32f4xx_hal_msp.o
                0x00000000080071e4                HAL_UART_MspInit
 .text.NMI_Handler
                0x00000000080073bc        0x6 ./Core/Src/stm32f4xx_it.o
                0x00000000080073bc                NMI_Handler
 .text.HardFault_Handler
                0x00000000080073c2        0x6 ./Core/Src/stm32f4xx_it.o
                0x00000000080073c2                HardFault_Handler
 .text.MemManage_Handler
                0x00000000080073c8        0x6 ./Core/Src/stm32f4xx_it.o
                0x00000000080073c8                MemManage_Handler
 .text.BusFault_Handler
                0x00000000080073ce        0x6 ./Core/Src/stm32f4xx_it.o
                0x00000000080073ce                BusFault_Handler
 .text.UsageFault_Handler
                0x00000000080073d4        0x6 ./Core/Src/stm32f4xx_it.o
                0x00000000080073d4                UsageFault_Handler
 .text.SVC_Handler
                0x00000000080073da        0xe ./Core/Src/stm32f4xx_it.o
                0x00000000080073da                SVC_Handler
 .text.DebugMon_Handler
                0x00000000080073e8        0xe ./Core/Src/stm32f4xx_it.o
                0x00000000080073e8                DebugMon_Handler
 .text.PendSV_Handler
                0x00000000080073f6        0xe ./Core/Src/stm32f4xx_it.o
                0x00000000080073f6                PendSV_Handler
 .text.SysTick_Handler
                0x0000000008007404        0xc ./Core/Src/stm32f4xx_it.o
                0x0000000008007404                SysTick_Handler
 .text.TIM2_IRQHandler
                0x0000000008007410       0x14 ./Core/Src/stm32f4xx_it.o
                0x0000000008007410                TIM2_IRQHandler
 .text.DMA2_Stream1_IRQHandler
                0x0000000008007424       0x14 ./Core/Src/stm32f4xx_it.o
                0x0000000008007424                DMA2_Stream1_IRQHandler
 .text.DMA2_Stream6_IRQHandler
                0x0000000008007438       0x14 ./Core/Src/stm32f4xx_it.o
                0x0000000008007438                DMA2_Stream6_IRQHandler
 .text.USART6_IRQHandler
                0x000000000800744c       0x14 ./Core/Src/stm32f4xx_it.o
                0x000000000800744c                USART6_IRQHandler
 .text._getpid  0x0000000008007460       0x10 ./Core/Src/syscalls.o
                0x0000000008007460                _getpid
 .text._kill    0x0000000008007470       0x20 ./Core/Src/syscalls.o
                0x0000000008007470                _kill
 .text._exit    0x0000000008007490       0x14 ./Core/Src/syscalls.o
                0x0000000008007490                _exit
 .text._read    0x00000000080074a4       0x3a ./Core/Src/syscalls.o
                0x00000000080074a4                _read
 .text._write   0x00000000080074de       0x38 ./Core/Src/syscalls.o
                0x00000000080074de                _write
 .text._close   0x0000000008007516       0x18 ./Core/Src/syscalls.o
                0x0000000008007516                _close
 .text._fstat   0x000000000800752e       0x20 ./Core/Src/syscalls.o
                0x000000000800752e                _fstat
 .text._isatty  0x000000000800754e       0x16 ./Core/Src/syscalls.o
                0x000000000800754e                _isatty
 .text._lseek   0x0000000008007564       0x1a ./Core/Src/syscalls.o
                0x0000000008007564                _lseek
 *fill*         0x000000000800757e        0x2 
 .text._sbrk    0x0000000008007580       0x6c ./Core/Src/sysmem.o
                0x0000000008007580                _sbrk
 .text.SystemInit
                0x00000000080075ec       0x24 ./Core/Src/system_stm32f4xx.o
                0x00000000080075ec                SystemInit
 .text.Reset_Handler
                0x0000000008007610       0x50 ./Core/Startup/startup_stm32f407vgtx.o
                0x0000000008007610                Reset_Handler
 .text.Default_Handler
                0x0000000008007660        0x2 ./Core/Startup/startup_stm32f407vgtx.o
                0x0000000008007660                RTC_Alarm_IRQHandler
                0x0000000008007660                HASH_RNG_IRQHandler
                0x0000000008007660                EXTI2_IRQHandler
                0x0000000008007660                TIM8_CC_IRQHandler
                0x0000000008007660                TIM1_CC_IRQHandler
                0x0000000008007660                DMA2_Stream5_IRQHandler
                0x0000000008007660                DMA1_Stream5_IRQHandler
                0x0000000008007660                PVD_IRQHandler
                0x0000000008007660                SDIO_IRQHandler
                0x0000000008007660                TAMP_STAMP_IRQHandler
                0x0000000008007660                CAN2_RX1_IRQHandler
                0x0000000008007660                EXTI3_IRQHandler
                0x0000000008007660                TIM8_TRG_COM_TIM14_IRQHandler
                0x0000000008007660                TIM1_UP_TIM10_IRQHandler
                0x0000000008007660                TIM8_UP_TIM13_IRQHandler
                0x0000000008007660                I2C3_ER_IRQHandler
                0x0000000008007660                EXTI0_IRQHandler
                0x0000000008007660                I2C2_EV_IRQHandler
                0x0000000008007660                DMA1_Stream2_IRQHandler
                0x0000000008007660                CAN1_RX0_IRQHandler
                0x0000000008007660                FPU_IRQHandler
                0x0000000008007660                OTG_HS_WKUP_IRQHandler
                0x0000000008007660                CAN2_SCE_IRQHandler
                0x0000000008007660                DMA2_Stream2_IRQHandler
                0x0000000008007660                SPI1_IRQHandler
                0x0000000008007660                TIM6_DAC_IRQHandler
                0x0000000008007660                TIM1_BRK_TIM9_IRQHandler
                0x0000000008007660                DCMI_IRQHandler
                0x0000000008007660                CAN2_RX0_IRQHandler
                0x0000000008007660                DMA2_Stream3_IRQHandler
                0x0000000008007660                USART3_IRQHandler
                0x0000000008007660                CAN1_RX1_IRQHandler
                0x0000000008007660                UART5_IRQHandler
                0x0000000008007660                DMA2_Stream0_IRQHandler
                0x0000000008007660                TIM4_IRQHandler
                0x0000000008007660                I2C1_EV_IRQHandler
                0x0000000008007660                DMA1_Stream6_IRQHandler
                0x0000000008007660                DMA1_Stream1_IRQHandler
                0x0000000008007660                UART4_IRQHandler
                0x0000000008007660                TIM3_IRQHandler
                0x0000000008007660                RCC_IRQHandler
                0x0000000008007660                TIM8_BRK_TIM12_IRQHandler
                0x0000000008007660                Default_Handler
                0x0000000008007660                EXTI15_10_IRQHandler
                0x0000000008007660                ADC_IRQHandler
                0x0000000008007660                DMA1_Stream7_IRQHandler
                0x0000000008007660                TIM7_IRQHandler
                0x0000000008007660                CAN2_TX_IRQHandler
                0x0000000008007660                TIM5_IRQHandler
                0x0000000008007660                DMA2_Stream7_IRQHandler
                0x0000000008007660                I2C3_EV_IRQHandler
                0x0000000008007660                EXTI9_5_IRQHandler
                0x0000000008007660                RTC_WKUP_IRQHandler
                0x0000000008007660                ETH_WKUP_IRQHandler
                0x0000000008007660                SPI2_IRQHandler
                0x0000000008007660                OTG_HS_EP1_IN_IRQHandler
                0x0000000008007660                DMA1_Stream0_IRQHandler
                0x0000000008007660                CAN1_TX_IRQHandler
                0x0000000008007660                EXTI4_IRQHandler
                0x0000000008007660                FSMC_IRQHandler
                0x0000000008007660                ETH_IRQHandler
                0x0000000008007660                OTG_HS_EP1_OUT_IRQHandler
                0x0000000008007660                WWDG_IRQHandler
                0x0000000008007660                OTG_FS_WKUP_IRQHandler
                0x0000000008007660                TIM1_TRG_COM_TIM11_IRQHandler
                0x0000000008007660                OTG_HS_IRQHandler
                0x0000000008007660                EXTI1_IRQHandler
                0x0000000008007660                USART2_IRQHandler
                0x0000000008007660                I2C2_ER_IRQHandler
                0x0000000008007660                CAN1_SCE_IRQHandler
                0x0000000008007660                FLASH_IRQHandler
                0x0000000008007660                DMA2_Stream4_IRQHandler
                0x0000000008007660                USART1_IRQHandler
                0x0000000008007660                OTG_FS_IRQHandler
                0x0000000008007660                SPI3_IRQHandler
                0x0000000008007660                DMA1_Stream4_IRQHandler
                0x0000000008007660                I2C1_ER_IRQHandler
                0x0000000008007660                DMA1_Stream3_IRQHandler
 *fill*         0x0000000008007662        0x2 
 .text.HAL_Init
                0x0000000008007664       0x44 ./Drivers/STM32F4xx_HAL_Driver/Src/stm32f4xx_hal.o
                0x0000000008007664                HAL_Init
 .text.HAL_InitTick
                0x00000000080076a8       0x60 ./Drivers/STM32F4xx_HAL_Driver/Src/stm32f4xx_hal.o
                0x00000000080076a8                HAL_InitTick
 .text.HAL_IncTick
                0x0000000008007708       0x28 ./Drivers/STM32F4xx_HAL_Driver/Src/stm32f4xx_hal.o
                0x0000000008007708                HAL_IncTick
 .text.HAL_GetTick
                0x0000000008007730       0x18 ./Drivers/STM32F4xx_HAL_Driver/Src/stm32f4xx_hal.o
                0x0000000008007730                HAL_GetTick
 .text.HAL_Delay
                0x0000000008007748       0x48 ./Drivers/STM32F4xx_HAL_Driver/Src/stm32f4xx_hal.o
                0x0000000008007748                HAL_Delay
 .text.__NVIC_SetPriorityGrouping
                0x0000000008007790       0x48 ./Drivers/STM32F4xx_HAL_Driver/Src/stm32f4xx_hal_cortex.o
 .text.__NVIC_GetPriorityGrouping
                0x00000000080077d8       0x1c ./Drivers/STM32F4xx_HAL_Driver/Src/stm32f4xx_hal_cortex.o
 .text.__NVIC_EnableIRQ
                0x00000000080077f4       0x3c ./Drivers/STM32F4xx_HAL_Driver/Src/stm32f4xx_hal_cortex.o
 .text.__NVIC_SetPriority
                0x0000000008007830       0x54 ./Drivers/STM32F4xx_HAL_Driver/Src/stm32f4xx_hal_cortex.o
 .text.NVIC_EncodePriority
                0x0000000008007884       0x66 ./Drivers/STM32F4xx_HAL_Driver/Src/stm32f4xx_hal_cortex.o
 *fill*         0x00000000080078ea        0x2 
 .text.SysTick_Config
                0x00000000080078ec       0x44 ./Drivers/STM32F4xx_HAL_Driver/Src/stm32f4xx_hal_cortex.o
 .text.HAL_NVIC_SetPriorityGrouping
                0x0000000008007930       0x16 ./Drivers/STM32F4xx_HAL_Driver/Src/stm32f4xx_hal_cortex.o
                0x0000000008007930                HAL_NVIC_SetPriorityGrouping
 .text.HAL_NVIC_SetPriority
                0x0000000008007946       0x38 ./Drivers/STM32F4xx_HAL_Driver/Src/stm32f4xx_hal_cortex.o
                0x0000000008007946                HAL_NVIC_SetPriority
 .text.HAL_NVIC_EnableIRQ
                0x000000000800797e       0x1c ./Drivers/STM32F4xx_HAL_Driver/Src/stm32f4xx_hal_cortex.o
                0x000000000800797e                HAL_NVIC_EnableIRQ
 .text.HAL_SYSTICK_Config
                0x000000000800799a       0x18 ./Drivers/STM32F4xx_HAL_Driver/Src/stm32f4xx_hal_cortex.o
                0x000000000800799a                HAL_SYSTICK_Config
 *fill*         0x00000000080079b2        0x2 
 .text.HAL_DMA_Init
                0x00000000080079b4      0x15c ./Drivers/STM32F4xx_HAL_Driver/Src/stm32f4xx_hal_dma.o
                0x00000000080079b4                HAL_DMA_Init
 .text.HAL_DMA_Start_IT
                0x0000000008007b10       0xb0 ./Drivers/STM32F4xx_HAL_Driver/Src/stm32f4xx_hal_dma.o
                0x0000000008007b10                HAL_DMA_Start_IT
 .text.HAL_DMA_Abort
                0x0000000008007bc0       0xe0 ./Drivers/STM32F4xx_HAL_Driver/Src/stm32f4xx_hal_dma.o
                0x0000000008007bc0                HAL_DMA_Abort
 .text.HAL_DMA_Abort_IT
                0x0000000008007ca0       0x44 ./Drivers/STM32F4xx_HAL_Driver/Src/stm32f4xx_hal_dma.o
                0x0000000008007ca0                HAL_DMA_Abort_IT
 .text.HAL_DMA_IRQHandler
                0x0000000008007ce4      0x314 ./Drivers/STM32F4xx_HAL_Driver/Src/stm32f4xx_hal_dma.o
                0x0000000008007ce4                HAL_DMA_IRQHandler
 .text.DMA_SetConfig
                0x0000000008007ff8       0x5c ./Drivers/STM32F4xx_HAL_Driver/Src/stm32f4xx_hal_dma.o
 .text.DMA_CalcBaseAndBitshift
                0x0000000008008054       0x6c ./Drivers/STM32F4xx_HAL_Driver/Src/stm32f4xx_hal_dma.o
 .text.DMA_CheckFifoParam
                0x00000000080080c0       0xf8 ./Drivers/STM32F4xx_HAL_Driver/Src/stm32f4xx_hal_dma.o
 .text.HAL_GPIO_Init
                0x00000000080081b8      0x338 ./Drivers/STM32F4xx_HAL_Driver/Src/stm32f4xx_hal_gpio.o
                0x00000000080081b8                HAL_GPIO_Init
 .text.HAL_GPIO_WritePin
                0x00000000080084f0       0x32 ./Drivers/STM32F4xx_HAL_Driver/Src/stm32f4xx_hal_gpio.o
                0x00000000080084f0                HAL_GPIO_WritePin
 .text.HAL_GPIO_TogglePin
                0x0000000008008522       0x34 ./Drivers/STM32F4xx_HAL_Driver/Src/stm32f4xx_hal_gpio.o
                0x0000000008008522                HAL_GPIO_TogglePin
 *fill*         0x0000000008008556        0x2 
 .text.HAL_I2C_Init
                0x0000000008008558      0x288 ./Drivers/STM32F4xx_HAL_Driver/Src/stm32f4xx_hal_i2c.o
                0x0000000008008558                HAL_I2C_Init
 .text.HAL_I2C_Master_Transmit
                0x00000000080087e0      0x1fc ./Drivers/STM32F4xx_HAL_Driver/Src/stm32f4xx_hal_i2c.o
                0x00000000080087e0                HAL_I2C_Master_Transmit
 .text.HAL_I2C_Master_Receive
                0x00000000080089dc      0x464 ./Drivers/STM32F4xx_HAL_Driver/Src/stm32f4xx_hal_i2c.o
                0x00000000080089dc                HAL_I2C_Master_Receive
 .text.HAL_I2C_IsDeviceReady
                0x0000000008008e40      0x25c ./Drivers/STM32F4xx_HAL_Driver/Src/stm32f4xx_hal_i2c.o
                0x0000000008008e40                HAL_I2C_IsDeviceReady
 .text.HAL_I2C_GetError
                0x000000000800909c       0x18 ./Drivers/STM32F4xx_HAL_Driver/Src/stm32f4xx_hal_i2c.o
                0x000000000800909c                HAL_I2C_GetError
 .text.I2C_MasterRequestWrite
                0x00000000080090b4      0x104 ./Drivers/STM32F4xx_HAL_Driver/Src/stm32f4xx_hal_i2c.o
 .text.I2C_MasterRequestRead
                0x00000000080091b8      0x19c ./Drivers/STM32F4xx_HAL_Driver/Src/stm32f4xx_hal_i2c.o
 .text.I2C_WaitOnFlagUntilTimeout
                0x0000000008009354       0xf4 ./Drivers/STM32F4xx_HAL_Driver/Src/stm32f4xx_hal_i2c.o
 .text.I2C_WaitOnMasterAddressFlagUntilTimeout
                0x0000000008009448      0x140 ./Drivers/STM32F4xx_HAL_Driver/Src/stm32f4xx_hal_i2c.o
 .text.I2C_WaitOnTXEFlagUntilTimeout
                0x0000000008009588       0x90 ./Drivers/STM32F4xx_HAL_Driver/Src/stm32f4xx_hal_i2c.o
 .text.I2C_WaitOnBTFFlagUntilTimeout
                0x0000000008009618       0x90 ./Drivers/STM32F4xx_HAL_Driver/Src/stm32f4xx_hal_i2c.o
 .text.I2C_WaitOnRXNEFlagUntilTimeout
                0x00000000080096a8       0xba ./Drivers/STM32F4xx_HAL_Driver/Src/stm32f4xx_hal_i2c.o
 .text.I2C_IsAcknowledgeFailed
                0x0000000008009762       0x5e ./Drivers/STM32F4xx_HAL_Driver/Src/stm32f4xx_hal_i2c.o
 .text.HAL_RCC_OscConfig
                0x00000000080097c0      0x4f0 ./Drivers/STM32F4xx_HAL_Driver/Src/stm32f4xx_hal_rcc.o
                0x00000000080097c0                HAL_RCC_OscConfig
 .text.HAL_RCC_ClockConfig
                0x0000000008009cb0      0x1cc ./Drivers/STM32F4xx_HAL_Driver/Src/stm32f4xx_hal_rcc.o
                0x0000000008009cb0                HAL_RCC_ClockConfig
 .text.HAL_RCC_GetSysClockFreq
                0x0000000008009e7c      0x20c ./Drivers/STM32F4xx_HAL_Driver/Src/stm32f4xx_hal_rcc.o
                0x0000000008009e7c                HAL_RCC_GetSysClockFreq
 .text.HAL_RCC_GetHCLKFreq
                0x000000000800a088       0x18 ./Drivers/STM32F4xx_HAL_Driver/Src/stm32f4xx_hal_rcc.o
                0x000000000800a088                HAL_RCC_GetHCLKFreq
 .text.HAL_RCC_GetPCLK1Freq
                0x000000000800a0a0       0x28 ./Drivers/STM32F4xx_HAL_Driver/Src/stm32f4xx_hal_rcc.o
                0x000000000800a0a0                HAL_RCC_GetPCLK1Freq
 .text.HAL_RCC_GetPCLK2Freq
                0x000000000800a0c8       0x28 ./Drivers/STM32F4xx_HAL_Driver/Src/stm32f4xx_hal_rcc.o
                0x000000000800a0c8                HAL_RCC_GetPCLK2Freq
 .text.HAL_TIM_Base_Init
                0x000000000800a0f0       0x9e ./Drivers/STM32F4xx_HAL_Driver/Src/stm32f4xx_hal_tim.o
                0x000000000800a0f0                HAL_TIM_Base_Init
 *fill*         0x000000000800a18e        0x2 
 .text.HAL_TIM_Base_Start_IT
                0x000000000800a190       0xe0 ./Drivers/STM32F4xx_HAL_Driver/Src/stm32f4xx_hal_tim.o
                0x000000000800a190                HAL_TIM_Base_Start_IT
 .text.HAL_TIM_PWM_Init
                0x000000000800a270       0x9e ./Drivers/STM32F4xx_HAL_Driver/Src/stm32f4xx_hal_tim.o
                0x000000000800a270                HAL_TIM_PWM_Init
 *fill*         0x000000000800a30e        0x2 
 .text.HAL_TIM_PWM_Start
                0x000000000800a310      0x190 ./Drivers/STM32F4xx_HAL_Driver/Src/stm32f4xx_hal_tim.o
                0x000000000800a310                HAL_TIM_PWM_Start
 .text.HAL_TIM_Encoder_Init
                0x000000000800a4a0      0x14c ./Drivers/STM32F4xx_HAL_Driver/Src/stm32f4xx_hal_tim.o
                0x000000000800a4a0                HAL_TIM_Encoder_Init
 .text.HAL_TIM_Encoder_Start
                0x000000000800a5ec      0x11c ./Drivers/STM32F4xx_HAL_Driver/Src/stm32f4xx_hal_tim.o
                0x000000000800a5ec                HAL_TIM_Encoder_Start
 .text.HAL_TIM_IRQHandler
                0x000000000800a708      0x1e0 ./Drivers/STM32F4xx_HAL_Driver/Src/stm32f4xx_hal_tim.o
                0x000000000800a708                HAL_TIM_IRQHandler
 .text.HAL_TIM_PWM_ConfigChannel
                0x000000000800a8e8      0x184 ./Drivers/STM32F4xx_HAL_Driver/Src/stm32f4xx_hal_tim.o
                0x000000000800a8e8                HAL_TIM_PWM_ConfigChannel
 .text.HAL_TIM_ConfigClockSource
                0x000000000800aa6c      0x18e ./Drivers/STM32F4xx_HAL_Driver/Src/stm32f4xx_hal_tim.o
                0x000000000800aa6c                HAL_TIM_ConfigClockSource
 .text.HAL_TIM_OC_DelayElapsedCallback
                0x000000000800abfa       0x14 ./Drivers/STM32F4xx_HAL_Driver/Src/stm32f4xx_hal_tim.o
                0x000000000800abfa                HAL_TIM_OC_DelayElapsedCallback
 .text.HAL_TIM_IC_CaptureCallback
                0x000000000800ac0e       0x14 ./Drivers/STM32F4xx_HAL_Driver/Src/stm32f4xx_hal_tim.o
                0x000000000800ac0e                HAL_TIM_IC_CaptureCallback
 .text.HAL_TIM_PWM_PulseFinishedCallback
                0x000000000800ac22       0x14 ./Drivers/STM32F4xx_HAL_Driver/Src/stm32f4xx_hal_tim.o
                0x000000000800ac22                HAL_TIM_PWM_PulseFinishedCallback
 .text.HAL_TIM_TriggerCallback
                0x000000000800ac36       0x14 ./Drivers/STM32F4xx_HAL_Driver/Src/stm32f4xx_hal_tim.o
                0x000000000800ac36                HAL_TIM_TriggerCallback
 *fill*         0x000000000800ac4a        0x2 
 .text.TIM_Base_SetConfig
                0x000000000800ac4c      0x158 ./Drivers/STM32F4xx_HAL_Driver/Src/stm32f4xx_hal_tim.o
                0x000000000800ac4c                TIM_Base_SetConfig
 .text.TIM_OC1_SetConfig
                0x000000000800ada4       0xe0 ./Drivers/STM32F4xx_HAL_Driver/Src/stm32f4xx_hal_tim.o
 .text.TIM_OC2_SetConfig
                0x000000000800ae84       0xec ./Drivers/STM32F4xx_HAL_Driver/Src/stm32f4xx_hal_tim.o
                0x000000000800ae84                TIM_OC2_SetConfig
 .text.TIM_OC3_SetConfig
                0x000000000800af70       0xe8 ./Drivers/STM32F4xx_HAL_Driver/Src/stm32f4xx_hal_tim.o
 .text.TIM_OC4_SetConfig
                0x000000000800b058       0xac ./Drivers/STM32F4xx_HAL_Driver/Src/stm32f4xx_hal_tim.o
 .text.TIM_TI1_ConfigInputStage
                0x000000000800b104       0x5e ./Drivers/STM32F4xx_HAL_Driver/Src/stm32f4xx_hal_tim.o
 .text.TIM_TI2_ConfigInputStage
                0x000000000800b162       0x60 ./Drivers/STM32F4xx_HAL_Driver/Src/stm32f4xx_hal_tim.o
 .text.TIM_ITRx_SetConfig
                0x000000000800b1c2       0x36 ./Drivers/STM32F4xx_HAL_Driver/Src/stm32f4xx_hal_tim.o
 .text.TIM_ETR_SetConfig
                0x000000000800b1f8       0x40 ./Drivers/STM32F4xx_HAL_Driver/Src/stm32f4xx_hal_tim.o
                0x000000000800b1f8                TIM_ETR_SetConfig
 .text.TIM_CCxChannelCmd
                0x000000000800b238       0x4a ./Drivers/STM32F4xx_HAL_Driver/Src/stm32f4xx_hal_tim.o
                0x000000000800b238                TIM_CCxChannelCmd
 *fill*         0x000000000800b282        0x2 
 .text.HAL_TIMEx_MasterConfigSynchronization
                0x000000000800b284       0xf8 ./Drivers/STM32F4xx_HAL_Driver/Src/stm32f4xx_hal_tim_ex.o
                0x000000000800b284                HAL_TIMEx_MasterConfigSynchronization
 .text.HAL_TIMEx_CommutCallback
                0x000000000800b37c       0x14 ./Drivers/STM32F4xx_HAL_Driver/Src/stm32f4xx_hal_tim_ex.o
                0x000000000800b37c                HAL_TIMEx_CommutCallback
 .text.HAL_TIMEx_BreakCallback
                0x000000000800b390       0x14 ./Drivers/STM32F4xx_HAL_Driver/Src/stm32f4xx_hal_tim_ex.o
                0x000000000800b390                HAL_TIMEx_BreakCallback
 .text.HAL_UART_Init
                0x000000000800b3a4       0xa0 ./Drivers/STM32F4xx_HAL_Driver/Src/stm32f4xx_hal_uart.o
                0x000000000800b3a4                HAL_UART_Init
 .text.HAL_UART_Transmit_DMA
                0x000000000800b444       0xe0 ./Drivers/STM32F4xx_HAL_Driver/Src/stm32f4xx_hal_uart.o
                0x000000000800b444                HAL_UART_Transmit_DMA
 .text.HAL_UART_Receive_DMA
                0x000000000800b524       0x4a ./Drivers/STM32F4xx_HAL_Driver/Src/stm32f4xx_hal_uart.o
                0x000000000800b524                HAL_UART_Receive_DMA
 *fill*         0x000000000800b56e        0x2 
 .text.HAL_UART_IRQHandler
                0x000000000800b570      0x524 ./Drivers/STM32F4xx_HAL_Driver/Src/stm32f4xx_hal_uart.o
                0x000000000800b570                HAL_UART_IRQHandler
 .text.HAL_UART_TxHalfCpltCallback
                0x000000000800ba94       0x14 ./Drivers/STM32F4xx_HAL_Driver/Src/stm32f4xx_hal_uart.o
                0x000000000800ba94                HAL_UART_TxHalfCpltCallback
 .text.HAL_UART_RxHalfCpltCallback
                0x000000000800baa8       0x14 ./Drivers/STM32F4xx_HAL_Driver/Src/stm32f4xx_hal_uart.o
                0x000000000800baa8                HAL_UART_RxHalfCpltCallback
 .text.HAL_UART_ErrorCallback
                0x000000000800babc       0x14 ./Drivers/STM32F4xx_HAL_Driver/Src/stm32f4xx_hal_uart.o
                0x000000000800babc                HAL_UART_ErrorCallback
 .text.HAL_UARTEx_RxEventCallback
                0x000000000800bad0       0x18 ./Drivers/STM32F4xx_HAL_Driver/Src/stm32f4xx_hal_uart.o
                0x000000000800bad0                HAL_UARTEx_RxEventCallback
 .text.UART_DMATransmitCplt
                0x000000000800bae8       0x9a ./Drivers/STM32F4xx_HAL_Driver/Src/stm32f4xx_hal_uart.o
 .text.UART_DMATxHalfCplt
                0x000000000800bb82       0x1c ./Drivers/STM32F4xx_HAL_Driver/Src/stm32f4xx_hal_uart.o
 .text.UART_DMAReceiveCplt
                0x000000000800bb9e      0x12c ./Drivers/STM32F4xx_HAL_Driver/Src/stm32f4xx_hal_uart.o
 .text.UART_DMARxHalfCplt
                0x000000000800bcca       0x3c ./Drivers/STM32F4xx_HAL_Driver/Src/stm32f4xx_hal_uart.o
 .text.UART_DMAError
                0x000000000800bd06       0x94 ./Drivers/STM32F4xx_HAL_Driver/Src/stm32f4xx_hal_uart.o
 *fill*         0x000000000800bd9a        0x2 
 .text.UART_Start_Receive_DMA
                0x000000000800bd9c      0x134 ./Drivers/STM32F4xx_HAL_Driver/Src/stm32f4xx_hal_uart.o
                0x000000000800bd9c                UART_Start_Receive_DMA
 .text.UART_EndTxTransfer
                0x000000000800bed0       0x50 ./Drivers/STM32F4xx_HAL_Driver/Src/stm32f4xx_hal_uart.o
 .text.UART_EndRxTransfer
                0x000000000800bf20       0xc6 ./Drivers/STM32F4xx_HAL_Driver/Src/stm32f4xx_hal_uart.o
 .text.UART_DMAAbortOnError
                0x000000000800bfe6       0x28 ./Drivers/STM32F4xx_HAL_Driver/Src/stm32f4xx_hal_uart.o
 .text.UART_Transmit_IT
                0x000000000800c00e       0xa0 ./Drivers/STM32F4xx_HAL_Driver/Src/stm32f4xx_hal_uart.o
 .text.UART_EndTransmit_IT
                0x000000000800c0ae       0x30 ./Drivers/STM32F4xx_HAL_Driver/Src/stm32f4xx_hal_uart.o
 .text.UART_Receive_IT
                0x000000000800c0de      0x17c ./Drivers/STM32F4xx_HAL_Driver/Src/stm32f4xx_hal_uart.o
 *fill*         0x000000000800c25a        0x2 
 .text.UART_SetConfig
                0x000000000800c25c      0x4e8 ./Drivers/STM32F4xx_HAL_Driver/Src/stm32f4xx_hal_uart.o
 .text.TM_GPIO_InitAlternate
                0x000000000800c744       0xa8 ./Drivers/STM32F4xx_HAL_Driver/Src/tm_stm32_gpio.o
                0x000000000800c744                TM_GPIO_InitAlternate
 .text.TM_GPIO_GetPortSource
                0x000000000800c7ec       0x22 ./Drivers/STM32F4xx_HAL_Driver/Src/tm_stm32_gpio.o
                0x000000000800c7ec                TM_GPIO_GetPortSource
 *fill*         0x000000000800c80e        0x2 
 .text.TM_GPIO_INT_EnableClock
                0x000000000800c810       0x30 ./Drivers/STM32F4xx_HAL_Driver/Src/tm_stm32_gpio.o
                0x000000000800c810                TM_GPIO_INT_EnableClock
 .text.TM_GPIO_INT_Init
                0x000000000800c840      0x110 ./Drivers/STM32F4xx_HAL_Driver/Src/tm_stm32_gpio.o
                0x000000000800c840                TM_GPIO_INT_Init
 .text.TM_I2C_GetHandle
                0x000000000800c950       0x54 ./Drivers/STM32F4xx_HAL_Driver/Src/tm_stm32_i2c.o
                0x000000000800c950                TM_I2C_GetHandle
 .text.TM_I2C_FillSettings
                0x000000000800c9a4       0x48 ./Drivers/STM32F4xx_HAL_Driver/Src/tm_stm32_i2c.o
 .text.TM_I2C_Init
                0x000000000800c9ec       0xc8 ./Drivers/STM32F4xx_HAL_Driver/Src/tm_stm32_i2c.o
                0x000000000800c9ec                TM_I2C_Init
 .text.TM_I2C_Read
                0x000000000800cab4       0x6e ./Drivers/STM32F4xx_HAL_Driver/Src/tm_stm32_i2c.o
                0x000000000800cab4                TM_I2C_Read
 .text.TM_I2C_ReadMulti
                0x000000000800cb22       0x6e ./Drivers/STM32F4xx_HAL_Driver/Src/tm_stm32_i2c.o
                0x000000000800cb22                TM_I2C_ReadMulti
 .text.TM_I2C_Write
                0x000000000800cb90       0x5a ./Drivers/STM32F4xx_HAL_Driver/Src/tm_stm32_i2c.o
                0x000000000800cb90                TM_I2C_Write
 .text.TM_I2C_IsDeviceConnected
                0x000000000800cbea       0x36 ./Drivers/STM32F4xx_HAL_Driver/Src/tm_stm32_i2c.o
                0x000000000800cbea                TM_I2C_IsDeviceConnected
 .text.TM_I2C_InitCustomPinsCallback
                0x000000000800cc20       0x18 ./Drivers/STM32F4xx_HAL_Driver/Src/tm_stm32_i2c.o
                0x000000000800cc20                TM_I2C_InitCustomPinsCallback
 .text.TM_I2C1_INT_InitPins
                0x000000000800cc38       0x7c ./Drivers/STM32F4xx_HAL_Driver/Src/tm_stm32_i2c.o
 .text.TM_I2C2_INT_InitPins
                0x000000000800ccb4       0x80 ./Drivers/STM32F4xx_HAL_Driver/Src/tm_stm32_i2c.o
 .text.TM_I2C3_INT_InitPins
                0x000000000800cd34       0x80 ./Drivers/STM32F4xx_HAL_Driver/Src/tm_stm32_i2c.o
 .text.TM_MPU6050_Init
                0x000000000800cdb4       0x9c ./Drivers/STM32F4xx_HAL_Driver/Src/tm_stm32_mpu6050.o
                0x000000000800cdb4                TM_MPU6050_Init
 .text.TM_MPU6050_SetGyroscope
                0x000000000800ce50       0xa0 ./Drivers/STM32F4xx_HAL_Driver/Src/tm_stm32_mpu6050.o
                0x000000000800ce50                TM_MPU6050_SetGyroscope
 .text.TM_MPU6050_SetAccelerometer
                0x000000000800cef0       0x98 ./Drivers/STM32F4xx_HAL_Driver/Src/tm_stm32_mpu6050.o
                0x000000000800cef0                TM_MPU6050_SetAccelerometer
 .text.TM_MPU6050_SetDataRate
                0x000000000800cf88       0x34 ./Drivers/STM32F4xx_HAL_Driver/Src/tm_stm32_mpu6050.o
                0x000000000800cf88                TM_MPU6050_SetDataRate
 .text.TM_MPU6050_ReadAll
                0x000000000800cfbc       0xd0 ./Drivers/STM32F4xx_HAL_Driver/Src/tm_stm32_mpu6050.o
                0x000000000800cfbc                TM_MPU6050_ReadAll
 .text.pow      0x000000000800d08c       0xe0 C:/ST/STM32CubeIDE_1.14.1/STM32CubeIDE/plugins/com.st.stm32cube.ide.mcu.externaltools.gnu-tools-for-stm32.11.3.rel1.win32_1.1.100.202309141235/tools/bin/../lib/gcc/arm-none-eabi/11.3.1/../../../../arm-none-eabi/lib/thumb/v7e-m+fp/hard\libm.a(libm_a-w_pow.o)
                0x000000000800d08c                pow
 .text.sqrt     0x000000000800d16c       0x58 C:/ST/STM32CubeIDE_1.14.1/STM32CubeIDE/plugins/com.st.stm32cube.ide.mcu.externaltools.gnu-tools-for-stm32.11.3.rel1.win32_1.1.100.202309141235/tools/bin/../lib/gcc/arm-none-eabi/11.3.1/../../../../arm-none-eabi/lib/thumb/v7e-m+fp/hard\libm.a(libm_a-w_sqrt.o)
                0x000000000800d16c                sqrt
 *fill*         0x000000000800d1c4        0x4 
 .text.atan     0x000000000800d1c8      0x340 C:/ST/STM32CubeIDE_1.14.1/STM32CubeIDE/plugins/com.st.stm32cube.ide.mcu.externaltools.gnu-tools-for-stm32.11.3.rel1.win32_1.1.100.202309141235/tools/bin/../lib/gcc/arm-none-eabi/11.3.1/../../../../arm-none-eabi/lib/thumb/v7e-m+fp/hard\libm.a(libm_a-s_atan.o)
                0x000000000800d1c8                atan
 .text.fabs     0x000000000800d508       0x12 C:/ST/STM32CubeIDE_1.14.1/STM32CubeIDE/plugins/com.st.stm32cube.ide.mcu.externaltools.gnu-tools-for-stm32.11.3.rel1.win32_1.1.100.202309141235/tools/bin/../lib/gcc/arm-none-eabi/11.3.1/../../../../arm-none-eabi/lib/thumb/v7e-m+fp/hard\libm.a(libm_a-s_fabs.o)
                0x000000000800d508                fabs
 .text.finite   0x000000000800d51a       0x16 C:/ST/STM32CubeIDE_1.14.1/STM32CubeIDE/plugins/com.st.stm32cube.ide.mcu.externaltools.gnu-tools-for-stm32.11.3.rel1.win32_1.1.100.202309141235/tools/bin/../lib/gcc/arm-none-eabi/11.3.1/../../../../arm-none-eabi/lib/thumb/v7e-m+fp/hard\libm.a(libm_a-s_finite.o)
                0x000000000800d51a                finite
 .text.__ieee754_sqrt
                0x000000000800d530      0x1b4 C:/ST/STM32CubeIDE_1.14.1/STM32CubeIDE/plugins/com.st.stm32cube.ide.mcu.externaltools.gnu-tools-for-stm32.11.3.rel1.win32_1.1.100.202309141235/tools/bin/../lib/gcc/arm-none-eabi/11.3.1/../../../../arm-none-eabi/lib/thumb/v7e-m+fp/hard\libm.a(libm_a-e_sqrt.o)
                0x000000000800d530                __ieee754_sqrt
 *fill*         0x000000000800d6e4        0x4 
 .text.__ieee754_pow
                0x000000000800d6e8      0xa54 C:/ST/STM32CubeIDE_1.14.1/STM32CubeIDE/plugins/com.st.stm32cube.ide.mcu.externaltools.gnu-tools-for-stm32.11.3.rel1.win32_1.1.100.202309141235/tools/bin/../lib/gcc/arm-none-eabi/11.3.1/../../../../arm-none-eabi/lib/thumb/v7e-m+fp/hard\libm.a(libm_a-e_pow.o)
                0x000000000800d6e8                __ieee754_pow
 *fill*         0x000000000800e13c        0x4 
 .text.scalbn   0x000000000800e140       0xfc C:/ST/STM32CubeIDE_1.14.1/STM32CubeIDE/plugins/com.st.stm32cube.ide.mcu.externaltools.gnu-tools-for-stm32.11.3.rel1.win32_1.1.100.202309141235/tools/bin/../lib/gcc/arm-none-eabi/11.3.1/../../../../arm-none-eabi/lib/thumb/v7e-m+fp/hard\libm.a(libm_a-s_scalbn.o)
                0x000000000800e140                scalbn
 .text.with_errno
                0x000000000800e23c       0x14 C:/ST/STM32CubeIDE_1.14.1/STM32CubeIDE/plugins/com.st.stm32cube.ide.mcu.externaltools.gnu-tools-for-stm32.11.3.rel1.win32_1.1.100.202309141235/tools/bin/../lib/gcc/arm-none-eabi/11.3.1/../../../../arm-none-eabi/lib/thumb/v7e-m+fp/hard\libm.a(libm_a-math_err.o)
 .text.xflow    0x000000000800e250       0x28 C:/ST/STM32CubeIDE_1.14.1/STM32CubeIDE/plugins/com.st.stm32cube.ide.mcu.externaltools.gnu-tools-for-stm32.11.3.rel1.win32_1.1.100.202309141235/tools/bin/../lib/gcc/arm-none-eabi/11.3.1/../../../../arm-none-eabi/lib/thumb/v7e-m+fp/hard\libm.a(libm_a-math_err.o)
 .text.__math_uflow
                0x000000000800e278       0x12 C:/ST/STM32CubeIDE_1.14.1/STM32CubeIDE/plugins/com.st.stm32cube.ide.mcu.externaltools.gnu-tools-for-stm32.11.3.rel1.win32_1.1.100.202309141235/tools/bin/../lib/gcc/arm-none-eabi/11.3.1/../../../../arm-none-eabi/lib/thumb/v7e-m+fp/hard\libm.a(libm_a-math_err.o)
                0x000000000800e278                __math_uflow
 .text.__math_oflow
                0x000000000800e28a       0x12 C:/ST/STM32CubeIDE_1.14.1/STM32CubeIDE/plugins/com.st.stm32cube.ide.mcu.externaltools.gnu-tools-for-stm32.11.3.rel1.win32_1.1.100.202309141235/tools/bin/../lib/gcc/arm-none-eabi/11.3.1/../../../../arm-none-eabi/lib/thumb/v7e-m+fp/hard\libm.a(libm_a-math_err.o)
                0x000000000800e28a                __math_oflow
 .text.realloc  0x000000000800e29c       0x10 C:/ST/STM32CubeIDE_1.14.1/STM32CubeIDE/plugins/com.st.stm32cube.ide.mcu.externaltools.gnu-tools-for-stm32.11.3.rel1.win32_1.1.100.202309141235/tools/bin/../lib/gcc/arm-none-eabi/11.3.1/../../../../arm-none-eabi/lib/thumb/v7e-m+fp/hard\libc_nano.a(libc_a-realloc.o)
                0x000000000800e29c                realloc
 .text._realloc_r
                0x000000000800e2ac       0x5e C:/ST/STM32CubeIDE_1.14.1/STM32CubeIDE/plugins/com.st.stm32cube.ide.mcu.externaltools.gnu-tools-for-stm32.11.3.rel1.win32_1.1.100.202309141235/tools/bin/../lib/gcc/arm-none-eabi/11.3.1/../../../../arm-none-eabi/lib/thumb/v7e-m+fp/hard\libc_nano.a(libc_a-reallocr.o)
                0x000000000800e2ac                _realloc_r
 .text.__cvt    0x000000000800e30a       0xc4 C:/ST/STM32CubeIDE_1.14.1/STM32CubeIDE/plugins/com.st.stm32cube.ide.mcu.externaltools.gnu-tools-for-stm32.11.3.rel1.win32_1.1.100.202309141235/tools/bin/../lib/gcc/arm-none-eabi/11.3.1/../../../../arm-none-eabi/lib/thumb/v7e-m+fp/hard\libc_nano.a(libc_a-nano-vfprintf_float.o)
                0x000000000800e30a                __cvt
 .text.__exponent
                0x000000000800e3ce       0x7c C:/ST/STM32CubeIDE_1.14.1/STM32CubeIDE/plugins/com.st.stm32cube.ide.mcu.externaltools.gnu-tools-for-stm32.11.3.rel1.win32_1.1.100.202309141235/tools/bin/../lib/gcc/arm-none-eabi/11.3.1/../../../../arm-none-eabi/lib/thumb/v7e-m+fp/hard\libc_nano.a(libc_a-nano-vfprintf_float.o)
                0x000000000800e3ce                __exponent
 *fill*         0x000000000800e44a        0x2 
 .text._printf_float
                0x000000000800e44c      0x46c C:/ST/STM32CubeIDE_1.14.1/STM32CubeIDE/plugins/com.st.stm32cube.ide.mcu.externaltools.gnu-tools-for-stm32.11.3.rel1.win32_1.1.100.202309141235/tools/bin/../lib/gcc/arm-none-eabi/11.3.1/../../../../arm-none-eabi/lib/thumb/v7e-m+fp/hard\libc_nano.a(libc_a-nano-vfprintf_float.o)
                0x000000000800e44c                _printf_float
 .text._printf_common
                0x000000000800e8b8       0xda C:/ST/STM32CubeIDE_1.14.1/STM32CubeIDE/plugins/com.st.stm32cube.ide.mcu.externaltools.gnu-tools-for-stm32.11.3.rel1.win32_1.1.100.202309141235/tools/bin/../lib/gcc/arm-none-eabi/11.3.1/../../../../arm-none-eabi/lib/thumb/v7e-m+fp/hard\libc_nano.a(libc_a-nano-vfprintf_i.o)
                0x000000000800e8b8                _printf_common
 *fill*         0x000000000800e992        0x2 
 .text._printf_i
                0x000000000800e994      0x244 C:/ST/STM32CubeIDE_1.14.1/STM32CubeIDE/plugins/com.st.stm32cube.ide.mcu.externaltools.gnu-tools-for-stm32.11.3.rel1.win32_1.1.100.202309141235/tools/bin/../lib/gcc/arm-none-eabi/11.3.1/../../../../arm-none-eabi/lib/thumb/v7e-m+fp/hard\libc_nano.a(libc_a-nano-vfprintf_i.o)
                0x000000000800e994                _printf_i
 .text.std      0x000000000800ebd8       0x6c C:/ST/STM32CubeIDE_1.14.1/STM32CubeIDE/plugins/com.st.stm32cube.ide.mcu.externaltools.gnu-tools-for-stm32.11.3.rel1.win32_1.1.100.202309141235/tools/bin/../lib/gcc/arm-none-eabi/11.3.1/../../../../arm-none-eabi/lib/thumb/v7e-m+fp/hard\libc_nano.a(libc_a-findfp.o)
 .text.stdio_exit_handler
                0x000000000800ec44       0x18 C:/ST/STM32CubeIDE_1.14.1/STM32CubeIDE/plugins/com.st.stm32cube.ide.mcu.externaltools.gnu-tools-for-stm32.11.3.rel1.win32_1.1.100.202309141235/tools/bin/../lib/gcc/arm-none-eabi/11.3.1/../../../../arm-none-eabi/lib/thumb/v7e-m+fp/hard\libc_nano.a(libc_a-findfp.o)
 .text.cleanup_stdio
                0x000000000800ec5c       0x40 C:/ST/STM32CubeIDE_1.14.1/STM32CubeIDE/plugins/com.st.stm32cube.ide.mcu.externaltools.gnu-tools-for-stm32.11.3.rel1.win32_1.1.100.202309141235/tools/bin/../lib/gcc/arm-none-eabi/11.3.1/../../../../arm-none-eabi/lib/thumb/v7e-m+fp/hard\libc_nano.a(libc_a-findfp.o)
 .text.global_stdio_init.part.0
                0x000000000800ec9c       0x3c C:/ST/STM32CubeIDE_1.14.1/STM32CubeIDE/plugins/com.st.stm32cube.ide.mcu.externaltools.gnu-tools-for-stm32.11.3.rel1.win32_1.1.100.202309141235/tools/bin/../lib/gcc/arm-none-eabi/11.3.1/../../../../arm-none-eabi/lib/thumb/v7e-m+fp/hard\libc_nano.a(libc_a-findfp.o)
 .text.__sfp_lock_acquire
                0x000000000800ecd8        0xc C:/ST/STM32CubeIDE_1.14.1/STM32CubeIDE/plugins/com.st.stm32cube.ide.mcu.externaltools.gnu-tools-for-stm32.11.3.rel1.win32_1.1.100.202309141235/tools/bin/../lib/gcc/arm-none-eabi/11.3.1/../../../../arm-none-eabi/lib/thumb/v7e-m+fp/hard\libc_nano.a(libc_a-findfp.o)
                0x000000000800ecd8                __sfp_lock_acquire
 .text.__sfp_lock_release
                0x000000000800ece4        0xc C:/ST/STM32CubeIDE_1.14.1/STM32CubeIDE/plugins/com.st.stm32cube.ide.mcu.externaltools.gnu-tools-for-stm32.11.3.rel1.win32_1.1.100.202309141235/tools/bin/../lib/gcc/arm-none-eabi/11.3.1/../../../../arm-none-eabi/lib/thumb/v7e-m+fp/hard\libc_nano.a(libc_a-findfp.o)
                0x000000000800ece4                __sfp_lock_release
 .text.__sinit  0x000000000800ecf0       0x30 C:/ST/STM32CubeIDE_1.14.1/STM32CubeIDE/plugins/com.st.stm32cube.ide.mcu.externaltools.gnu-tools-for-stm32.11.3.rel1.win32_1.1.100.202309141235/tools/bin/../lib/gcc/arm-none-eabi/11.3.1/../../../../arm-none-eabi/lib/thumb/v7e-m+fp/hard\libc_nano.a(libc_a-findfp.o)
                0x000000000800ecf0                __sinit
 .text._fwalk_sglue
                0x000000000800ed20       0x3c C:/ST/STM32CubeIDE_1.14.1/STM32CubeIDE/plugins/com.st.stm32cube.ide.mcu.externaltools.gnu-tools-for-stm32.11.3.rel1.win32_1.1.100.202309141235/tools/bin/../lib/gcc/arm-none-eabi/11.3.1/../../../../arm-none-eabi/lib/thumb/v7e-m+fp/hard\libc_nano.a(libc_a-fwalk.o)
                0x000000000800ed20                _fwalk_sglue
 .text.__sread  0x000000000800ed5c       0x22 C:/ST/STM32CubeIDE_1.14.1/STM32CubeIDE/plugins/com.st.stm32cube.ide.mcu.externaltools.gnu-tools-for-stm32.11.3.rel1.win32_1.1.100.202309141235/tools/bin/../lib/gcc/arm-none-eabi/11.3.1/../../../../arm-none-eabi/lib/thumb/v7e-m+fp/hard\libc_nano.a(libc_a-stdio.o)
                0x000000000800ed5c                __sread
 .text.__swrite
                0x000000000800ed7e       0x38 C:/ST/STM32CubeIDE_1.14.1/STM32CubeIDE/plugins/com.st.stm32cube.ide.mcu.externaltools.gnu-tools-for-stm32.11.3.rel1.win32_1.1.100.202309141235/tools/bin/../lib/gcc/arm-none-eabi/11.3.1/../../../../arm-none-eabi/lib/thumb/v7e-m+fp/hard\libc_nano.a(libc_a-stdio.o)
                0x000000000800ed7e                __swrite
 .text.__sseek  0x000000000800edb6       0x24 C:/ST/STM32CubeIDE_1.14.1/STM32CubeIDE/plugins/com.st.stm32cube.ide.mcu.externaltools.gnu-tools-for-stm32.11.3.rel1.win32_1.1.100.202309141235/tools/bin/../lib/gcc/arm-none-eabi/11.3.1/../../../../arm-none-eabi/lib/thumb/v7e-m+fp/hard\libc_nano.a(libc_a-stdio.o)
                0x000000000800edb6                __sseek
 .text.__sclose
                0x000000000800edda        0x8 C:/ST/STM32CubeIDE_1.14.1/STM32CubeIDE/plugins/com.st.stm32cube.ide.mcu.externaltools.gnu-tools-for-stm32.11.3.rel1.win32_1.1.100.202309141235/tools/bin/../lib/gcc/arm-none-eabi/11.3.1/../../../../arm-none-eabi/lib/thumb/v7e-m+fp/hard\libc_nano.a(libc_a-stdio.o)
                0x000000000800edda                __sclose
 .text.memset   0x000000000800ede2       0x10 C:/ST/STM32CubeIDE_1.14.1/STM32CubeIDE/plugins/com.st.stm32cube.ide.mcu.externaltools.gnu-tools-for-stm32.11.3.rel1.win32_1.1.100.202309141235/tools/bin/../lib/gcc/arm-none-eabi/11.3.1/../../../../arm-none-eabi/lib/thumb/v7e-m+fp/hard\libc_nano.a(libc_a-memset.o)
                0x000000000800ede2                memset
 *fill*         0x000000000800edf2        0x2 
 .text._localeconv_r
                0x000000000800edf4        0x8 C:/ST/STM32CubeIDE_1.14.1/STM32CubeIDE/plugins/com.st.stm32cube.ide.mcu.externaltools.gnu-tools-for-stm32.11.3.rel1.win32_1.1.100.202309141235/tools/bin/../lib/gcc/arm-none-eabi/11.3.1/../../../../arm-none-eabi/lib/thumb/v7e-m+fp/hard\libc_nano.a(libc_a-localeconv.o)
                0x000000000800edf4                _localeconv_r
 .text._close_r
                0x000000000800edfc       0x20 C:/ST/STM32CubeIDE_1.14.1/STM32CubeIDE/plugins/com.st.stm32cube.ide.mcu.externaltools.gnu-tools-for-stm32.11.3.rel1.win32_1.1.100.202309141235/tools/bin/../lib/gcc/arm-none-eabi/11.3.1/../../../../arm-none-eabi/lib/thumb/v7e-m+fp/hard\libc_nano.a(libc_a-closer.o)
                0x000000000800edfc                _close_r
 .text._lseek_r
                0x000000000800ee1c       0x24 C:/ST/STM32CubeIDE_1.14.1/STM32CubeIDE/plugins/com.st.stm32cube.ide.mcu.externaltools.gnu-tools-for-stm32.11.3.rel1.win32_1.1.100.202309141235/tools/bin/../lib/gcc/arm-none-eabi/11.3.1/../../../../arm-none-eabi/lib/thumb/v7e-m+fp/hard\libc_nano.a(libc_a-lseekr.o)
                0x000000000800ee1c                _lseek_r
 .text._read_r  0x000000000800ee40       0x24 C:/ST/STM32CubeIDE_1.14.1/STM32CubeIDE/plugins/com.st.stm32cube.ide.mcu.externaltools.gnu-tools-for-stm32.11.3.rel1.win32_1.1.100.202309141235/tools/bin/../lib/gcc/arm-none-eabi/11.3.1/../../../../arm-none-eabi/lib/thumb/v7e-m+fp/hard\libc_nano.a(libc_a-readr.o)
                0x000000000800ee40                _read_r
 .text._write_r
                0x000000000800ee64       0x24 C:/ST/STM32CubeIDE_1.14.1/STM32CubeIDE/plugins/com.st.stm32cube.ide.mcu.externaltools.gnu-tools-for-stm32.11.3.rel1.win32_1.1.100.202309141235/tools/bin/../lib/gcc/arm-none-eabi/11.3.1/../../../../arm-none-eabi/lib/thumb/v7e-m+fp/hard\libc_nano.a(libc_a-writer.o)
                0x000000000800ee64                _write_r
 .text.__errno  0x000000000800ee88        0xc C:/ST/STM32CubeIDE_1.14.1/STM32CubeIDE/plugins/com.st.stm32cube.ide.mcu.externaltools.gnu-tools-for-stm32.11.3.rel1.win32_1.1.100.202309141235/tools/bin/../lib/gcc/arm-none-eabi/11.3.1/../../../../arm-none-eabi/lib/thumb/v7e-m+fp/hard\libc_nano.a(libc_a-errno.o)
                0x000000000800ee88                __errno
 .text.__libc_init_array
                0x000000000800ee94       0x48 C:/ST/STM32CubeIDE_1.14.1/STM32CubeIDE/plugins/com.st.stm32cube.ide.mcu.externaltools.gnu-tools-for-stm32.11.3.rel1.win32_1.1.100.202309141235/tools/bin/../lib/gcc/arm-none-eabi/11.3.1/../../../../arm-none-eabi/lib/thumb/v7e-m+fp/hard\libc_nano.a(libc_a-init.o)
                0x000000000800ee94                __libc_init_array
 .text.__retarget_lock_init_recursive
                0x000000000800eedc        0x2 C:/ST/STM32CubeIDE_1.14.1/STM32CubeIDE/plugins/com.st.stm32cube.ide.mcu.externaltools.gnu-tools-for-stm32.11.3.rel1.win32_1.1.100.202309141235/tools/bin/../lib/gcc/arm-none-eabi/11.3.1/../../../../arm-none-eabi/lib/thumb/v7e-m+fp/hard\libc_nano.a(libc_a-lock.o)
                0x000000000800eedc                __retarget_lock_init_recursive
 .text.__retarget_lock_acquire_recursive
                0x000000000800eede        0x2 C:/ST/STM32CubeIDE_1.14.1/STM32CubeIDE/plugins/com.st.stm32cube.ide.mcu.externaltools.gnu-tools-for-stm32.11.3.rel1.win32_1.1.100.202309141235/tools/bin/../lib/gcc/arm-none-eabi/11.3.1/../../../../arm-none-eabi/lib/thumb/v7e-m+fp/hard\libc_nano.a(libc_a-lock.o)
                0x000000000800eede                __retarget_lock_acquire_recursive
 .text.__retarget_lock_release_recursive
                0x000000000800eee0        0x2 C:/ST/STM32CubeIDE_1.14.1/STM32CubeIDE/plugins/com.st.stm32cube.ide.mcu.externaltools.gnu-tools-for-stm32.11.3.rel1.win32_1.1.100.202309141235/tools/bin/../lib/gcc/arm-none-eabi/11.3.1/../../../../arm-none-eabi/lib/thumb/v7e-m+fp/hard\libc_nano.a(libc_a-lock.o)
                0x000000000800eee0                __retarget_lock_release_recursive
 .text.memcpy   0x000000000800eee2       0x1c C:/ST/STM32CubeIDE_1.14.1/STM32CubeIDE/plugins/com.st.stm32cube.ide.mcu.externaltools.gnu-tools-for-stm32.11.3.rel1.win32_1.1.100.202309141235/tools/bin/../lib/gcc/arm-none-eabi/11.3.1/../../../../arm-none-eabi/lib/thumb/v7e-m+fp/hard\libc_nano.a(libc_a-memcpy-stub.o)
                0x000000000800eee2                memcpy
 .text.quorem   0x000000000800eefe      0x110 C:/ST/STM32CubeIDE_1.14.1/STM32CubeIDE/plugins/com.st.stm32cube.ide.mcu.externaltools.gnu-tools-for-stm32.11.3.rel1.win32_1.1.100.202309141235/tools/bin/../lib/gcc/arm-none-eabi/11.3.1/../../../../arm-none-eabi/lib/thumb/v7e-m+fp/hard\libc_nano.a(libc_a-dtoa.o)
 *fill*         0x000000000800f00e        0x2 
 .text._dtoa_r  0x000000000800f010      0xbe4 C:/ST/STM32CubeIDE_1.14.1/STM32CubeIDE/plugins/com.st.stm32cube.ide.mcu.externaltools.gnu-tools-for-stm32.11.3.rel1.win32_1.1.100.202309141235/tools/bin/../lib/gcc/arm-none-eabi/11.3.1/../../../../arm-none-eabi/lib/thumb/v7e-m+fp/hard\libc_nano.a(libc_a-dtoa.o)
                0x000000000800f010                _dtoa_r
 .text._free_r  0x000000000800fbf4       0x98 C:/ST/STM32CubeIDE_1.14.1/STM32CubeIDE/plugins/com.st.stm32cube.ide.mcu.externaltools.gnu-tools-for-stm32.11.3.rel1.win32_1.1.100.202309141235/tools/bin/../lib/gcc/arm-none-eabi/11.3.1/../../../../arm-none-eabi/lib/thumb/v7e-m+fp/hard\libc_nano.a(libc_a-freer.o)
                0x000000000800fbf4                _free_r
 .text.malloc   0x000000000800fc8c       0x10 C:/ST/STM32CubeIDE_1.14.1/STM32CubeIDE/plugins/com.st.stm32cube.ide.mcu.externaltools.gnu-tools-for-stm32.11.3.rel1.win32_1.1.100.202309141235/tools/bin/../lib/gcc/arm-none-eabi/11.3.1/../../../../arm-none-eabi/lib/thumb/v7e-m+fp/hard\libc_nano.a(libc_a-malloc.o)
                0x000000000800fc8c                malloc
 .text.sbrk_aligned
                0x000000000800fc9c       0x40 C:/ST/STM32CubeIDE_1.14.1/STM32CubeIDE/plugins/com.st.stm32cube.ide.mcu.externaltools.gnu-tools-for-stm32.11.3.rel1.win32_1.1.100.202309141235/tools/bin/../lib/gcc/arm-none-eabi/11.3.1/../../../../arm-none-eabi/lib/thumb/v7e-m+fp/hard\libc_nano.a(libc_a-mallocr.o)
 .text._malloc_r
                0x000000000800fcdc      0x100 C:/ST/STM32CubeIDE_1.14.1/STM32CubeIDE/plugins/com.st.stm32cube.ide.mcu.externaltools.gnu-tools-for-stm32.11.3.rel1.win32_1.1.100.202309141235/tools/bin/../lib/gcc/arm-none-eabi/11.3.1/../../../../arm-none-eabi/lib/thumb/v7e-m+fp/hard\libc_nano.a(libc_a-mallocr.o)
                0x000000000800fcdc                _malloc_r
 .text.__malloc_lock
                0x000000000800fddc        0xc C:/ST/STM32CubeIDE_1.14.1/STM32CubeIDE/plugins/com.st.stm32cube.ide.mcu.externaltools.gnu-tools-for-stm32.11.3.rel1.win32_1.1.100.202309141235/tools/bin/../lib/gcc/arm-none-eabi/11.3.1/../../../../arm-none-eabi/lib/thumb/v7e-m+fp/hard\libc_nano.a(libc_a-mlock.o)
                0x000000000800fddc                __malloc_lock
 .text.__malloc_unlock
                0x000000000800fde8        0xc C:/ST/STM32CubeIDE_1.14.1/STM32CubeIDE/plugins/com.st.stm32cube.ide.mcu.externaltools.gnu-tools-for-stm32.11.3.rel1.win32_1.1.100.202309141235/tools/bin/../lib/gcc/arm-none-eabi/11.3.1/../../../../arm-none-eabi/lib/thumb/v7e-m+fp/hard\libc_nano.a(libc_a-mlock.o)
                0x000000000800fde8                __malloc_unlock
 .text._Balloc  0x000000000800fdf4       0x80 C:/ST/STM32CubeIDE_1.14.1/STM32CubeIDE/plugins/com.st.stm32cube.ide.mcu.externaltools.gnu-tools-for-stm32.11.3.rel1.win32_1.1.100.202309141235/tools/bin/../lib/gcc/arm-none-eabi/11.3.1/../../../../arm-none-eabi/lib/thumb/v7e-m+fp/hard\libc_nano.a(libc_a-mprec.o)
                0x000000000800fdf4                _Balloc
 .text._Bfree   0x000000000800fe74       0x44 C:/ST/STM32CubeIDE_1.14.1/STM32CubeIDE/plugins/com.st.stm32cube.ide.mcu.externaltools.gnu-tools-for-stm32.11.3.rel1.win32_1.1.100.202309141235/tools/bin/../lib/gcc/arm-none-eabi/11.3.1/../../../../arm-none-eabi/lib/thumb/v7e-m+fp/hard\libc_nano.a(libc_a-mprec.o)
                0x000000000800fe74                _Bfree
 .text.__multadd
                0x000000000800feb8       0x8c C:/ST/STM32CubeIDE_1.14.1/STM32CubeIDE/plugins/com.st.stm32cube.ide.mcu.externaltools.gnu-tools-for-stm32.11.3.rel1.win32_1.1.100.202309141235/tools/bin/../lib/gcc/arm-none-eabi/11.3.1/../../../../arm-none-eabi/lib/thumb/v7e-m+fp/hard\libc_nano.a(libc_a-mprec.o)
                0x000000000800feb8                __multadd
 .text.__hi0bits
                0x000000000800ff44       0x40 C:/ST/STM32CubeIDE_1.14.1/STM32CubeIDE/plugins/com.st.stm32cube.ide.mcu.externaltools.gnu-tools-for-stm32.11.3.rel1.win32_1.1.100.202309141235/tools/bin/../lib/gcc/arm-none-eabi/11.3.1/../../../../arm-none-eabi/lib/thumb/v7e-m+fp/hard\libc_nano.a(libc_a-mprec.o)
                0x000000000800ff44                __hi0bits
 .text.__lo0bits
                0x000000000800ff84       0x5a C:/ST/STM32CubeIDE_1.14.1/STM32CubeIDE/plugins/com.st.stm32cube.ide.mcu.externaltools.gnu-tools-for-stm32.11.3.rel1.win32_1.1.100.202309141235/tools/bin/../lib/gcc/arm-none-eabi/11.3.1/../../../../arm-none-eabi/lib/thumb/v7e-m+fp/hard\libc_nano.a(libc_a-mprec.o)
                0x000000000800ff84                __lo0bits
 *fill*         0x000000000800ffde        0x2 
 .text.__i2b    0x000000000800ffe0       0x2c C:/ST/STM32CubeIDE_1.14.1/STM32CubeIDE/plugins/com.st.stm32cube.ide.mcu.externaltools.gnu-tools-for-stm32.11.3.rel1.win32_1.1.100.202309141235/tools/bin/../lib/gcc/arm-none-eabi/11.3.1/../../../../arm-none-eabi/lib/thumb/v7e-m+fp/hard\libc_nano.a(libc_a-mprec.o)
                0x000000000800ffe0                __i2b
 .text.__multiply
                0x000000000801000c      0x154 C:/ST/STM32CubeIDE_1.14.1/STM32CubeIDE/plugins/com.st.stm32cube.ide.mcu.externaltools.gnu-tools-for-stm32.11.3.rel1.win32_1.1.100.202309141235/tools/bin/../lib/gcc/arm-none-eabi/11.3.1/../../../../arm-none-eabi/lib/thumb/v7e-m+fp/hard\libc_nano.a(libc_a-mprec.o)
                0x000000000801000c                __multiply
 .text.__pow5mult
                0x0000000008010160       0xb4 C:/ST/STM32CubeIDE_1.14.1/STM32CubeIDE/plugins/com.st.stm32cube.ide.mcu.externaltools.gnu-tools-for-stm32.11.3.rel1.win32_1.1.100.202309141235/tools/bin/../lib/gcc/arm-none-eabi/11.3.1/../../../../arm-none-eabi/lib/thumb/v7e-m+fp/hard\libc_nano.a(libc_a-mprec.o)
                0x0000000008010160                __pow5mult
 .text.__lshift
                0x0000000008010214       0xd8 C:/ST/STM32CubeIDE_1.14.1/STM32CubeIDE/plugins/com.st.stm32cube.ide.mcu.externaltools.gnu-tools-for-stm32.11.3.rel1.win32_1.1.100.202309141235/tools/bin/../lib/gcc/arm-none-eabi/11.3.1/../../../../arm-none-eabi/lib/thumb/v7e-m+fp/hard\libc_nano.a(libc_a-mprec.o)
                0x0000000008010214                __lshift
 .text.__mcmp   0x00000000080102ec       0x38 C:/ST/STM32CubeIDE_1.14.1/STM32CubeIDE/plugins/com.st.stm32cube.ide.mcu.externaltools.gnu-tools-for-stm32.11.3.rel1.win32_1.1.100.202309141235/tools/bin/../lib/gcc/arm-none-eabi/11.3.1/../../../../arm-none-eabi/lib/thumb/v7e-m+fp/hard\libc_nano.a(libc_a-mprec.o)
                0x00000000080102ec                __mcmp