../Core/Src/main.c:52:6:set_last_read_angle_data	40	static
../Core/Src/main.c:62:15:get_last_time	4	static
../Core/Src/main.c:63:7:get_last_x_angle	4	static
../Core/Src/main.c:64:7:get_last_y_angle	4	static
../Core/Src/main.c:65:7:get_last_z_angle	4	static
../Core/Src/main.c:66:7:get_last_gyro_x_angle	4	static
../Core/Src/main.c:67:7:get_last_gyro_y_angle	4	static
../Core/Src/main.c:68:7:get_last_gyro_z_angle	4	static
../Core/Src/main.c:79:7:get_mpudata_average	16	static
../Core/Src/main.c:215:5:main	8	static
../Core/Src/main.c:361:6:SystemClock_Config	88	static
../Core/Src/main.c:407:13:MX_I2C1_Init	8	static
../Core/Src/main.c:441:13:MX_TIM1_Init	56	static
../Core/Src/main.c:491:13:MX_TIM2_Init	32	static
../Core/Src/main.c:536:13:MX_TIM3_Init	48	static
../Core/Src/main.c:589:13:MX_TIM4_Init	56	static
../Core/Src/main.c:638:13:MX_USART2_UART_Init	8	static
../Core/Src/main.c:671:13:MX_USART6_UART_Init	8	static
../Core/Src/main.c:702:13:MX_DMA_Init	16	static
../Core/Src/main.c:723:13:MX_GPIO_Init	56	static
../Core/Src/main.c:773:6:PID_Calculate1	16	static
../Core/Src/main.c:827:6:PID_Calculate2	16	static
../Core/Src/main.c:877:7:PWM_Calculate1	8	static
../Core/Src/main.c:916:7:PWM_Calculate2	8	static
../Core/Src/main.c:955:6:read_imu	104	static
../Core/Src/main.c:1010:7:HAL_TIM_PeriodElapsedCallback	16	static
../Core/Src/main.c:1040:6:Error_Handler	4	static,ignoring_inline_asm
