C:/Users/MTQ/STM32CubeIDE/workspace_1.14.1/pid_dkdc/Core/Inc/ROS/ros/time.h:51:3:ros::Time::Time()	16	static
C:/Users/MTQ/STM32CubeIDE/workspace_1.14.1/pid_dkdc/Core/Inc/ROS/ros/msg.h:46:7:constexpr ros::Msg::Msg()	16	static
C:/Users/MTQ/STM32CubeIDE/workspace_1.14.1/pid_dkdc/Core/Inc/ROS/std_msgs/Time.h:19:5:std_msgs::Time::Time()	16	static
C:/Users/MTQ/STM32CubeIDE/workspace_1.14.1/pid_dkdc/Core/Inc/ROS/std_msgs/Time.h:24:17:virtual int std_msgs::Time::serialize(unsigned char*) const	24	static
C:/Users/MTQ/STM32CubeIDE/workspace_1.14.1/pid_dkdc/Core/Inc/ROS/std_msgs/Time.h:40:17:virtual int std_msgs::Time::deserialize(unsigned char*)	24	static
C:/Users/MTQ/STM32CubeIDE/workspace_1.14.1/pid_dkdc/Core/Inc/ROS/std_msgs/Time.h:56:26:virtual const char* std_msgs::Time::getType()	16	static
C:/Users/MTQ/STM32CubeIDE/workspace_1.14.1/pid_dkdc/Core/Inc/ROS/std_msgs/Time.h:57:26:virtual const char* std_msgs::Time::getMD5()	16	static
C:/Users/MTQ/STM32CubeIDE/workspace_1.14.1/pid_dkdc/Core/Inc/ROS/rosserial_msgs/TopicInfo.h:34:5:rosserial_msgs::TopicInfo::TopicInfo()	16	static
C:/Users/MTQ/STM32CubeIDE/workspace_1.14.1/pid_dkdc/Core/Inc/ROS/rosserial_msgs/TopicInfo.h:43:17:virtual int rosserial_msgs::TopicInfo::serialize(unsigned char*) const	40	static
C:/Users/MTQ/STM32CubeIDE/workspace_1.14.1/pid_dkdc/Core/Inc/ROS/rosserial_msgs/TopicInfo.h:77:17:virtual int rosserial_msgs::TopicInfo::deserialize(unsigned char*)	48	static
C:/Users/MTQ/STM32CubeIDE/workspace_1.14.1/pid_dkdc/Core/Inc/ROS/rosserial_msgs/TopicInfo.h:124:26:virtual const char* rosserial_msgs::TopicInfo::getType()	16	static
C:/Users/MTQ/STM32CubeIDE/workspace_1.14.1/pid_dkdc/Core/Inc/ROS/rosserial_msgs/TopicInfo.h:125:26:virtual const char* rosserial_msgs::TopicInfo::getMD5()	16	static
C:/Users/MTQ/STM32CubeIDE/workspace_1.14.1/pid_dkdc/Core/Inc/ROS/rosserial_msgs/Log.h:25:5:rosserial_msgs::Log::Log()	16	static
C:/Users/MTQ/STM32CubeIDE/workspace_1.14.1/pid_dkdc/Core/Inc/ROS/rosserial_msgs/Log.h:31:17:virtual int rosserial_msgs::Log::serialize(unsigned char*) const	24	static
C:/Users/MTQ/STM32CubeIDE/workspace_1.14.1/pid_dkdc/Core/Inc/ROS/rosserial_msgs/Log.h:44:17:virtual int rosserial_msgs::Log::deserialize(unsigned char*)	32	static
C:/Users/MTQ/STM32CubeIDE/workspace_1.14.1/pid_dkdc/Core/Inc/ROS/rosserial_msgs/Log.h:61:26:virtual const char* rosserial_msgs::Log::getType()	16	static
C:/Users/MTQ/STM32CubeIDE/workspace_1.14.1/pid_dkdc/Core/Inc/ROS/rosserial_msgs/Log.h:62:26:virtual const char* rosserial_msgs::Log::getMD5()	16	static
C:/Users/MTQ/STM32CubeIDE/workspace_1.14.1/pid_dkdc/Core/Inc/ROS/rosserial_msgs/RequestParam.h:71:5:rosserial_msgs::RequestParamResponse::RequestParamResponse()	16	static
C:/Users/MTQ/STM32CubeIDE/workspace_1.14.1/pid_dkdc/Core/Inc/ROS/rosserial_msgs/RequestParam.h:78:17:virtual int rosserial_msgs::RequestParamResponse::serialize(unsigned char*) const	48	static
C:/Users/MTQ/STM32CubeIDE/workspace_1.14.1/pid_dkdc/Core/Inc/ROS/rosserial_msgs/RequestParam.h:130:17:virtual int rosserial_msgs::RequestParamResponse::deserialize(unsigned char*)	64	static
C:/Users/MTQ/STM32CubeIDE/workspace_1.14.1/pid_dkdc/Core/Inc/ROS/rosserial_msgs/RequestParam.h:200:26:virtual const char* rosserial_msgs::RequestParamResponse::getType()	16	static
C:/Users/MTQ/STM32CubeIDE/workspace_1.14.1/pid_dkdc/Core/Inc/ROS/rosserial_msgs/RequestParam.h:201:26:virtual const char* rosserial_msgs::RequestParamResponse::getMD5()	16	static
C:/Users/MTQ/STM32CubeIDE/workspace_1.14.1/pid_dkdc/Core/Inc/ROS/ros/publisher.h:48:3:ros::Publisher::Publisher(const char*, ros::Msg*, int)	24	static
C:/Users/MTQ/STM32CubeIDE/workspace_1.14.1/pid_dkdc/Core/Inc/ROS/ros/publisher.h:53:7:int ros::Publisher::publish(const ros::Msg*)	16	static
C:/Users/MTQ/STM32CubeIDE/workspace_1.14.1/pid_dkdc/Core/Inc/ROS/ros/publisher.h:57:7:int ros::Publisher::getEndpointType()	16	static
C:/Users/MTQ/STM32CubeIDE/workspace_1.14.1/pid_dkdc/Core/Inc/ROS/STM32Hardware.h:61:21:uint32_t STM32Hardware::getRdmaInd()	16	static
C:/Users/MTQ/STM32CubeIDE/workspace_1.14.1/pid_dkdc/Core/Inc/ROS/STM32Hardware.h:68:5:STM32Hardware::STM32Hardware()	16	static
C:/Users/MTQ/STM32CubeIDE/workspace_1.14.1/pid_dkdc/Core/Inc/ROS/STM32Hardware.h:76:10:void STM32Hardware::init()	16	static
C:/Users/MTQ/STM32CubeIDE/workspace_1.14.1/pid_dkdc/Core/Inc/ROS/STM32Hardware.h:80:10:void STM32Hardware::reset_rbuf()	16	static
C:/Users/MTQ/STM32CubeIDE/workspace_1.14.1/pid_dkdc/Core/Inc/ROS/STM32Hardware.h:84:9:int STM32Hardware::read()	32	static
C:/Users/MTQ/STM32CubeIDE/workspace_1.14.1/pid_dkdc/Core/Inc/ROS/STM32Hardware.h:93:10:void STM32Hardware::flush()	24	static
C:/Users/MTQ/STM32CubeIDE/workspace_1.14.1/pid_dkdc/Core/Inc/ROS/STM32Hardware.h:115:10:void STM32Hardware::write(const uint8_t*, int)	32	static
C:/Users/MTQ/STM32CubeIDE/workspace_1.14.1/pid_dkdc/Core/Inc/ROS/STM32Hardware.h:130:19:long unsigned int STM32Hardware::time()	16	static
C:/Users/MTQ/STM32CubeIDE/workspace_1.14.1/pid_dkdc/Core/Inc/ROS/std_msgs/Int32.h:18:5:std_msgs::Int32::Int32()	16	static
C:/Users/MTQ/STM32CubeIDE/workspace_1.14.1/pid_dkdc/Core/Inc/ROS/std_msgs/Int32.h:23:17:virtual int std_msgs::Int32::serialize(unsigned char*) const	24	static
C:/Users/MTQ/STM32CubeIDE/workspace_1.14.1/pid_dkdc/Core/Inc/ROS/std_msgs/Int32.h:39:17:virtual int std_msgs::Int32::deserialize(unsigned char*)	24	static
C:/Users/MTQ/STM32CubeIDE/workspace_1.14.1/pid_dkdc/Core/Inc/ROS/std_msgs/Int32.h:56:26:virtual const char* std_msgs::Int32::getType()	16	static
C:/Users/MTQ/STM32CubeIDE/workspace_1.14.1/pid_dkdc/Core/Inc/ROS/std_msgs/Int32.h:57:26:virtual const char* std_msgs::Int32::getMD5()	16	static
C:/Users/MTQ/STM32CubeIDE/workspace_1.14.1/pid_dkdc/Core/Inc/ROS/std_msgs/Empty.h:16:5:std_msgs::Empty::Empty()	16	static
C:/Users/MTQ/STM32CubeIDE/workspace_1.14.1/pid_dkdc/Core/Inc/ROS/std_msgs/Empty.h:20:17:virtual int std_msgs::Empty::serialize(unsigned char*) const	24	static
C:/Users/MTQ/STM32CubeIDE/workspace_1.14.1/pid_dkdc/Core/Inc/ROS/std_msgs/Empty.h:26:17:virtual int std_msgs::Empty::deserialize(unsigned char*)	24	static
C:/Users/MTQ/STM32CubeIDE/workspace_1.14.1/pid_dkdc/Core/Inc/ROS/std_msgs/Empty.h:32:26:virtual const char* std_msgs::Empty::getType()	16	static
C:/Users/MTQ/STM32CubeIDE/workspace_1.14.1/pid_dkdc/Core/Inc/ROS/std_msgs/Empty.h:33:26:virtual const char* std_msgs::Empty::getMD5()	16	static
C:/Users/MTQ/STM32CubeIDE/workspace_1.14.1/pid_dkdc/Core/Inc/ROS/std_msgs/String.h:18:5:std_msgs::String::String()	16	static
C:/Users/MTQ/STM32CubeIDE/workspace_1.14.1/pid_dkdc/Core/Inc/ROS/std_msgs/String.h:23:17:virtual int std_msgs::String::serialize(unsigned char*) const	24	static
C:/Users/MTQ/STM32CubeIDE/workspace_1.14.1/pid_dkdc/Core/Inc/ROS/std_msgs/String.h:34:17:virtual int std_msgs::String::deserialize(unsigned char*)	32	static
C:/Users/MTQ/STM32CubeIDE/workspace_1.14.1/pid_dkdc/Core/Inc/ROS/std_msgs/String.h:49:26:virtual const char* std_msgs::String::getType()	16	static
C:/Users/MTQ/STM32CubeIDE/workspace_1.14.1/pid_dkdc/Core/Inc/ROS/std_msgs/String.h:50:26:virtual const char* std_msgs::String::getMD5()	16	static
C:/Users/MTQ/STM32CubeIDE/workspace_1.14.1/pid_dkdc/Core/Inc/ROS/geometry_msgs/Vector3.h:22:5:geometry_msgs::Vector3::Vector3()	16	static
C:/Users/MTQ/STM32CubeIDE/workspace_1.14.1/pid_dkdc/Core/Inc/ROS/geometry_msgs/Vector3.h:29:17:virtual int geometry_msgs::Vector3::serialize(unsigned char*) const	48	static
C:/Users/MTQ/STM32CubeIDE/workspace_1.14.1/pid_dkdc/Core/Inc/ROS/geometry_msgs/Vector3.h:77:17:virtual int geometry_msgs::Vector3::deserialize(unsigned char*)	456	static
C:/Users/MTQ/STM32CubeIDE/workspace_1.14.1/pid_dkdc/Core/Inc/ROS/geometry_msgs/Vector3.h:128:26:virtual const char* geometry_msgs::Vector3::getType()	16	static
C:/Users/MTQ/STM32CubeIDE/workspace_1.14.1/pid_dkdc/Core/Inc/ROS/geometry_msgs/Vector3.h:129:26:virtual const char* geometry_msgs::Vector3::getMD5()	16	static
C:/Users/MTQ/STM32CubeIDE/workspace_1.14.1/pid_dkdc/Core/Inc/ROS/geometry_msgs/Twist.h:21:5:geometry_msgs::Twist::Twist()	16	static
C:/Users/MTQ/STM32CubeIDE/workspace_1.14.1/pid_dkdc/Core/Inc/ROS/geometry_msgs/Twist.h:27:17:virtual int geometry_msgs::Twist::serialize(unsigned char*) const	24	static
C:/Users/MTQ/STM32CubeIDE/workspace_1.14.1/pid_dkdc/Core/Inc/ROS/geometry_msgs/Twist.h:35:17:virtual int geometry_msgs::Twist::deserialize(unsigned char*)	24	static
C:/Users/MTQ/STM32CubeIDE/workspace_1.14.1/pid_dkdc/Core/Inc/ROS/geometry_msgs/Twist.h:43:26:virtual const char* geometry_msgs::Twist::getType()	16	static
C:/Users/MTQ/STM32CubeIDE/workspace_1.14.1/pid_dkdc/Core/Inc/ROS/geometry_msgs/Twist.h:44:26:virtual const char* geometry_msgs::Twist::getMD5()	16	static
C:/Users/MTQ/STM32CubeIDE/workspace_1.14.1/pid_dkdc/Core/Inc/ROS/std_msgs/Header.h:23:5:std_msgs::Header::Header()	16	static
C:/Users/MTQ/STM32CubeIDE/workspace_1.14.1/pid_dkdc/Core/Inc/ROS/std_msgs/Header.h:30:17:virtual int std_msgs::Header::serialize(unsigned char*) const	24	static
C:/Users/MTQ/STM32CubeIDE/workspace_1.14.1/pid_dkdc/Core/Inc/ROS/std_msgs/Header.h:56:17:virtual int std_msgs::Header::deserialize(unsigned char*)	32	static
C:/Users/MTQ/STM32CubeIDE/workspace_1.14.1/pid_dkdc/Core/Inc/ROS/std_msgs/Header.h:86:26:virtual const char* std_msgs::Header::getType()	16	static
C:/Users/MTQ/STM32CubeIDE/workspace_1.14.1/pid_dkdc/Core/Inc/ROS/std_msgs/Header.h:87:26:virtual const char* std_msgs::Header::getMD5()	16	static
C:/Users/MTQ/STM32CubeIDE/workspace_1.14.1/pid_dkdc/Core/Inc/ROS/geometry_msgs/Quaternion.h:24:5:geometry_msgs::Quaternion::Quaternion()	16	static
C:/Users/MTQ/STM32CubeIDE/workspace_1.14.1/pid_dkdc/Core/Inc/ROS/geometry_msgs/Quaternion.h:32:17:virtual int geometry_msgs::Quaternion::serialize(unsigned char*) const	56	static
C:/Users/MTQ/STM32CubeIDE/workspace_1.14.1/pid_dkdc/Core/Inc/ROS/geometry_msgs/Quaternion.h:94:17:virtual int geometry_msgs::Quaternion::deserialize(unsigned char*)	600	static
C:/Users/MTQ/STM32CubeIDE/workspace_1.14.1/pid_dkdc/Core/Inc/ROS/geometry_msgs/Quaternion.h:160:26:virtual const char* geometry_msgs::Quaternion::getType()	16	static
C:/Users/MTQ/STM32CubeIDE/workspace_1.14.1/pid_dkdc/Core/Inc/ROS/geometry_msgs/Quaternion.h:161:26:virtual const char* geometry_msgs::Quaternion::getMD5()	16	static
C:/Users/MTQ/STM32CubeIDE/workspace_1.14.1/pid_dkdc/Core/Inc/ROS/sensor_msgs/Imu.h:30:5:sensor_msgs::Imu::Imu()	16	static
C:/Users/MTQ/STM32CubeIDE/workspace_1.14.1/pid_dkdc/Core/Inc/ROS/sensor_msgs/Imu.h:41:17:virtual int sensor_msgs::Imu::serialize(unsigned char*) const	56	static
C:/Users/MTQ/STM32CubeIDE/workspace_1.14.1/pid_dkdc/Core/Inc/ROS/sensor_msgs/Imu.h:99:17:virtual int sensor_msgs::Imu::deserialize(unsigned char*)	472	static
C:/Users/MTQ/STM32CubeIDE/workspace_1.14.1/pid_dkdc/Core/Inc/ROS/sensor_msgs/Imu.h:160:26:virtual const char* sensor_msgs::Imu::getType()	16	static
C:/Users/MTQ/STM32CubeIDE/workspace_1.14.1/pid_dkdc/Core/Inc/ROS/sensor_msgs/Imu.h:161:26:virtual const char* sensor_msgs::Imu::getMD5()	16	static
C:/Users/MTQ/STM32CubeIDE/workspace_1.14.1/pid_dkdc/Core/Inc/ROS/ros/node_handle.h:50:7:constexpr ros::NodeHandleBase_::NodeHandleBase_()	16	static
C:/Users/MTQ/STM32CubeIDE/workspace_1.14.1/pid_dkdc/Core/Inc/ROS/ros/node_handle.h:104:7:constexpr ros::NodeHandle_<STM32Hardware>::NodeHandle_()	16	static
../Core/Src/mainpp.cpp:55:6:void led_cb(const std_msgs::Empty&)	16	static
../Core/Src/mainpp.cpp:62:6:void subscriber_cmd_callback(const geometry_msgs::Twist&)	16	static
../Core/Src/mainpp.cpp:71:6:void HAL_UART_TxCpltCallback(UART_HandleTypeDef*)	16	static
../Core/Src/mainpp.cpp:76:6:void HAL_UART_RxCpltCallback(UART_HandleTypeDef*)	16	static
../Core/Src/mainpp.cpp:82:6:void setup()	8	static
../Core/Src/mainpp.cpp:93:6:void loop()	8	static
C:/Users/MTQ/STM32CubeIDE/workspace_1.14.1/pid_dkdc/Core/Inc/ROS/ros/msg.h:188:15:static void ros::Msg::varToArr(A, V) [with A = unsigned char*; V = long unsigned int]	24	static
C:/Users/MTQ/STM32CubeIDE/workspace_1.14.1/pid_dkdc/Core/Inc/ROS/ros/msg.h:196:15:static void ros::Msg::arrToVar(V&, A) [with V = long unsigned int; A = unsigned char*]	24	static
C:/Users/MTQ/STM32CubeIDE/workspace_1.14.1/pid_dkdc/Core/Inc/ROS/ros/subscriber.h:44:7:ros::Subscriber_::Subscriber_()	16	static
C:/Users/MTQ/STM32CubeIDE/workspace_1.14.1/pid_dkdc/Core/Inc/ROS/ros/subscriber.h:107:3:ros::Subscriber<MsgT, void>::Subscriber(const char*, ros::Subscriber<MsgT, void>::CallbackT, int) [with MsgT = geometry_msgs::Twist]	24	static
C:/Users/MTQ/STM32CubeIDE/workspace_1.14.1/pid_dkdc/Core/Inc/ROS/ros/subscriber.h:107:3:ros::Subscriber<MsgT, void>::Subscriber(const char*, ros::Subscriber<MsgT, void>::CallbackT, int) [with MsgT = std_msgs::Empty]	24	static
C:/Users/MTQ/STM32CubeIDE/workspace_1.14.1/pid_dkdc/Core/Inc/ROS/ros/node_handle.h:128:13:Hardware* ros::NodeHandle_<Hardware, MAX_SUBSCRIBERS, MAX_PUBLISHERS, INPUT_SIZE, OUTPUT_SIZE>::getHardware() [with Hardware = STM32Hardware; int MAX_SUBSCRIBERS = 25; int MAX_PUBLISHERS = 25; int INPUT_SIZE = 512; int OUTPUT_SIZE = 512]	16	static
C:/Users/MTQ/STM32CubeIDE/workspace_1.14.1/pid_dkdc/Core/Inc/ROS/ros/node_handle.h:134:8:void ros::NodeHandle_<Hardware, MAX_SUBSCRIBERS, MAX_PUBLISHERS, INPUT_SIZE, OUTPUT_SIZE>::initNode() [with Hardware = STM32Hardware; int MAX_SUBSCRIBERS = 25; int MAX_PUBLISHERS = 25; int INPUT_SIZE = 512; int OUTPUT_SIZE = 512]	16	static
C:/Users/MTQ/STM32CubeIDE/workspace_1.14.1/pid_dkdc/Core/Inc/ROS/ros/node_handle.h:390:8:bool ros::NodeHandle_<Hardware, MAX_SUBSCRIBERS, MAX_PUBLISHERS, INPUT_SIZE, OUTPUT_SIZE>::advertise(ros::Publisher&) [with Hardware = STM32Hardware; int MAX_SUBSCRIBERS = 25; int MAX_PUBLISHERS = 25; int INPUT_SIZE = 512; int OUTPUT_SIZE = 512]	24	static
C:/Users/MTQ/STM32CubeIDE/workspace_1.14.1/pid_dkdc/Core/Inc/ROS/ros/node_handle.h:406:8:bool ros::NodeHandle_<Hardware, MAX_SUBSCRIBERS, MAX_PUBLISHERS, INPUT_SIZE, OUTPUT_SIZE>::subscribe(ros::Subscriber_&) [with Hardware = STM32Hardware; int MAX_SUBSCRIBERS = 25; int MAX_PUBLISHERS = 25; int INPUT_SIZE = 512; int OUTPUT_SIZE = 512]	24	static
C:/Users/MTQ/STM32CubeIDE/workspace_1.14.1/pid_dkdc/Core/Inc/ROS/ros/node_handle.h:187:15:int ros::NodeHandle_<Hardware, MAX_SUBSCRIBERS, MAX_PUBLISHERS, INPUT_SIZE, OUTPUT_SIZE>::spinOnce() [with Hardware = STM32Hardware; int MAX_SUBSCRIBERS = 25; int MAX_PUBLISHERS = 25; int INPUT_SIZE = 512; int OUTPUT_SIZE = 512]	24	static
C:/Users/MTQ/STM32CubeIDE/workspace_1.14.1/pid_dkdc/Core/Inc/ROS/ros/node_handle.h:347:8:void ros::NodeHandle_<Hardware, MAX_SUBSCRIBERS, MAX_PUBLISHERS, INPUT_SIZE, OUTPUT_SIZE>::requestSyncTime() [with Hardware = STM32Hardware; int MAX_SUBSCRIBERS = 25; int MAX_PUBLISHERS = 25; int INPUT_SIZE = 512; int OUTPUT_SIZE = 512]	32	static
C:/Users/MTQ/STM32CubeIDE/workspace_1.14.1/pid_dkdc/Core/Inc/ROS/ros/node_handle.h:438:8:void ros::NodeHandle_<Hardware, MAX_SUBSCRIBERS, MAX_PUBLISHERS, INPUT_SIZE, OUTPUT_SIZE>::negotiateTopics() [with Hardware = STM32Hardware; int MAX_SUBSCRIBERS = 25; int MAX_PUBLISHERS = 25; int INPUT_SIZE = 512; int OUTPUT_SIZE = 512]	56	static
C:/Users/MTQ/STM32CubeIDE/workspace_1.14.1/pid_dkdc/Core/Inc/ROS/ros/node_handle.h:354:8:void ros::NodeHandle_<Hardware, MAX_SUBSCRIBERS, MAX_PUBLISHERS, INPUT_SIZE, OUTPUT_SIZE>::syncTime(uint8_t*) [with Hardware = STM32Hardware; int MAX_SUBSCRIBERS = 25; int MAX_PUBLISHERS = 25; int INPUT_SIZE = 512; int OUTPUT_SIZE = 512]	32	static
C:/Users/MTQ/STM32CubeIDE/workspace_1.14.1/pid_dkdc/Core/Inc/ROS/ros/node_handle.h:469:15:int ros::NodeHandle_<Hardware, MAX_SUBSCRIBERS, MAX_PUBLISHERS, INPUT_SIZE, OUTPUT_SIZE>::publish(int, const ros::Msg*) [with Hardware = STM32Hardware; int MAX_SUBSCRIBERS = 25; int MAX_PUBLISHERS = 25; int INPUT_SIZE = 512; int OUTPUT_SIZE = 512]	40	static
C:/Users/MTQ/STM32CubeIDE/workspace_1.14.1/pid_dkdc/Core/Inc/ROS/ros/node_handle.h:377:8:void ros::NodeHandle_<Hardware, MAX_SUBSCRIBERS, MAX_PUBLISHERS, INPUT_SIZE, OUTPUT_SIZE>::setNow(const ros::Time&) [with Hardware = STM32Hardware; int MAX_SUBSCRIBERS = 25; int MAX_PUBLISHERS = 25; int INPUT_SIZE = 512; int OUTPUT_SIZE = 512]	24	static
C:/Users/MTQ/STM32CubeIDE/workspace_1.14.1/pid_dkdc/Core/Inc/ROS/ros/node_handle.h:531:8:void ros::NodeHandle_<Hardware, MAX_SUBSCRIBERS, MAX_PUBLISHERS, INPUT_SIZE, OUTPUT_SIZE>::logerror(const char*) [with Hardware = STM32Hardware; int MAX_SUBSCRIBERS = 25; int MAX_PUBLISHERS = 25; int INPUT_SIZE = 512; int OUTPUT_SIZE = 512]	16	static
C:/Users/MTQ/STM32CubeIDE/workspace_1.14.1/pid_dkdc/Core/Inc/ROS/ros/node_handle.h:510:8:void ros::NodeHandle_<Hardware, MAX_SUBSCRIBERS, MAX_PUBLISHERS, INPUT_SIZE, OUTPUT_SIZE>::log(char, const char*) [with Hardware = STM32Hardware; int MAX_SUBSCRIBERS = 25; int MAX_PUBLISHERS = 25; int INPUT_SIZE = 512; int OUTPUT_SIZE = 512]	40	static
../Core/Src/mainpp.cpp:143:1:void __static_initialization_and_destruction_0(int, int)	16	static
C:/Users/MTQ/STM32CubeIDE/workspace_1.14.1/pid_dkdc/Core/Inc/ROS/ros/subscriber.h:114:16:void ros::Subscriber<MsgT, void>::callback(unsigned char*) [with MsgT = std_msgs::Empty]	16	static
C:/Users/MTQ/STM32CubeIDE/workspace_1.14.1/pid_dkdc/Core/Inc/ROS/ros/subscriber.h:128:15:int ros::Subscriber<MsgT, void>::getEndpointType() [with MsgT = std_msgs::Empty]	16	static
C:/Users/MTQ/STM32CubeIDE/workspace_1.14.1/pid_dkdc/Core/Inc/ROS/ros/subscriber.h:120:24:const char* ros::Subscriber<MsgT, void>::getMsgType() [with MsgT = std_msgs::Empty]	16	static
C:/Users/MTQ/STM32CubeIDE/workspace_1.14.1/pid_dkdc/Core/Inc/ROS/ros/subscriber.h:124:24:const char* ros::Subscriber<MsgT, void>::getMsgMD5() [with MsgT = std_msgs::Empty]	16	static
C:/Users/MTQ/STM32CubeIDE/workspace_1.14.1/pid_dkdc/Core/Inc/ROS/ros/subscriber.h:114:16:void ros::Subscriber<MsgT, void>::callback(unsigned char*) [with MsgT = geometry_msgs::Twist]	16	static
C:/Users/MTQ/STM32CubeIDE/workspace_1.14.1/pid_dkdc/Core/Inc/ROS/ros/subscriber.h:128:15:int ros::Subscriber<MsgT, void>::getEndpointType() [with MsgT = geometry_msgs::Twist]	16	static
C:/Users/MTQ/STM32CubeIDE/workspace_1.14.1/pid_dkdc/Core/Inc/ROS/ros/subscriber.h:120:24:const char* ros::Subscriber<MsgT, void>::getMsgType() [with MsgT = geometry_msgs::Twist]	16	static
C:/Users/MTQ/STM32CubeIDE/workspace_1.14.1/pid_dkdc/Core/Inc/ROS/ros/subscriber.h:124:24:const char* ros::Subscriber<MsgT, void>::getMsgMD5() [with MsgT = geometry_msgs::Twist]	16	static
C:/Users/MTQ/STM32CubeIDE/workspace_1.14.1/pid_dkdc/Core/Inc/ROS/ros/node_handle.h:338:16:bool ros::NodeHandle_<Hardware, MAX_SUBSCRIBERS, MAX_PUBLISHERS, INPUT_SIZE, OUTPUT_SIZE>::connected() [with Hardware = STM32Hardware; int MAX_SUBSCRIBERS = 25; int MAX_PUBLISHERS = 25; int INPUT_SIZE = 512; int OUTPUT_SIZE = 512]	16	static
../Core/Src/mainpp.cpp:143:1:cpp)	8	static
