Archive member included to satisfy reference by file (symbol)

C:/ST/STM32CubeIDE_1.14.1/STM32CubeIDE/plugins/com.st.stm32cube.ide.mcu.externaltools.gnu-tools-for-stm32.11.3.rel1.win32_1.1.100.202309141235/tools/bin/../lib/gcc/arm-none-eabi/11.3.1/../../../../arm-none-eabi/lib/thumb/v7e-m+fp/hard\libm.a(libm_a-w_pow.o)
                              ./Core/Src/main.o (pow)
C:/ST/STM32CubeIDE_1.14.1/STM32CubeIDE/plugins/com.st.stm32cube.ide.mcu.externaltools.gnu-tools-for-stm32.11.3.rel1.win32_1.1.100.202309141235/tools/bin/../lib/gcc/arm-none-eabi/11.3.1/../../../../arm-none-eabi/lib/thumb/v7e-m+fp/hard\libm.a(libm_a-w_sqrt.o)
                              ./Core/Src/main.o (sqrt)
C:/ST/STM32CubeIDE_1.14.1/STM32CubeIDE/plugins/com.st.stm32cube.ide.mcu.externaltools.gnu-tools-for-stm32.11.3.rel1.win32_1.1.100.202309141235/tools/bin/../lib/gcc/arm-none-eabi/11.3.1/../../../../arm-none-eabi/lib/thumb/v7e-m+fp/hard\libm.a(libm_a-s_atan.o)
                              ./Core/Src/main.o (atan)
C:/ST/STM32CubeIDE_1.14.1/STM32CubeIDE/plugins/com.st.stm32cube.ide.mcu.externaltools.gnu-tools-for-stm32.11.3.rel1.win32_1.1.100.202309141235/tools/bin/../lib/gcc/arm-none-eabi/11.3.1/../../../../arm-none-eabi/lib/thumb/v7e-m+fp/hard\libm.a(libm_a-s_fabs.o)
                              C:/ST/STM32CubeIDE_1.14.1/STM32CubeIDE/plugins/com.st.stm32cube.ide.mcu.externaltools.gnu-tools-for-stm32.11.3.rel1.win32_1.1.100.202309141235/tools/bin/../lib/gcc/arm-none-eabi/11.3.1/../../../../arm-none-eabi/lib/thumb/v7e-m+fp/hard\libm.a(libm_a-s_atan.o) (fabs)
C:/ST/STM32CubeIDE_1.14.1/STM32CubeIDE/plugins/com.st.stm32cube.ide.mcu.externaltools.gnu-tools-for-stm32.11.3.rel1.win32_1.1.100.202309141235/tools/bin/../lib/gcc/arm-none-eabi/11.3.1/../../../../arm-none-eabi/lib/thumb/v7e-m+fp/hard\libm.a(libm_a-s_finite.o)
                              C:/ST/STM32CubeIDE_1.14.1/STM32CubeIDE/plugins/com.st.stm32cube.ide.mcu.externaltools.gnu-tools-for-stm32.11.3.rel1.win32_1.1.100.202309141235/tools/bin/../lib/gcc/arm-none-eabi/11.3.1/../../../../arm-none-eabi/lib/thumb/v7e-m+fp/hard\libm.a(libm_a-w_pow.o) (finite)
C:/ST/STM32CubeIDE_1.14.1/STM32CubeIDE/plugins/com.st.stm32cube.ide.mcu.externaltools.gnu-tools-for-stm32.11.3.rel1.win32_1.1.100.202309141235/tools/bin/../lib/gcc/arm-none-eabi/11.3.1/../../../../arm-none-eabi/lib/thumb/v7e-m+fp/hard\libm.a(libm_a-e_sqrt.o)
                              C:/ST/STM32CubeIDE_1.14.1/STM32CubeIDE/plugins/com.st.stm32cube.ide.mcu.externaltools.gnu-tools-for-stm32.11.3.rel1.win32_1.1.100.202309141235/tools/bin/../lib/gcc/arm-none-eabi/11.3.1/../../../../arm-none-eabi/lib/thumb/v7e-m+fp/hard\libm.a(libm_a-w_sqrt.o) (__ieee754_sqrt)
C:/ST/STM32CubeIDE_1.14.1/STM32CubeIDE/plugins/com.st.stm32cube.ide.mcu.externaltools.gnu-tools-for-stm32.11.3.rel1.win32_1.1.100.202309141235/tools/bin/../lib/gcc/arm-none-eabi/11.3.1/../../../../arm-none-eabi/lib/thumb/v7e-m+fp/hard\libm.a(libm_a-e_pow.o)
                              C:/ST/STM32CubeIDE_1.14.1/STM32CubeIDE/plugins/com.st.stm32cube.ide.mcu.externaltools.gnu-tools-for-stm32.11.3.rel1.win32_1.1.100.202309141235/tools/bin/../lib/gcc/arm-none-eabi/11.3.1/../../../../arm-none-eabi/lib/thumb/v7e-m+fp/hard\libm.a(libm_a-w_pow.o) (__ieee754_pow)
C:/ST/STM32CubeIDE_1.14.1/STM32CubeIDE/plugins/com.st.stm32cube.ide.mcu.externaltools.gnu-tools-for-stm32.11.3.rel1.win32_1.1.100.202309141235/tools/bin/../lib/gcc/arm-none-eabi/11.3.1/../../../../arm-none-eabi/lib/thumb/v7e-m+fp/hard\libm.a(libm_a-s_scalbn.o)
                              C:/ST/STM32CubeIDE_1.14.1/STM32CubeIDE/plugins/com.st.stm32cube.ide.mcu.externaltools.gnu-tools-for-stm32.11.3.rel1.win32_1.1.100.202309141235/tools/bin/../lib/gcc/arm-none-eabi/11.3.1/../../../../arm-none-eabi/lib/thumb/v7e-m+fp/hard\libm.a(libm_a-e_pow.o) (scalbn)
C:/ST/STM32CubeIDE_1.14.1/STM32CubeIDE/plugins/com.st.stm32cube.ide.mcu.externaltools.gnu-tools-for-stm32.11.3.rel1.win32_1.1.100.202309141235/tools/bin/../lib/gcc/arm-none-eabi/11.3.1/../../../../arm-none-eabi/lib/thumb/v7e-m+fp/hard\libm.a(libm_a-math_err.o)
                              C:/ST/STM32CubeIDE_1.14.1/STM32CubeIDE/plugins/com.st.stm32cube.ide.mcu.externaltools.gnu-tools-for-stm32.11.3.rel1.win32_1.1.100.202309141235/tools/bin/../lib/gcc/arm-none-eabi/11.3.1/../../../../arm-none-eabi/lib/thumb/v7e-m+fp/hard\libm.a(libm_a-e_pow.o) (__math_uflow)
C:/ST/STM32CubeIDE_1.14.1/STM32CubeIDE/plugins/com.st.stm32cube.ide.mcu.externaltools.gnu-tools-for-stm32.11.3.rel1.win32_1.1.100.202309141235/tools/bin/../lib/gcc/arm-none-eabi/11.3.1/../../../../arm-none-eabi/lib/thumb/v7e-m+fp/hard\libc_nano.a(libc_a-exit.o)
                              C:/ST/STM32CubeIDE_1.14.1/STM32CubeIDE/plugins/com.st.stm32cube.ide.mcu.externaltools.gnu-tools-for-stm32.11.3.rel1.win32_1.1.100.202309141235/tools/bin/../lib/gcc/arm-none-eabi/11.3.1/../../../../arm-none-eabi/lib/thumb/v7e-m+fp/hard/crt0.o (exit)
[...]
Memory Configuration

Name             Origin             Length             Attributes
RAM              0x0000000020000000 0x0000000000020000 xrw
FLASH            0x0000000008000000 0x0000000000080000 xr
*default*        0x0000000000000000 0xffffffffffffffff

Linker script and memory map

LOAD C:/ST/STM32CubeIDE_1.14.1/STM32CubeIDE/plugins/com.st.stm32cube.ide.mcu.externaltools.gnu-tools-for-stm32.11.3.rel1.win32_1.1.100.202309141235/tools/bin/../lib/gcc/arm-none-eabi/11.3.1/thumb/v7e-m+fp/hard/crti.o
LOAD C:/ST/STM32CubeIDE_1.14.1/STM32CubeIDE/plugins/com.st.stm32cube.ide.mcu.externaltools.gnu-tools-for-stm32.11.3.rel1.win32_1.1.100.202309141235/tools/bin/../lib/gcc/arm-none-eabi/11.3.1/thumb/v7e-m+fp/hard/crtbegin.o
LOAD C:/ST/STM32CubeIDE_1.14.1/STM32CubeIDE/plugins/com.st.stm32cube.ide.mcu.externaltools.gnu-tools-for-stm32.11.3.rel1.win32_1.1.100.202309141235/tools/bin/../lib/gcc/arm-none-eabi/11.3.1/../../../../arm-none-eabi/lib/thumb/v7e-m+fp/hard/crt0.o
LOAD ./Core/Inc/ROS/duration.o
LOAD ./Core/Inc/ROS/time.o
LOAD ./Core/Src/main.o
LOAD ./Core/Src/mainpp.o
LOAD ./Core/Src/stm32f4xx_hal_msp.o
LOAD ./Core/Src/stm32f4xx_it.o
LOAD ./Core/Src/syscalls.o
LOAD ./Core/Src/sysmem.o
LOAD ./Core/Src/system_stm32f4xx.o
LOAD ./Core/Startup/startup_stm32f411vetx.o
LOAD ./Drivers/STM32F4xx_HAL_Driver/Src/stm32f4xx_hal.o
LOAD ./Drivers/STM32F4xx_HAL_Driver/Src/stm32f4xx_hal_cortex.o
LOAD ./Drivers/STM32F4xx_HAL_Driver/Src/stm32f4xx_hal_dma.o
LOAD ./Drivers/STM32F4xx_HAL_Driver/Src/stm32f4xx_hal_dma_ex.o
LOAD ./Drivers/STM32F4xx_HAL_Driver/Src/stm32f4xx_hal_exti.o
LOAD ./Drivers/STM32F4xx_HAL_Driver/Src/stm32f4xx_hal_flash.o
LOAD ./Drivers/STM32F4xx_HAL_Driver/Src/stm32f4xx_hal_flash_ex.o
LOAD ./Drivers/STM32F4xx_HAL_Driver/Src/stm32f4xx_hal_flash_ramfunc.o
LOAD ./Drivers/STM32F4xx_HAL_Driver/Src/stm32f4xx_hal_gpio.o
LOAD ./Drivers/STM32F4xx_HAL_Driver/Src/stm32f4xx_hal_i2c.o
LOAD ./Drivers/STM32F4xx_HAL_Driver/Src/stm32f4xx_hal_i2c_ex.o
LOAD ./Drivers/STM32F4xx_HAL_Driver/Src/stm32f4xx_hal_pwr.o
LOAD ./Drivers/STM32F4xx_HAL_Driver/Src/stm32f4xx_hal_pwr_ex.o
LOAD ./Drivers/STM32F4xx_HAL_Driver/Src/stm32f4xx_hal_rcc.o
LOAD ./Drivers/STM32F4xx_HAL_Driver/Src/stm32f4xx_hal_rcc_ex.o
LOAD ./Drivers/STM32F4xx_HAL_Driver/Src/stm32f4xx_hal_tim.o
LOAD ./Drivers/STM32F4xx_HAL_Driver/Src/stm32f4xx_hal_tim_ex.o
LOAD ./Drivers/STM32F4xx_HAL_Driver/Src/stm32f4xx_hal_uart.o
LOAD ./Drivers/STM32F4xx_HAL_Driver/Src/tm_stm32_gpio.o
LOAD ./Drivers/STM32F4xx_HAL_Driver/Src/tm_stm32_i2c.o
LOAD ./Drivers/STM32F4xx_HAL_Driver/Src/tm_stm32_mpu6050.o
START GROUP
LOAD C:/ST/STM32CubeIDE_1.14.1/STM32CubeIDE/plugins/com.st.stm32cube.ide.mcu.externaltools.gnu-tools-for-stm32.11.3.rel1.win32_1.1.100.202309141235/tools/bin/../lib/gcc/arm-none-eabi/11.3.1/../../../../arm-none-eabi/lib/thumb/v7e-m+fp/hard\libstdc++_nano.a
LOAD C:/ST/STM32CubeIDE_1.14.1/STM32CubeIDE/plugins/com.st.stm32cube.ide.mcu.externaltools.gnu-tools-for-stm32.11.3.rel1.win32_1.1.100.202309141235/tools/bin/../lib/gcc/arm-none-eabi/11.3.1/../../../../arm-none-eabi/lib/thumb/v7e-m+fp/hard\libsupc++_nano.a
END GROUP
LOAD C:/ST/STM32CubeIDE_1.14.1/STM32CubeIDE/plugins/com.st.stm32cube.ide.mcu.externaltools.gnu-tools-for-stm32.11.3.rel1.win32_1.1.100.202309141235/tools/bin/../lib/gcc/arm-none-eabi/11.3.1/../../../../arm-none-eabi/lib/thumb/v7e-m+fp/hard\libstdc++_nano.a
LOAD C:/ST/STM32CubeIDE_1.14.1/STM32CubeIDE/plugins/com.st.stm32cube.ide.mcu.externaltools.gnu-tools-for-stm32.11.3.rel1.win32_1.1.100.202309141235/tools/bin/../lib/gcc/arm-none-eabi/11.3.1/../../../../arm-none-eabi/lib/thumb/v7e-m+fp/hard\libm.a
LOAD C:/ST/STM32CubeIDE_1.14.1/STM32CubeIDE/plugins/com.st.stm32cube.ide.mcu.externaltools.gnu-tools-for-stm32.11.3.rel1.win32_1.1.100.202309141235/tools/bin/../lib/gcc/arm-none-eabi/11.3.1/../../../../arm-none-eabi/lib/thumb/v7e-m+fp/hard\libc_nano.a
START GROUP
LOAD C:/ST/STM32CubeIDE_1.14.1/STM32CubeIDE/plugins/com.st.stm32cube.ide.mcu.externaltools.gnu-tools-for-stm32.11.3.rel1.win32_1.1.100.202309141235/tools/bin/../lib/gcc/arm-none-eabi/11.3.1/thumb/v7e-m+fp/hard\libgcc.a
LOAD C:/ST/STM32CubeIDE_1.14.1/STM32CubeIDE/plugins/com.st.stm32cube.ide.mcu.externaltools.gnu-tools-for-stm32.11.3.rel1.win32_1.1.100.202309141235/tools/bin/../lib/gcc/arm-none-eabi/11.3.1/../../../../arm-none-eabi/lib/thumb/v7e-m+fp/hard\libc_nano.a
END GROUP
START GROUP
LOAD C:/ST/STM32CubeIDE_1.14.1/STM32CubeIDE/plugins/com.st.stm32cube.ide.mcu.externaltools.gnu-tools-for-stm32.11.3.rel1.win32_1.1.100.202309141235/tools/bin/../lib/gcc/arm-none-eabi/11.3.1/thumb/v7e-m+fp/hard\libgcc.a
LOAD C:/ST/STM32CubeIDE_1.14.1/STM32CubeIDE/plugins/com.st.stm32cube.ide.mcu.externaltools.gnu-tools-for-stm32.11.3.rel1.win32_1.1.100.202309141235/tools/bin/../lib/gcc/arm-none-eabi/11.3.1/../../../../arm-none-eabi/lib/thumb/v7e-m+fp/hard\libc_nano.a
END GROUP
LOAD C:/ST/STM32CubeIDE_1.14.1/STM32CubeIDE/plugins/com.st.stm32cube.ide.mcu.externaltools.gnu-tools-for-stm32.11.3.rel1.win32_1.1.100.202309141235/tools/bin/../lib/gcc/arm-none-eabi/11.3.1/thumb/v7e-m+fp/hard/crtend.o
LOAD C:/ST/STM32CubeIDE_1.14.1/STM32CubeIDE/plugins/com.st.stm32cube.ide.mcu.externaltools.gnu-tools-for-stm32.11.3.rel1.win32_1.1.100.202309141235/tools/bin/../lib/gcc/arm-none-eabi/11.3.1/thumb/v7e-m+fp/hard/crtn.o
                0x0000000020020000                _estack = (ORIGIN (RAM) + LENGTH (RAM))
                0x0000000000000200                _Min_Heap_Size = 0x200
                0x0000000000000400                _Min_Stack_Size = 0x400

.isr_vector     0x0000000008000000      0x198
                0x0000000008000000                . = ALIGN (0x4)
 *(.isr_vector)
 .isr_vector    0x0000000008000000      0x198 ./Core/Startup/startup_stm32f411vetx.o
                0x0000000008000000                g_pfnVectors
                0x0000000008000198                . = ALIGN (0x4)

.text           0x0000000008000198     0xcf30
                0x0000000008000198                . = ALIGN (0x4)
 *(.text)
 .text          0x0000000008000198       0x40 C:/ST/STM32CubeIDE_1.14.1/STM32CubeIDE/plugins/com.st.stm32cube.ide.mcu.externaltools.gnu-tools-for-stm32.11.3.rel1.win32_1.1.100.202309141235/tools/bin/../lib/gcc/arm-none-eabi/11.3.1/thumb/v7e-m+fp/hard/crtbegin.o
 .text          0x00000000080001d8       0x10 C:/ST/STM32CubeIDE_1.14.1/STM32CubeIDE/plugins/com.st.stm32cube.ide.mcu.externaltools.gnu-tools-for-stm32.11.3.rel1.win32_1.1.100.202309141235/tools/bin/../lib/gcc/arm-none-eabi/11.3.1/../../../../arm-none-eabi/lib/thumb/v7e-m+fp/hard\libc_nano.a(libc_a-strlen.o)
                0x00000000080001d8                strlen
 .text          0x00000000080001e8      0x378 C:/ST/STM32CubeIDE_1.14.1/STM32CubeIDE/plugins/com.st.stm32cube.ide.mcu.externaltools.gnu-tools-for-stm32.11.3.rel1.win32_1.1.100.202309141235/tools/bin/../lib/gcc/arm-none-eabi/11.3.1/thumb/v7e-m+fp/hard\libgcc.a(_arm_addsubdf3.o)
                0x00000000080001e8                __aeabi_drsub
                0x00000000080001f0                __aeabi_dsub
                0x00000000080001f0                __subdf3
                0x00000000080001f4                __aeabi_dadd
                0x00000000080001f4                __adddf3
                0x000000000800046c                __floatunsidf
                0x000000000800046c                __aeabi_ui2d
                0x000000000800048c                __floatsidf
                0x000000000800048c                __aeabi_i2d
                0x00000000080004b0                __aeabi_f2d
                0x00000000080004b0                __extendsfdf2
                0x00000000080004f4                __floatundidf
                0x00000000080004f4                __aeabi_ul2d
                0x0000000008000504                __floatdidf
                0x0000000008000504                __aeabi_l2d
 .text          0x0000000008000560      0x424 C:/ST/STM32CubeIDE_1.14.1/STM32CubeIDE/plugins/com.st.stm32cube.ide.mcu.externaltools.gnu-tools-for-stm32.11.3.rel1.win32_1.1.100.202309141235/tools/bin/../lib/gcc/arm-none-eabi/11.3.1/thumb/v7e-m+fp/hard\libgcc.a(_arm_muldivdf3.o)
                0x0000000008000560                __aeabi_dmul
                0x0000000008000560                __muldf3
                0x00000000080007b4                __divdf3
                0x00000000080007b4                __aeabi_ddiv
 .text          0x0000000008000984      0x110 C:/ST/STM32CubeIDE_1.14.1/STM32CubeIDE/plugins/com.st.stm32cube.ide.mcu.externaltools.gnu-tools-for-stm32.11.3.rel1.win32_1.1.100.202309141235/tools/bin/../lib/gcc/arm-none-eabi/11.3.1/thumb/v7e-m+fp/hard\libgcc.a(_arm_cmpdf2.o)
                0x0000000008000984                __gtdf2
                0x0000000008000984                __gedf2
                0x000000000800098c                __ltdf2
                0x000000000800098c                __ledf2
                0x0000000008000994                __nedf2
                0x0000000008000994                __eqdf2
                0x0000000008000994                __cmpdf2
                0x0000000008000a10                __aeabi_cdrcmple
                0x0000000008000a20                __aeabi_cdcmpeq
                0x0000000008000a20                __aeabi_cdcmple
                0x0000000008000a30                __aeabi_dcmpeq
                0x0000000008000a44                __aeabi_dcmplt
                0x0000000008000a58                __aeabi_dcmple
                0x0000000008000a6c                __aeabi_dcmpge
                0x0000000008000a80                __aeabi_dcmpgt
 .text          0x0000000008000a94       0x2c C:/ST/STM32CubeIDE_1.14.1/STM32CubeIDE/plugins/com.st.stm32cube.ide.mcu.externaltools.gnu-tools-for-stm32.11.3.rel1.win32_1.1.100.202309141235/tools/bin/../lib/gcc/arm-none-eabi/11.3.1/thumb/v7e-m+fp/hard\libgcc.a(_arm_unorddf2.o)
                0x0000000008000a94                __unorddf2
                0x0000000008000a94                __aeabi_dcmpun
 .text          0x0000000008000ac0       0xa0 C:/ST/STM32CubeIDE_1.14.1/STM32CubeIDE/plugins/com.st.stm32cube.ide.mcu.externaltools.gnu-tools-for-stm32.11.3.rel1.win32_1.1.100.202309141235/tools/bin/../lib/gcc/arm-none-eabi/11.3.1/thumb/v7e-m+fp/hard\libgcc.a(_arm_truncdfsf2.o)
                0x0000000008000ac0                __truncdfsf2
                0x0000000008000ac0                __aeabi_d2f
 .text          0x0000000008000b60       0x30 C:/ST/STM32CubeIDE_1.14.1/STM32CubeIDE/plugins/com.st.stm32cube.ide.mcu.externaltools.gnu-tools-for-stm32.11.3.rel1.win32_1.1.100.202309141235/tools/bin/../lib/gcc/arm-none-eabi/11.3.1/thumb/v7e-m+fp/hard\libgcc.a(_aeabi_uldivmod.o)
                0x0000000008000b60                __aeabi_uldivmod
 .text          0x0000000008000b90      0x2c8 C:/ST/STM32CubeIDE_1.14.1/STM32CubeIDE/plugins/com.st.stm32cube.ide.mcu.externaltools.gnu-tools-for-stm32.11.3.rel1.win32_1.1.100.202309141235/tools/bin/../lib/gcc/arm-none-eabi/11.3.1/thumb/v7e-m+fp/hard\libgcc.a(_udivmoddi4.o)
                0x0000000008000b90                __udivmoddi4
 .text          0x0000000008000e58        0x4 C:/ST/STM32CubeIDE_1.14.1/STM32CubeIDE/plugins/com.st.stm32cube.ide.mcu.externaltools.gnu-tools-for-stm32.11.3.rel1.win32_1.1.100.202309141235/tools/bin/../lib/gcc/arm-none-eabi/11.3.1/thumb/v7e-m+fp/hard\libgcc.a(_dvmd_tls.o)
                0x0000000008000e58                __aeabi_idiv0
                0x0000000008000e58                __aeabi_ldiv0
 *(.text*)
 .text._ZN3ros16normalizeSecNSecERmS0_
                0x0000000008000e5c       0x58 ./Core/Inc/ROS/time.o
                0x0000000008000e5c                ros::normalizeSecNSec(unsigned long&, unsigned long&)
 .text.MPU9250_Read_Accel
                0x0000000008000eb4       0xd8 ./Core/Src/main.o
                0x0000000008000eb4                MPU9250_Read_Accel
 *fill*         0x0000000008000f8c        0x4 
 .text.MPU9250_Read_Gyro
                0x0000000008000f90       0xfc ./Core/Src/main.o
                0x0000000008000f90                MPU9250_Read_Gyro
 .text.set_last_read_angle_data
                0x000000000800108c       0x74 ./Core/Src/main.o
                0x000000000800108c                set_last_read_angle_data
 .text.get_last_time
                0x0000000008001100       0x18 ./Core/Src/main.o
                0x0000000008001100                get_last_time
 .text.get_last_x_angle
                0x0000000008001118       0x1c ./Core/Src/main.o
                0x0000000008001118                get_last_x_angle
 .text.get_last_y_angle
                0x0000000008001134       0x1c ./Core/Src/main.o
                0x0000000008001134                get_last_y_angle
 .text.get_last_z_angle
                0x0000000008001150       0x1c ./Core/Src/main.o
                0x0000000008001150                get_last_z_angle
 .text.get_last_gyro_x_angle
                0x000000000800116c       0x1c ./Core/Src/main.o
                0x000000000800116c                get_last_gyro_x_angle
 .text.get_last_gyro_y_angle
                0x0000000008001188       0x1c ./Core/Src/main.o
                0x0000000008001188                get_last_gyro_y_angle
 .text.get_last_gyro_z_angle
                0x00000000080011a4       0x1c ./Core/Src/main.o
                0x00000000080011a4                get_last_gyro_z_angle
 .text.main     0x00000000080011c0       0x98 ./Core/Src/main.o
                0x00000000080011c0                main
 .text.SystemClock_Config
                0x0000000008001258       0xd4 ./Core/Src/main.o
                0x0000000008001258                SystemClock_Config
 .text.MX_I2C1_Init
                0x000000000800132c       0x5c ./Core/Src/main.o
 .text.MX_TIM1_Init
                0x0000000008001388       0xb0 ./Core/Src/main.o
 .text.MX_TIM2_Init
                0x0000000008001438       0x9c ./Core/Src/main.o
 .text.MX_TIM3_Init
                0x00000000080014d4       0xc8 ./Core/Src/main.o
 .text.MX_TIM4_Init
                0x000000000800159c       0xa8 ./Core/Src/main.o
 .text.MX_USART6_UART_Init
                0x0000000008001644       0x54 ./Core/Src/main.o
 .text.MX_DMA_Init
                0x0000000008001698       0x50 ./Core/Src/main.o
 .text.MX_GPIO_Init
                0x00000000080016e8      0x154 ./Core/Src/main.o
 .text.PID_Calculate1
                0x000000000800183c      0x380 ./Core/Src/main.o
                0x000000000800183c                PID_Calculate1
 .text.PID_Calculate2
                0x0000000008001bbc      0x390 ./Core/Src/main.o
                0x0000000008001bbc                PID_Calculate2
 .text.PWM_Calculate1
                0x0000000008001f4c       0xf8 ./Core/Src/main.o
                0x0000000008001f4c                PWM_Calculate1
 .text.PWM_Calculate2
                0x0000000008002044       0xf8 ./Core/Src/main.o
                0x0000000008002044                PWM_Calculate2
 *fill*         0x000000000800213c        0x4 
 .text.read_Imu
                0x0000000008002140      0x428 ./Core/Src/main.o
                0x0000000008002140                read_Imu
 .text.HAL_TIM_PeriodElapsedCallback
                0x0000000008002568       0xf8 ./Core/Src/main.o
                0x0000000008002568                HAL_TIM_PeriodElapsedCallback
 .text.Error_Handler
                0x0000000008002660        0xa ./Core/Src/main.o
                0x0000000008002660                Error_Handler
 .text._ZN3ros4TimeC2Ev
                0x000000000800266a       0x22 ./Core/Src/mainpp.o
                0x000000000800266a                ros::Time::Time()
                0x000000000800266a                ros::Time::Time()
 .text._ZN3ros3MsgC2Ev
                0x000000000800268c       0x20 ./Core/Src/mainpp.o
                0x000000000800268c                ros::Msg::Msg()
                0x000000000800268c                ros::Msg::Msg()
 .text._ZN8std_msgs4TimeC2Ev
                0x00000000080026ac       0x30 ./Core/Src/mainpp.o
                0x00000000080026ac                std_msgs::Time::Time()
                0x00000000080026ac                std_msgs::Time::Time()
 .text._ZNK8std_msgs4Time9serializeEPh
                0x00000000080026dc       0xb0 ./Core/Src/mainpp.o
                0x00000000080026dc                std_msgs::Time::serialize(unsigned char*) const
 .text._ZN8std_msgs4Time11deserializeEPh
                0x000000000800278c       0xc8 ./Core/Src/mainpp.o
                0x000000000800278c                std_msgs::Time::deserialize(unsigned char*)
 .text._ZN8std_msgs4Time7getTypeEv
                0x0000000008002854       0x1c ./Core/Src/mainpp.o
                0x0000000008002854                std_msgs::Time::getType()
 .text._ZN8std_msgs4Time6getMD5Ev
                0x0000000008002870       0x1c ./Core/Src/mainpp.o
                0x0000000008002870                std_msgs::Time::getMD5()
 .text._ZN14rosserial_msgs9TopicInfoC2Ev
                0x000000000800288c       0x48 ./Core/Src/mainpp.o
                0x000000000800288c                rosserial_msgs::TopicInfo::TopicInfo()
                0x000000000800288c                rosserial_msgs::TopicInfo::TopicInfo()
 .text._ZNK14rosserial_msgs9TopicInfo9serializeEPh
                0x00000000080028d4      0x136 ./Core/Src/mainpp.o
                0x00000000080028d4                rosserial_msgs::TopicInfo::serialize(unsigned char*) const
 .text._ZN14rosserial_msgs9TopicInfo11deserializeEPh
                0x0000000008002a0a      0x1d0 ./Core/Src/mainpp.o
                0x0000000008002a0a                rosserial_msgs::TopicInfo::deserialize(unsigned char*)
 *fill*         0x0000000008002bda        0x2 
 .text._ZN14rosserial_msgs9TopicInfo7getTypeEv
                0x0000000008002bdc       0x1c ./Core/Src/mainpp.o
                0x0000000008002bdc                rosserial_msgs::TopicInfo::getType()
 .text._ZN14rosserial_msgs9TopicInfo6getMD5Ev
                0x0000000008002bf8       0x1c ./Core/Src/mainpp.o
                0x0000000008002bf8                rosserial_msgs::TopicInfo::getMD5()
 .text._ZN14rosserial_msgs3LogC2Ev
                0x0000000008002c14       0x34 ./Core/Src/mainpp.o
                0x0000000008002c14                rosserial_msgs::Log::Log()
                0x0000000008002c14                rosserial_msgs::Log::Log()
 .text._ZNK14rosserial_msgs3Log9serializeEPh
                0x0000000008002c48       0x64 ./Core/Src/mainpp.o
                0x0000000008002c48                rosserial_msgs::Log::serialize(unsigned char*) const
 .text._ZN14rosserial_msgs3Log11deserializeEPh
                0x0000000008002cac       0x90 ./Core/Src/mainpp.o
                0x0000000008002cac                rosserial_msgs::Log::deserialize(unsigned char*)
 .text._ZN14rosserial_msgs3Log7getTypeEv
                0x0000000008002d3c       0x1c ./Core/Src/mainpp.o
                0x0000000008002d3c                rosserial_msgs::Log::getType()
 .text._ZN14rosserial_msgs3Log6getMD5Ev
                0x0000000008002d58       0x1c ./Core/Src/mainpp.o
                0x0000000008002d58                rosserial_msgs::Log::getMD5()
 .text._ZN14rosserial_msgs20RequestParamResponseC2Ev
                0x0000000008002d74       0x5c ./Core/Src/mainpp.o
                0x0000000008002d74                rosserial_msgs::RequestParamResponse::RequestParamResponse()
                0x0000000008002d74                rosserial_msgs::RequestParamResponse::RequestParamResponse()
 .text._ZNK14rosserial_msgs20RequestParamResponse9serializeEPh
                0x0000000008002dd0      0x222 ./Core/Src/mainpp.o
                0x0000000008002dd0                rosserial_msgs::RequestParamResponse::serialize(unsigned char*) const
 .text._ZN14rosserial_msgs20RequestParamResponse11deserializeEPh
                0x0000000008002ff2      0x2e2 ./Core/Src/mainpp.o
                0x0000000008002ff2                rosserial_msgs::RequestParamResponse::deserialize(unsigned char*)
 .text._ZN14rosserial_msgs20RequestParamResponse7getTypeEv
                0x00000000080032d4       0x1c ./Core/Src/mainpp.o
                0x00000000080032d4                rosserial_msgs::RequestParamResponse::getType()
 .text._ZN14rosserial_msgs20RequestParamResponse6getMD5Ev
                0x00000000080032f0       0x1c ./Core/Src/mainpp.o
                0x00000000080032f0                rosserial_msgs::RequestParamResponse::getMD5()
 .text._ZN3ros9PublisherC2EPKcPNS_3MsgEi
                0x000000000800330c       0x2e ./Core/Src/mainpp.o
                0x000000000800330c                ros::Publisher::Publisher(char const*, ros::Msg*, int)
                0x000000000800330c                ros::Publisher::Publisher(char const*, ros::Msg*, int)
 .text._ZN3ros9Publisher7publishEPKNS_3MsgE
                0x000000000800333a       0x28 ./Core/Src/mainpp.o
                0x000000000800333a                ros::Publisher::publish(ros::Msg const*)
 .text._ZN3ros9Publisher15getEndpointTypeEv
                0x0000000008003362       0x18 ./Core/Src/mainpp.o
                0x0000000008003362                ros::Publisher::getEndpointType()
 .text._ZN13STM32Hardware10getRdmaIndEv
                0x000000000800337a       0x26 ./Core/Src/mainpp.o
                0x000000000800337a                STM32Hardware::getRdmaInd()
 .text._ZN13STM32HardwareC2Ev
                0x00000000080033a0       0x38 ./Core/Src/mainpp.o
                0x00000000080033a0                STM32Hardware::STM32Hardware()
                0x00000000080033a0                STM32Hardware::STM32Hardware()
 .text._ZN13STM32Hardware4initEv
                0x00000000080033d8       0x16 ./Core/Src/mainpp.o
                0x00000000080033d8                STM32Hardware::init()
 .text._ZN13STM32Hardware10reset_rbufEv
                0x00000000080033ee       0x22 ./Core/Src/mainpp.o
                0x00000000080033ee                STM32Hardware::reset_rbuf()
 .text._ZN13STM32Hardware4readEv
                0x0000000008003410       0x5a ./Core/Src/mainpp.o
                0x0000000008003410                STM32Hardware::read()
 *fill*         0x000000000800346a        0x2 
 .text._ZN13STM32Hardware5flushEv
                0x000000000800346c       0xe8 ./Core/Src/mainpp.o
                0x000000000800346c                STM32Hardware::flush()
 .text._ZN13STM32Hardware5writeEPKhi
                0x0000000008003554       0x8c ./Core/Src/mainpp.o
                0x0000000008003554                STM32Hardware::write(unsigned char const*, int)
 .text._ZN13STM32Hardware4timeEv
                0x00000000080035e0       0x16 ./Core/Src/mainpp.o
                0x00000000080035e0                STM32Hardware::time()
 *fill*         0x00000000080035f6        0x2 
 .text._ZN13geometry_msgs7Vector3C2Ev
                0x00000000080035f8       0x50 ./Core/Src/mainpp.o
                0x00000000080035f8                geometry_msgs::Vector3::Vector3()
                0x00000000080035f8                geometry_msgs::Vector3::Vector3()
 .text._ZNK13geometry_msgs7Vector39serializeEPh
                0x0000000008003648      0x2e6 ./Core/Src/mainpp.o
                0x0000000008003648                geometry_msgs::Vector3::serialize(unsigned char*) const
 .text._ZN13geometry_msgs7Vector311deserializeEPh
                0x000000000800392e      0x6be ./Core/Src/mainpp.o
                0x000000000800392e                geometry_msgs::Vector3::deserialize(unsigned char*)
 .text._ZN13geometry_msgs7Vector37getTypeEv
                0x0000000008003fec       0x1c ./Core/Src/mainpp.o
                0x0000000008003fec                geometry_msgs::Vector3::getType()
 .text._ZN13geometry_msgs7Vector36getMD5Ev
                0x0000000008004008       0x1c ./Core/Src/mainpp.o
                0x0000000008004008                geometry_msgs::Vector3::getMD5()
 .text._ZN13geometry_msgs5TwistC2Ev
                0x0000000008004024       0x38 ./Core/Src/mainpp.o
                0x0000000008004024                geometry_msgs::Twist::Twist()
                0x0000000008004024                geometry_msgs::Twist::Twist()
 .text._ZNK13geometry_msgs5Twist9serializeEPh
                0x000000000800405c       0x4c ./Core/Src/mainpp.o
                0x000000000800405c                geometry_msgs::Twist::serialize(unsigned char*) const
 .text._ZN13geometry_msgs5Twist11deserializeEPh
                0x00000000080040a8       0x4c ./Core/Src/mainpp.o
                0x00000000080040a8                geometry_msgs::Twist::deserialize(unsigned char*)
 .text._ZN13geometry_msgs5Twist7getTypeEv
                0x00000000080040f4       0x1c ./Core/Src/mainpp.o
                0x00000000080040f4                geometry_msgs::Twist::getType()
 .text._ZN13geometry_msgs5Twist6getMD5Ev
                0x0000000008004110       0x1c ./Core/Src/mainpp.o
                0x0000000008004110                geometry_msgs::Twist::getMD5()
 .text._ZN8std_msgs6HeaderC2Ev
                0x000000000800412c       0x40 ./Core/Src/mainpp.o
                0x000000000800412c                std_msgs::Header::Header()
                0x000000000800412c                std_msgs::Header::Header()
 .text._ZNK8std_msgs6Header9serializeEPh
                0x000000000800416c      0x130 ./Core/Src/mainpp.o
                0x000000000800416c                std_msgs::Header::serialize(unsigned char*) const
 .text._ZN8std_msgs6Header11deserializeEPh
                0x000000000800429c      0x180 ./Core/Src/mainpp.o
                0x000000000800429c                std_msgs::Header::deserialize(unsigned char*)
 .text._ZN8std_msgs6Header7getTypeEv
                0x000000000800441c       0x1c ./Core/Src/mainpp.o
                0x000000000800441c                std_msgs::Header::getType()
 .text._ZN8std_msgs6Header6getMD5Ev
                0x0000000008004438       0x1c ./Core/Src/mainpp.o
                0x0000000008004438                std_msgs::Header::getMD5()
 .text._ZN13geometry_msgs10QuaternionC2Ev
                0x0000000008004454       0x5c ./Core/Src/mainpp.o
                0x0000000008004454                geometry_msgs::Quaternion::Quaternion()
                0x0000000008004454                geometry_msgs::Quaternion::Quaternion()
 .text._ZNK13geometry_msgs10Quaternion9serializeEPh
                0x00000000080044b0      0x3d4 ./Core/Src/mainpp.o
                0x00000000080044b0                geometry_msgs::Quaternion::serialize(unsigned char*) const
 .text._ZN13geometry_msgs10Quaternion11deserializeEPh
                0x0000000008004884      0x914 ./Core/Src/mainpp.o
                0x0000000008004884                geometry_msgs::Quaternion::deserialize(unsigned char*)
 .text._ZN13geometry_msgs10Quaternion7getTypeEv
                0x0000000008005198       0x1c ./Core/Src/mainpp.o
                0x0000000008005198                geometry_msgs::Quaternion::getType()
 .text._ZN13geometry_msgs10Quaternion6getMD5Ev
                0x00000000080051b4       0x1c ./Core/Src/mainpp.o
                0x00000000080051b4                geometry_msgs::Quaternion::getMD5()
 .text._ZN11sensor_msgs3ImuC2Ev
                0x00000000080051d0       0xa8 ./Core/Src/mainpp.o
                0x00000000080051d0                sensor_msgs::Imu::Imu()
                0x00000000080051d0                sensor_msgs::Imu::Imu()
 .text._ZNK11sensor_msgs3Imu9serializeEPh
                0x0000000008005278      0x39c ./Core/Src/mainpp.o
                0x0000000008005278                sensor_msgs::Imu::serialize(unsigned char*) const
 .text._ZN11sensor_msgs3Imu11deserializeEPh
                0x0000000008005614      0x7ba ./Core/Src/mainpp.o
                0x0000000008005614                sensor_msgs::Imu::deserialize(unsigned char*)
 *fill*         0x0000000008005dce        0x2 
 .text._ZN11sensor_msgs3Imu7getTypeEv
                0x0000000008005dd0       0x1c ./Core/Src/mainpp.o
                0x0000000008005dd0                sensor_msgs::Imu::getType()
 .text._ZN11sensor_msgs3Imu6getMD5Ev
                0x0000000008005dec       0x1c ./Core/Src/mainpp.o
                0x0000000008005dec                sensor_msgs::Imu::getMD5()
 .text._ZN3ros15NodeHandleBase_C2Ev
                0x0000000008005e08       0x20 ./Core/Src/mainpp.o
                0x0000000008005e08                ros::NodeHandleBase_::NodeHandleBase_()
                0x0000000008005e08                ros::NodeHandleBase_::NodeHandleBase_()
 .text._ZN3ros11NodeHandle_I13STM32HardwareLi25ELi25ELi512ELi512EEC2Ev
                0x0000000008005e28       0xf0 ./Core/Src/mainpp.o
                0x0000000008005e28                ros::NodeHandle_<STM32Hardware, 25, 25, 512, 512>::NodeHandle_()
                0x0000000008005e28                ros::NodeHandle_<STM32Hardware, 25, 25, 512, 512>::NodeHandle_()
 .text._Z23subscriber_cmd_callbackRKN13geometry_msgs5TwistE
                0x0000000008005f18       0x3c ./Core/Src/mainpp.o
                0x0000000008005f18                subscriber_cmd_callback(geometry_msgs::Twist const&)
 .text.HAL_UART_TxCpltCallback
                0x0000000008005f54       0x30 ./Core/Src/mainpp.o
                0x0000000008005f54                HAL_UART_TxCpltCallback
 .text.HAL_UART_RxCpltCallback
                0x0000000008005f84       0x30 ./Core/Src/mainpp.o
                0x0000000008005f84                HAL_UART_RxCpltCallback
 .text.setup    0x0000000008005fb4       0x38 ./Core/Src/mainpp.o
                0x0000000008005fb4                setup
 .text.loop     0x0000000008005fec       0x78 ./Core/Src/mainpp.o
                0x0000000008005fec                loop
 .text._ZN3ros3Msg8varToArrIPhmEEvT_T0_
                0x0000000008006064       0x3e ./Core/Src/mainpp.o
                0x0000000008006064                void ros::Msg::varToArr<unsigned char*, unsigned long>(unsigned char*, unsigned long)
 .text._ZN3ros3Msg8arrToVarImPhEEvRT_T0_
                0x00000000080060a2       0x4c ./Core/Src/mainpp.o
                0x00000000080060a2                void ros::Msg::arrToVar<unsigned long, unsigned char*>(unsigned long&, unsigned char*)
 *fill*         0x00000000080060ee        0x2 
 .text._ZN3ros11Subscriber_C2Ev
                0x00000000080060f0       0x20 ./Core/Src/mainpp.o
                0x00000000080060f0                ros::Subscriber_::Subscriber_()
                0x00000000080060f0                ros::Subscriber_::Subscriber_()
 .text._ZN3ros10SubscriberIN13geometry_msgs5TwistEvEC2EPKcPFvRKS2_Ei
                0x0000000008006110       0x48 ./Core/Src/mainpp.o
                0x0000000008006110                ros::Subscriber<geometry_msgs::Twist, void>::Subscriber(char const*, void (*)(geometry_msgs::Twist const&), int)
                0x0000000008006110                ros::Subscriber<geometry_msgs::Twist, void>::Subscriber(char const*, void (*)(geometry_msgs::Twist const&), int)
 .text._ZN3ros11NodeHandle_I13STM32HardwareLi25ELi25ELi512ELi512EE11getHardwareEv
                0x0000000008006158       0x18 ./Core/Src/mainpp.o
                0x0000000008006158                ros::NodeHandle_<STM32Hardware, 25, 25, 512, 512>::getHardware()
 .text._ZN3ros11NodeHandle_I13STM32HardwareLi25ELi25ELi512ELi512EE8initNodeEv
                0x0000000008006170       0x3a ./Core/Src/mainpp.o
                0x0000000008006170                ros::NodeHandle_<STM32Hardware, 25, 25, 512, 512>::initNode()
 .text._ZN3ros11NodeHandle_I13STM32HardwareLi25ELi25ELi512ELi512EE9subscribeERNS_11Subscriber_E
                0x00000000080061aa       0x56 ./Core/Src/mainpp.o
                0x00000000080061aa                ros::NodeHandle_<STM32Hardware, 25, 25, 512, 512>::subscribe(ros::Subscriber_&)
 .text._ZN3ros11NodeHandle_I13STM32HardwareLi25ELi25ELi512ELi512EE9advertiseERNS_9PublisherE
                0x0000000008006200       0x60 ./Core/Src/mainpp.o
                0x0000000008006200                ros::NodeHandle_<STM32Hardware, 25, 25, 512, 512>::advertise(ros::Publisher&)
 .text._ZN3ros11NodeHandle_I13STM32HardwareLi25ELi25ELi512ELi512EE8spinOnceEv
                0x0000000008006260      0x3b2 ./Core/Src/mainpp.o
                0x0000000008006260                ros::NodeHandle_<STM32Hardware, 25, 25, 512, 512>::spinOnce()
 .text._ZN3ros11NodeHandle_I13STM32HardwareLi25ELi25ELi512ELi512EE15requestSyncTimeEv
                0x0000000008006612       0x3c ./Core/Src/mainpp.o
                0x0000000008006612                ros::NodeHandle_<STM32Hardware, 25, 25, 512, 512>::requestSyncTime()
 .text._ZN3ros11NodeHandle_I13STM32HardwareLi25ELi25ELi512ELi512EE15negotiateTopicsEv
                0x000000000800664e      0x1be ./Core/Src/mainpp.o
                0x000000000800664e                ros::NodeHandle_<STM32Hardware, 25, 25, 512, 512>::negotiateTopics()
 .text._ZN3ros11NodeHandle_I13STM32HardwareLi25ELi25ELi512ELi512EE8syncTimeEPh
                0x000000000800680c       0x98 ./Core/Src/mainpp.o
                0x000000000800680c                ros::NodeHandle_<STM32Hardware, 25, 25, 512, 512>::syncTime(unsigned char*)
 .text._ZN3ros11NodeHandle_I13STM32HardwareLi25ELi25ELi512ELi512EE7publishEiPKNS_3MsgE
                0x00000000080068a4      0x128 ./Core/Src/mainpp.o
                0x00000000080068a4                ros::NodeHandle_<STM32Hardware, 25, 25, 512, 512>::publish(int, ros::Msg const*)
 .text._ZN3ros11NodeHandle_I13STM32HardwareLi25ELi25ELi512ELi512EE6setNowERKNS_4TimeE
                0x00000000080069cc       0x80 ./Core/Src/mainpp.o
                0x00000000080069cc                ros::NodeHandle_<STM32Hardware, 25, 25, 512, 512>::setNow(ros::Time const&)
 .text._ZN3ros11NodeHandle_I13STM32HardwareLi25ELi25ELi512ELi512EE8logerrorEPKc
                0x0000000008006a4c       0x1c ./Core/Src/mainpp.o
                0x0000000008006a4c                ros::NodeHandle_<STM32Hardware, 25, 25, 512, 512>::logerror(char const*)
 .text._ZN3ros11NodeHandle_I13STM32HardwareLi25ELi25ELi512ELi512EE3logEcPKc
                0x0000000008006a68       0x38 ./Core/Src/mainpp.o
                0x0000000008006a68                ros::NodeHandle_<STM32Hardware, 25, 25, 512, 512>::log(char, char const*)
 .text._Z41__static_initialization_and_destruction_0ii
                0x0000000008006aa0       0x80 ./Core/Src/mainpp.o
 .text._ZN3ros10SubscriberIN13geometry_msgs5TwistEvE8callbackEPh
                0x0000000008006b20       0x2a ./Core/Src/mainpp.o
                0x0000000008006b20                ros::Subscriber<geometry_msgs::Twist, void>::callback(unsigned char*)
 .text._ZN3ros10SubscriberIN13geometry_msgs5TwistEvE15getEndpointTypeEv
                0x0000000008006b4a       0x18 ./Core/Src/mainpp.o
                0x0000000008006b4a                ros::Subscriber<geometry_msgs::Twist, void>::getEndpointType()
 .text._ZN3ros10SubscriberIN13geometry_msgs5TwistEvE10getMsgTypeEv
                0x0000000008006b62       0x1c ./Core/Src/mainpp.o
                0x0000000008006b62                ros::Subscriber<geometry_msgs::Twist, void>::getMsgType()
 .text._ZN3ros10SubscriberIN13geometry_msgs5TwistEvE9getMsgMD5Ev
                0x0000000008006b7e       0x1c ./Core/Src/mainpp.o
                0x0000000008006b7e                ros::Subscriber<geometry_msgs::Twist, void>::getMsgMD5()
 .text._ZN3ros11NodeHandle_I13STM32HardwareLi25ELi25ELi512ELi512EE9connectedEv
                0x0000000008006b9a       0x1a ./Core/Src/mainpp.o
                0x0000000008006b9a                ros::NodeHandle_<STM32Hardware, 25, 25, 512, 512>::connected()
 .text._GLOBAL__sub_I_imu_data_tx
                0x0000000008006bb4       0x10 ./Core/Src/mainpp.o
 .text.HAL_MspInit
                0x0000000008006bc4       0x50 ./Core/Src/stm32f4xx_hal_msp.o
                0x0000000008006bc4                HAL_MspInit
 .text.HAL_I2C_MspInit
                0x0000000008006c14       0x90 ./Core/Src/stm32f4xx_hal_msp.o
                0x0000000008006c14                HAL_I2C_MspInit
 .text.HAL_TIM_Encoder_MspInit
                0x0000000008006ca4      0x100 ./Core/Src/stm32f4xx_hal_msp.o
                0x0000000008006ca4                HAL_TIM_Encoder_MspInit
 .text.HAL_TIM_Base_MspInit
                0x0000000008006da4       0x4c ./Core/Src/stm32f4xx_hal_msp.o
                0x0000000008006da4                HAL_TIM_Base_MspInit
 .text.HAL_TIM_PWM_MspInit
                0x0000000008006df0       0x44 ./Core/Src/stm32f4xx_hal_msp.o
                0x0000000008006df0                HAL_TIM_PWM_MspInit
 .text.HAL_TIM_MspPostInit
                0x0000000008006e34       0x74 ./Core/Src/stm32f4xx_hal_msp.o
                0x0000000008006e34                HAL_TIM_MspPostInit
 .text.HAL_UART_MspInit
                0x0000000008006ea8      0x16c ./Core/Src/stm32f4xx_hal_msp.o
                0x0000000008006ea8                HAL_UART_MspInit
 .text.NMI_Handler
                0x0000000008007014        0x6 ./Core/Src/stm32f4xx_it.o
                0x0000000008007014                NMI_Handler
 .text.HardFault_Handler
                0x000000000800701a        0x6 ./Core/Src/stm32f4xx_it.o
                0x000000000800701a                HardFault_Handler
 .text.MemManage_Handler
                0x0000000008007020        0x6 ./Core/Src/stm32f4xx_it.o
                0x0000000008007020                MemManage_Handler
 .text.BusFault_Handler
                0x0000000008007026        0x6 ./Core/Src/stm32f4xx_it.o
                0x0000000008007026                BusFault_Handler
 .text.UsageFault_Handler
                0x000000000800702c        0x6 ./Core/Src/stm32f4xx_it.o
                0x000000000800702c                UsageFault_Handler
 .text.SVC_Handler
                0x0000000008007032        0xe ./Core/Src/stm32f4xx_it.o
                0x0000000008007032                SVC_Handler
 .text.DebugMon_Handler
                0x0000000008007040        0xe ./Core/Src/stm32f4xx_it.o
                0x0000000008007040                DebugMon_Handler
 .text.PendSV_Handler
                0x000000000800704e        0xe ./Core/Src/stm32f4xx_it.o
                0x000000000800704e                PendSV_Handler
 .text.SysTick_Handler
                0x000000000800705c        0xc ./Core/Src/stm32f4xx_it.o
                0x000000000800705c                SysTick_Handler
 .text.TIM2_IRQHandler
                0x0000000008007068       0x14 ./Core/Src/stm32f4xx_it.o
                0x0000000008007068                TIM2_IRQHandler
 .text.DMA2_Stream1_IRQHandler
                0x000000000800707c       0x14 ./Core/Src/stm32f4xx_it.o
                0x000000000800707c                DMA2_Stream1_IRQHandler
 .text.DMA2_Stream6_IRQHandler
                0x0000000008007090       0x14 ./Core/Src/stm32f4xx_it.o
                0x0000000008007090                DMA2_Stream6_IRQHandler
 .text.USART6_IRQHandler
                0x00000000080070a4       0x14 ./Core/Src/stm32f4xx_it.o
                0x00000000080070a4                USART6_IRQHandler
 .text._sbrk    0x00000000080070b8       0x6c ./Core/Src/sysmem.o
                0x00000000080070b8                _sbrk
 .text.SystemInit
                0x0000000008007124       0x24 ./Core/Src/system_stm32f4xx.o
                0x0000000008007124                SystemInit
 .text.Reset_Handler
                0x0000000008007148       0x50 ./Core/Startup/startup_stm32f411vetx.o
                0x0000000008007148                Reset_Handler
 .text.Default_Handler
                0x0000000008007198        0x2 ./Core/Startup/startup_stm32f411vetx.o
                0x0000000008007198                RTC_Alarm_IRQHandler
                0x0000000008007198                EXTI2_IRQHandler
                0x0000000008007198                SPI4_IRQHandler
                0x0000000008007198                TIM1_CC_IRQHandler
                0x0000000008007198                DMA2_Stream5_IRQHandler
                0x0000000008007198                DMA1_Stream5_IRQHandler
                0x0000000008007198                PVD_IRQHandler
                0x0000000008007198                SDIO_IRQHandler
                0x0000000008007198                TAMP_STAMP_IRQHandler
                0x0000000008007198                EXTI3_IRQHandler
                0x0000000008007198                TIM1_UP_TIM10_IRQHandler
                0x0000000008007198                I2C3_ER_IRQHandler
                0x0000000008007198                EXTI0_IRQHandler
                0x0000000008007198                I2C2_EV_IRQHandler
                0x0000000008007198                DMA1_Stream2_IRQHandler
                0x0000000008007198                FPU_IRQHandler
                0x0000000008007198                DMA2_Stream2_IRQHandler
                0x0000000008007198                SPI1_IRQHandler
                0x0000000008007198                TIM1_BRK_TIM9_IRQHandler
                0x0000000008007198                DMA2_Stream3_IRQHandler
                0x0000000008007198                DMA2_Stream0_IRQHandler
                0x0000000008007198                TIM4_IRQHandler
                0x0000000008007198                I2C1_EV_IRQHandler
                0x0000000008007198                DMA1_Stream6_IRQHandler
                0x0000000008007198                DMA1_Stream1_IRQHandler
                0x0000000008007198                TIM3_IRQHandler
                0x0000000008007198                RCC_IRQHandler
                0x0000000008007198                Default_Handler
                0x0000000008007198                EXTI15_10_IRQHandler
                0x0000000008007198                ADC_IRQHandler
                0x0000000008007198                DMA1_Stream7_IRQHandler
                0x0000000008007198                SPI5_IRQHandler
                0x0000000008007198                TIM5_IRQHandler
                0x0000000008007198                DMA2_Stream7_IRQHandler
                0x0000000008007198                I2C3_EV_IRQHandler
                0x0000000008007198                EXTI9_5_IRQHandler
                0x0000000008007198                RTC_WKUP_IRQHandler
                0x0000000008007198                SPI2_IRQHandler
                0x0000000008007198                DMA1_Stream0_IRQHandler
                0x0000000008007198                EXTI4_IRQHandler
                0x0000000008007198                WWDG_IRQHandler
                0x0000000008007198                OTG_FS_WKUP_IRQHandler
                0x0000000008007198                TIM1_TRG_COM_TIM11_IRQHandler
                0x0000000008007198                EXTI1_IRQHandler
                0x0000000008007198                USART2_IRQHandler
                0x0000000008007198                I2C2_ER_IRQHandler
                0x0000000008007198                FLASH_IRQHandler
                0x0000000008007198                DMA2_Stream4_IRQHandler
                0x0000000008007198                USART1_IRQHandler
                0x0000000008007198                OTG_FS_IRQHandler
                0x0000000008007198                SPI3_IRQHandler
                0x0000000008007198                DMA1_Stream4_IRQHandler
                0x0000000008007198                I2C1_ER_IRQHandler
                0x0000000008007198                DMA1_Stream3_IRQHandler
 *fill*         0x000000000800719a        0x2 
 .text.HAL_Init
                0x000000000800719c       0x44 ./Drivers/STM32F4xx_HAL_Driver/Src/stm32f4xx_hal.o
                0x000000000800719c                HAL_Init
 .text.HAL_InitTick
                0x00000000080071e0       0x60 ./Drivers/STM32F4xx_HAL_Driver/Src/stm32f4xx_hal.o
                0x00000000080071e0                HAL_InitTick
 .text.HAL_IncTick
                0x0000000008007240       0x28 ./Drivers/STM32F4xx_HAL_Driver/Src/stm32f4xx_hal.o
                0x0000000008007240                HAL_IncTick
 .text.HAL_GetTick
                0x0000000008007268       0x18 ./Drivers/STM32F4xx_HAL_Driver/Src/stm32f4xx_hal.o
                0x0000000008007268                HAL_GetTick
 .text.HAL_Delay
                0x0000000008007280       0x48 ./Drivers/STM32F4xx_HAL_Driver/Src/stm32f4xx_hal.o
                0x0000000008007280                HAL_Delay
 .text.__NVIC_SetPriorityGrouping
                0x00000000080072c8       0x48 ./Drivers/STM32F4xx_HAL_Driver/Src/stm32f4xx_hal_cortex.o
 .text.__NVIC_GetPriorityGrouping
                0x0000000008007310       0x1c ./Drivers/STM32F4xx_HAL_Driver/Src/stm32f4xx_hal_cortex.o
 .text.__NVIC_EnableIRQ
                0x000000000800732c       0x3c ./Drivers/STM32F4xx_HAL_Driver/Src/stm32f4xx_hal_cortex.o
 .text.__NVIC_SetPriority
                0x0000000008007368       0x54 ./Drivers/STM32F4xx_HAL_Driver/Src/stm32f4xx_hal_cortex.o
 .text.NVIC_EncodePriority
                0x00000000080073bc       0x66 ./Drivers/STM32F4xx_HAL_Driver/Src/stm32f4xx_hal_cortex.o
 *fill*         0x0000000008007422        0x2 
 .text.SysTick_Config
                0x0000000008007424       0x44 ./Drivers/STM32F4xx_HAL_Driver/Src/stm32f4xx_hal_cortex.o
 .text.HAL_NVIC_SetPriorityGrouping
                0x0000000008007468       0x16 ./Drivers/STM32F4xx_HAL_Driver/Src/stm32f4xx_hal_cortex.o
                0x0000000008007468                HAL_NVIC_SetPriorityGrouping
 .text.HAL_NVIC_SetPriority
                0x000000000800747e       0x38 ./Drivers/STM32F4xx_HAL_Driver/Src/stm32f4xx_hal_cortex.o
                0x000000000800747e                HAL_NVIC_SetPriority
 .text.HAL_NVIC_EnableIRQ
                0x00000000080074b6       0x1c ./Drivers/STM32F4xx_HAL_Driver/Src/stm32f4xx_hal_cortex.o
                0x00000000080074b6                HAL_NVIC_EnableIRQ
 .text.HAL_SYSTICK_Config
                0x00000000080074d2       0x18 ./Drivers/STM32F4xx_HAL_Driver/Src/stm32f4xx_hal_cortex.o
                0x00000000080074d2                HAL_SYSTICK_Config
 *fill*         0x00000000080074ea        0x2 
 .text.HAL_DMA_Init
                0x00000000080074ec      0x15c ./Drivers/STM32F4xx_HAL_Driver/Src/stm32f4xx_hal_dma.o
                0x00000000080074ec                HAL_DMA_Init
 .text.HAL_DMA_Start_IT
                0x0000000008007648       0xb0 ./Drivers/STM32F4xx_HAL_Driver/Src/stm32f4xx_hal_dma.o
                0x0000000008007648                HAL_DMA_Start_IT
 .text.HAL_DMA_Abort
                0x00000000080076f8       0xe0 ./Drivers/STM32F4xx_HAL_Driver/Src/stm32f4xx_hal_dma.o
                0x00000000080076f8                HAL_DMA_Abort
 .text.HAL_DMA_Abort_IT
                0x00000000080077d8       0x44 ./Drivers/STM32F4xx_HAL_Driver/Src/stm32f4xx_hal_dma.o
                0x00000000080077d8                HAL_DMA_Abort_IT
 .text.HAL_DMA_IRQHandler
                0x000000000800781c      0x314 ./Drivers/STM32F4xx_HAL_Driver/Src/stm32f4xx_hal_dma.o
                0x000000000800781c                HAL_DMA_IRQHandler
 .text.DMA_SetConfig
                0x0000000008007b30       0x5c ./Drivers/STM32F4xx_HAL_Driver/Src/stm32f4xx_hal_dma.o
 .text.DMA_CalcBaseAndBitshift
                0x0000000008007b8c       0x6c ./Drivers/STM32F4xx_HAL_Driver/Src/stm32f4xx_hal_dma.o
 .text.DMA_CheckFifoParam
                0x0000000008007bf8       0xf8 ./Drivers/STM32F4xx_HAL_Driver/Src/stm32f4xx_hal_dma.o
 .text.HAL_GPIO_Init
                0x0000000008007cf0      0x308 ./Drivers/STM32F4xx_HAL_Driver/Src/stm32f4xx_hal_gpio.o
                0x0000000008007cf0                HAL_GPIO_Init
 .text.HAL_GPIO_WritePin
                0x0000000008007ff8       0x32 ./Drivers/STM32F4xx_HAL_Driver/Src/stm32f4xx_hal_gpio.o
                0x0000000008007ff8                HAL_GPIO_WritePin
 .text.HAL_GPIO_TogglePin
                0x000000000800802a       0x34 ./Drivers/STM32F4xx_HAL_Driver/Src/stm32f4xx_hal_gpio.o
                0x000000000800802a                HAL_GPIO_TogglePin
 *fill*         0x000000000800805e        0x2 
 .text.HAL_I2C_Init
                0x0000000008008060      0x288 ./Drivers/STM32F4xx_HAL_Driver/Src/stm32f4xx_hal_i2c.o
                0x0000000008008060                HAL_I2C_Init
 .text.HAL_I2C_Mem_Read
                0x00000000080082e8      0x464 ./Drivers/STM32F4xx_HAL_Driver/Src/stm32f4xx_hal_i2c.o
                0x00000000080082e8                HAL_I2C_Mem_Read
 .text.I2C_RequestMemoryRead
                0x000000000800874c      0x1d0 ./Drivers/STM32F4xx_HAL_Driver/Src/stm32f4xx_hal_i2c.o
 .text.I2C_WaitOnFlagUntilTimeout
                0x000000000800891c       0xf4 ./Drivers/STM32F4xx_HAL_Driver/Src/stm32f4xx_hal_i2c.o
 .text.I2C_WaitOnMasterAddressFlagUntilTimeout
                0x0000000008008a10      0x140 ./Drivers/STM32F4xx_HAL_Driver/Src/stm32f4xx_hal_i2c.o
 .text.I2C_WaitOnTXEFlagUntilTimeout
                0x0000000008008b50       0x90 ./Drivers/STM32F4xx_HAL_Driver/Src/stm32f4xx_hal_i2c.o
 .text.I2C_WaitOnRXNEFlagUntilTimeout
                0x0000000008008be0       0xba ./Drivers/STM32F4xx_HAL_Driver/Src/stm32f4xx_hal_i2c.o
 .text.I2C_IsAcknowledgeFailed
                0x0000000008008c9a       0x5e ./Drivers/STM32F4xx_HAL_Driver/Src/stm32f4xx_hal_i2c.o
 .text.HAL_RCC_OscConfig
                0x0000000008008cf8      0x4f0 ./Drivers/STM32F4xx_HAL_Driver/Src/stm32f4xx_hal_rcc.o
                0x0000000008008cf8                HAL_RCC_OscConfig
 .text.HAL_RCC_ClockConfig
                0x00000000080091e8      0x1cc ./Drivers/STM32F4xx_HAL_Driver/Src/stm32f4xx_hal_rcc.o
                0x00000000080091e8                HAL_RCC_ClockConfig
 .text.HAL_RCC_GetSysClockFreq
                0x00000000080093b4      0x20c ./Drivers/STM32F4xx_HAL_Driver/Src/stm32f4xx_hal_rcc.o
                0x00000000080093b4                HAL_RCC_GetSysClockFreq
 .text.HAL_RCC_GetHCLKFreq
                0x00000000080095c0       0x18 ./Drivers/STM32F4xx_HAL_Driver/Src/stm32f4xx_hal_rcc.o
                0x00000000080095c0                HAL_RCC_GetHCLKFreq
 .text.HAL_RCC_GetPCLK1Freq
                0x00000000080095d8       0x28 ./Drivers/STM32F4xx_HAL_Driver/Src/stm32f4xx_hal_rcc.o
                0x00000000080095d8                HAL_RCC_GetPCLK1Freq
 .text.HAL_RCC_GetPCLK2Freq
                0x0000000008009600       0x28 ./Drivers/STM32F4xx_HAL_Driver/Src/stm32f4xx_hal_rcc.o
                0x0000000008009600                HAL_RCC_GetPCLK2Freq
 .text.HAL_TIM_Base_Init
                0x0000000008009628       0x9e ./Drivers/STM32F4xx_HAL_Driver/Src/stm32f4xx_hal_tim.o
                0x0000000008009628                HAL_TIM_Base_Init
 *fill*         0x00000000080096c6        0x2 
 .text.HAL_TIM_Base_Start_IT
                0x00000000080096c8       0xc4 ./Drivers/STM32F4xx_HAL_Driver/Src/stm32f4xx_hal_tim.o
                0x00000000080096c8                HAL_TIM_Base_Start_IT
 .text.HAL_TIM_PWM_Init
                0x000000000800978c       0x9e ./Drivers/STM32F4xx_HAL_Driver/Src/stm32f4xx_hal_tim.o
                0x000000000800978c                HAL_TIM_PWM_Init
 *fill*         0x000000000800982a        0x2 
 .text.HAL_TIM_PWM_Start
                0x000000000800982c      0x160 ./Drivers/STM32F4xx_HAL_Driver/Src/stm32f4xx_hal_tim.o
                0x000000000800982c                HAL_TIM_PWM_Start
 .text.HAL_TIM_Encoder_Init
                0x000000000800998c      0x14c ./Drivers/STM32F4xx_HAL_Driver/Src/stm32f4xx_hal_tim.o
                0x000000000800998c                HAL_TIM_Encoder_Init
 .text.HAL_TIM_Encoder_Start
                0x0000000008009ad8      0x11c ./Drivers/STM32F4xx_HAL_Driver/Src/stm32f4xx_hal_tim.o
                0x0000000008009ad8                HAL_TIM_Encoder_Start
 .text.HAL_TIM_IRQHandler
                0x0000000008009bf4      0x1e0 ./Drivers/STM32F4xx_HAL_Driver/Src/stm32f4xx_hal_tim.o
                0x0000000008009bf4                HAL_TIM_IRQHandler
 .text.HAL_TIM_PWM_ConfigChannel
                0x0000000008009dd4      0x184 ./Drivers/STM32F4xx_HAL_Driver/Src/stm32f4xx_hal_tim.o
                0x0000000008009dd4                HAL_TIM_PWM_ConfigChannel
 .text.HAL_TIM_ConfigClockSource
                0x0000000008009f58      0x18e ./Drivers/STM32F4xx_HAL_Driver/Src/stm32f4xx_hal_tim.o
                0x0000000008009f58                HAL_TIM_ConfigClockSource
 .text.HAL_TIM_OC_DelayElapsedCallback
                0x000000000800a0e6       0x14 ./Drivers/STM32F4xx_HAL_Driver/Src/stm32f4xx_hal_tim.o
                0x000000000800a0e6                HAL_TIM_OC_DelayElapsedCallback
 .text.HAL_TIM_IC_CaptureCallback
                0x000000000800a0fa       0x14 ./Drivers/STM32F4xx_HAL_Driver/Src/stm32f4xx_hal_tim.o
                0x000000000800a0fa                HAL_TIM_IC_CaptureCallback
 .text.HAL_TIM_PWM_PulseFinishedCallback
                0x000000000800a10e       0x14 ./Drivers/STM32F4xx_HAL_Driver/Src/stm32f4xx_hal_tim.o
                0x000000000800a10e                HAL_TIM_PWM_PulseFinishedCallback
 .text.HAL_TIM_TriggerCallback
                0x000000000800a122       0x14 ./Drivers/STM32F4xx_HAL_Driver/Src/stm32f4xx_hal_tim.o
                0x000000000800a122                HAL_TIM_TriggerCallback
 *fill*         0x000000000800a136        0x2 
 .text.TIM_Base_SetConfig
                0x000000000800a138      0x118 ./Drivers/STM32F4xx_HAL_Driver/Src/stm32f4xx_hal_tim.o
                0x000000000800a138                TIM_Base_SetConfig
 .text.TIM_OC1_SetConfig
                0x000000000800a250       0xcc ./Drivers/STM32F4xx_HAL_Driver/Src/stm32f4xx_hal_tim.o
 .text.TIM_OC2_SetConfig
                0x000000000800a31c       0xd8 ./Drivers/STM32F4xx_HAL_Driver/Src/stm32f4xx_hal_tim.o
                0x000000000800a31c                TIM_OC2_SetConfig
 .text.TIM_OC3_SetConfig
                0x000000000800a3f4       0xd4 ./Drivers/STM32F4xx_HAL_Driver/Src/stm32f4xx_hal_tim.o
 .text.TIM_OC4_SetConfig
                0x000000000800a4c8       0xa0 ./Drivers/STM32F4xx_HAL_Driver/Src/stm32f4xx_hal_tim.o
 .text.TIM_TI1_ConfigInputStage
                0x000000000800a568       0x5e ./Drivers/STM32F4xx_HAL_Driver/Src/stm32f4xx_hal_tim.o
 .text.TIM_TI2_ConfigInputStage
                0x000000000800a5c6       0x60 ./Drivers/STM32F4xx_HAL_Driver/Src/stm32f4xx_hal_tim.o
 .text.TIM_ITRx_SetConfig
                0x000000000800a626       0x36 ./Drivers/STM32F4xx_HAL_Driver/Src/stm32f4xx_hal_tim.o
 .text.TIM_ETR_SetConfig
                0x000000000800a65c       0x40 ./Drivers/STM32F4xx_HAL_Driver/Src/stm32f4xx_hal_tim.o
                0x000000000800a65c                TIM_ETR_SetConfig
 .text.TIM_CCxChannelCmd
                0x000000000800a69c       0x4a ./Drivers/STM32F4xx_HAL_Driver/Src/stm32f4xx_hal_tim.o
                0x000000000800a69c                TIM_CCxChannelCmd
 *fill*         0x000000000800a6e6        0x2 
 .text.HAL_TIMEx_MasterConfigSynchronization
                0x000000000800a6e8       0xdc ./Drivers/STM32F4xx_HAL_Driver/Src/stm32f4xx_hal_tim_ex.o
                0x000000000800a6e8                HAL_TIMEx_MasterConfigSynchronization
 .text.HAL_TIMEx_CommutCallback
                0x000000000800a7c4       0x14 ./Drivers/STM32F4xx_HAL_Driver/Src/stm32f4xx_hal_tim_ex.o
                0x000000000800a7c4                HAL_TIMEx_CommutCallback
 .text.HAL_TIMEx_BreakCallback
                0x000000000800a7d8       0x14 ./Drivers/STM32F4xx_HAL_Driver/Src/stm32f4xx_hal_tim_ex.o
                0x000000000800a7d8                HAL_TIMEx_BreakCallback
 .text.HAL_UART_Init
                0x000000000800a7ec       0xa0 ./Drivers/STM32F4xx_HAL_Driver/Src/stm32f4xx_hal_uart.o
                0x000000000800a7ec                HAL_UART_Init
 .text.HAL_UART_Transmit_DMA
                0x000000000800a88c       0xe0 ./Drivers/STM32F4xx_HAL_Driver/Src/stm32f4xx_hal_uart.o
                0x000000000800a88c                HAL_UART_Transmit_DMA
 .text.HAL_UART_Receive_DMA
                0x000000000800a96c       0x4a ./Drivers/STM32F4xx_HAL_Driver/Src/stm32f4xx_hal_uart.o
                0x000000000800a96c                HAL_UART_Receive_DMA
 *fill*         0x000000000800a9b6        0x2 
 .text.HAL_UART_IRQHandler
                0x000000000800a9b8      0x524 ./Drivers/STM32F4xx_HAL_Driver/Src/stm32f4xx_hal_uart.o
                0x000000000800a9b8                HAL_UART_IRQHandler
 .text.HAL_UART_TxHalfCpltCallback
                0x000000000800aedc       0x14 ./Drivers/STM32F4xx_HAL_Driver/Src/stm32f4xx_hal_uart.o
                0x000000000800aedc                HAL_UART_TxHalfCpltCallback
 .text.HAL_UART_RxHalfCpltCallback
                0x000000000800aef0       0x14 ./Drivers/STM32F4xx_HAL_Driver/Src/stm32f4xx_hal_uart.o
                0x000000000800aef0                HAL_UART_RxHalfCpltCallback
 .text.HAL_UART_ErrorCallback
                0x000000000800af04       0x14 ./Drivers/STM32F4xx_HAL_Driver/Src/stm32f4xx_hal_uart.o
                0x000000000800af04                HAL_UART_ErrorCallback
 .text.HAL_UARTEx_RxEventCallback
                0x000000000800af18       0x18 ./Drivers/STM32F4xx_HAL_Driver/Src/stm32f4xx_hal_uart.o
                0x000000000800af18                HAL_UARTEx_RxEventCallback
 .text.UART_DMATransmitCplt
                0x000000000800af30       0x9a ./Drivers/STM32F4xx_HAL_Driver/Src/stm32f4xx_hal_uart.o
 .text.UART_DMATxHalfCplt
                0x000000000800afca       0x1c ./Drivers/STM32F4xx_HAL_Driver/Src/stm32f4xx_hal_uart.o
 .text.UART_DMAReceiveCplt
                0x000000000800afe6      0x12c ./Drivers/STM32F4xx_HAL_Driver/Src/stm32f4xx_hal_uart.o
 .text.UART_DMARxHalfCplt
                0x000000000800b112       0x3c ./Drivers/STM32F4xx_HAL_Driver/Src/stm32f4xx_hal_uart.o
 .text.UART_DMAError
                0x000000000800b14e       0x94 ./Drivers/STM32F4xx_HAL_Driver/Src/stm32f4xx_hal_uart.o
 *fill*         0x000000000800b1e2        0x2 
 .text.UART_Start_Receive_DMA
                0x000000000800b1e4      0x134 ./Drivers/STM32F4xx_HAL_Driver/Src/stm32f4xx_hal_uart.o
                0x000000000800b1e4                UART_Start_Receive_DMA
 .text.UART_EndTxTransfer
                0x000000000800b318       0x50 ./Drivers/STM32F4xx_HAL_Driver/Src/stm32f4xx_hal_uart.o
 .text.UART_EndRxTransfer
                0x000000000800b368       0xc6 ./Drivers/STM32F4xx_HAL_Driver/Src/stm32f4xx_hal_uart.o
 .text.UART_DMAAbortOnError
                0x000000000800b42e       0x28 ./Drivers/STM32F4xx_HAL_Driver/Src/stm32f4xx_hal_uart.o
 .text.UART_Transmit_IT
                0x000000000800b456       0xa0 ./Drivers/STM32F4xx_HAL_Driver/Src/stm32f4xx_hal_uart.o
 .text.UART_EndTransmit_IT
                0x000000000800b4f6       0x30 ./Drivers/STM32F4xx_HAL_Driver/Src/stm32f4xx_hal_uart.o
 .text.UART_Receive_IT
                0x000000000800b526      0x17c ./Drivers/STM32F4xx_HAL_Driver/Src/stm32f4xx_hal_uart.o
 *fill*         0x000000000800b6a2        0x2 
 .text.UART_SetConfig
                0x000000000800b6a4      0x4e8 ./Drivers/STM32F4xx_HAL_Driver/Src/stm32f4xx_hal_uart.o
 .text.pow      0x000000000800bb8c       0xe0 C:/ST/STM32CubeIDE_1.14.1/STM32CubeIDE/plugins/com.st.stm32cube.ide.mcu.externaltools.gnu-tools-for-stm32.11.3.rel1.win32_1.1.100.202309141235/tools/bin/../lib/gcc/arm-none-eabi/11.3.1/../../../../arm-none-eabi/lib/thumb/v7e-m+fp/hard\libm.a(libm_a-w_pow.o)
                0x000000000800bb8c                pow
 .text.sqrt     0x000000000800bc6c       0x58 C:/ST/STM32CubeIDE_1.14.1/STM32CubeIDE/plugins/com.st.stm32cube.ide.mcu.externaltools.gnu-tools-for-stm32.11.3.rel1.win32_1.1.100.202309141235/tools/bin/../lib/gcc/arm-none-eabi/11.3.1/../../../../arm-none-eabi/lib/thumb/v7e-m+fp/hard\libm.a(libm_a-w_sqrt.o)
                0x000000000800bc6c                sqrt
 *fill*         0x000000000800bcc4        0x4 
 .text.atan     0x000000000800bcc8      0x340 C:/ST/STM32CubeIDE_1.14.1/STM32CubeIDE/plugins/com.st.stm32cube.ide.mcu.externaltools.gnu-tools-for-stm32.11.3.rel1.win32_1.1.100.202309141235/tools/bin/../lib/gcc/arm-none-eabi/11.3.1/../../../../arm-none-eabi/lib/thumb/v7e-m+fp/hard\libm.a(libm_a-s_atan.o)
                0x000000000800bcc8                atan
 .text.fabs     0x000000000800c008       0x12 C:/ST/STM32CubeIDE_1.14.1/STM32CubeIDE/plugins/com.st.stm32cube.ide.mcu.externaltools.gnu-tools-for-stm32.11.3.rel1.win32_1.1.100.202309141235/tools/bin/../lib/gcc/arm-none-eabi/11.3.1/../../../../arm-none-eabi/lib/thumb/v7e-m+fp/hard\libm.a(libm_a-s_fabs.o)
                0x000000000800c008                fabs
 .text.finite   0x000000000800c01a       0x16 C:/ST/STM32CubeIDE_1.14.1/STM32CubeIDE/plugins/com.st.stm32cube.ide.mcu.externaltools.gnu-tools-for-stm32.11.3.rel1.win32_1.1.100.202309141235/tools/bin/../lib/gcc/arm-none-eabi/11.3.1/../../../../arm-none-eabi/lib/thumb/v7e-m+fp/hard\libm.a(libm_a-s_finite.o)
                0x000000000800c01a                finite
 .text.__ieee754_sqrt
                0x000000000800c030      0x1b4 C:/ST/STM32CubeIDE_1.14.1/STM32CubeIDE/plugins/com.st.stm32cube.ide.mcu.externaltools.gnu-tools-for-stm32.11.3.rel1.win32_1.1.100.202309141235/tools/bin/../lib/gcc/arm-none-eabi/11.3.1/../../../../arm-none-eabi/lib/thumb/v7e-m+fp/hard\libm.a(libm_a-e_sqrt.o)
                0x000000000800c030                __ieee754_sqrt
 *fill*         0x000000000800c1e4        0x4 
 .text.__ieee754_pow
                0x000000000800c1e8      0xa54 C:/ST/STM32CubeIDE_1.14.1/STM32CubeIDE/plugins/com.st.stm32cube.ide.mcu.externaltools.gnu-tools-for-stm32.11.3.rel1.win32_1.1.100.202309141235/tools/bin/../lib/gcc/arm-none-eabi/11.3.1/../../../../arm-none-eabi/lib/thumb/v7e-m+fp/hard\libm.a(libm_a-e_pow.o)
                0x000000000800c1e8                __ieee754_pow
 *fill*         0x000000000800cc3c        0x4 
 .text.scalbn   0x000000000800cc40       0xfc C:/ST/STM32CubeIDE_1.14.1/STM32CubeIDE/plugins/com.st.stm32cube.ide.mcu.externaltools.gnu-tools-for-stm32.11.3.rel1.win32_1.1.100.202309141235/tools/bin/../lib/gcc/arm-none-eabi/11.3.1/../../../../arm-none-eabi/lib/thumb/v7e-m+fp/hard\libm.a(libm_a-s_scalbn.o)
                0x000000000800cc40                scalbn
 .text.with_errno
                0x000000000800cd3c       0x14 C:/ST/STM32CubeIDE_1.14.1/STM32CubeIDE/plugins/com.st.stm32cube.ide.mcu.externaltools.gnu-tools-for-stm32.11.3.rel1.win32_1.1.100.202309141235/tools/bin/../lib/gcc/arm-none-eabi/11.3.1/../../../../arm-none-eabi/lib/thumb/v7e-m+fp/hard\libm.a(libm_a-math_err.o)
 .text.xflow    0x000000000800cd50       0x28 C:/ST/STM32CubeIDE_1.14.1/STM32CubeIDE/plugins/com.st.stm32cube.ide.mcu.externaltools.gnu-tools-for-stm32.11.3.rel1.win32_1.1.100.202309141235/tools/bin/../lib/gcc/arm-none-eabi/11.3.1/../../../../arm-none-eabi/lib/thumb/v7e-m+fp/hard\libm.a(libm_a-math_err.o)
 .text.__math_uflow
                0x000000000800cd78       0x12 C:/ST/STM32CubeIDE_1.14.1/STM32CubeIDE/plugins/com.st.stm32cube.ide.mcu.externaltools.gnu-tools-for-stm32.11.3.rel1.win32_1.1.100.202309141235/tools/bin/../lib/gcc/arm-none-eabi/11.3.1/../../../../arm-none-eabi/lib/thumb/v7e-m+fp/hard\libm.a(libm_a-math_err.o)
                0x000000000800cd78                __math_uflow
 .text.__math_oflow
                0x000000000800cd8a       0x12 C:/ST/STM32CubeIDE_1.14.1/STM32CubeIDE/plugins/com.st.stm32cube.ide.mcu.externaltools.gnu-tools-for-stm32.11.3.rel1.win32_1.1.100.202309141235/tools/bin/../lib/gcc/arm-none-eabi/11.3.1/../../../../arm-none-eabi/lib/thumb/v7e-m+fp/hard\libm.a(libm_a-math_err.o)
                0x000000000800cd8a                __math_oflow
 .text.realloc  0x000000000800cd9c       0x10 C:/ST/STM32CubeIDE_1.14.1/STM32CubeIDE/plugins/com.st.stm32cube.ide.mcu.externaltools.gnu-tools-for-stm32.11.3.rel1.win32_1.1.100.202309141235/tools/bin/../lib/gcc/arm-none-eabi/11.3.1/../../../../arm-none-eabi/lib/thumb/v7e-m+fp/hard\libc_nano.a(libc_a-realloc.o)
                0x000000000800cd9c                realloc
 .text._realloc_r
                0x000000000800cdac       0x5e C:/ST/STM32CubeIDE_1.14.1/STM32CubeIDE/plugins/com.st.stm32cube.ide.mcu.externaltools.gnu-tools-for-stm32.11.3.rel1.win32_1.1.100.202309141235/tools/bin/../lib/gcc/arm-none-eabi/11.3.1/../../../../arm-none-eabi/lib/thumb/v7e-m+fp/hard\libc_nano.a(libc_a-reallocr.o)
                0x000000000800cdac                _realloc_r
 .text.memset   0x000000000800ce0a       0x10 C:/ST/STM32CubeIDE_1.14.1/STM32CubeIDE/plugins/com.st.stm32cube.ide.mcu.externaltools.gnu-tools-for-stm32.11.3.rel1.win32_1.1.100.202309141235/tools/bin/../lib/gcc/arm-none-eabi/11.3.1/../../../../arm-none-eabi/lib/thumb/v7e-m+fp/hard\libc_nano.a(libc_a-memset.o)
                0x000000000800ce0a                memset
 *fill*         0x000000000800ce1a        0x2 
 .text.__errno  0x000000000800ce1c        0xc C:/ST/STM32CubeIDE_1.14.1/STM32CubeIDE/plugins/com.st.stm32cube.ide.mcu.externaltools.gnu-tools-for-stm32.11.3.rel1.win32_1.1.100.202309141235/tools/bin/../lib/gcc/arm-none-eabi/11.3.1/../../../../arm-none-eabi/lib/thumb/v7e-m+fp/hard\libc_nano.a(libc_a-errno.o)
                0x000000000800ce1c                __errno
 .text.__libc_init_array
                0x000000000800ce28       0x48 C:/ST/STM32CubeIDE_1.14.1/STM32CubeIDE/plugins/com.st.stm32cube.ide.mcu.externaltools.gnu-tools-for-stm32.11.3.rel1.win32_1.1.100.202309141235/tools/bin/../lib/gcc/arm-none-eabi/11.3.1/../../../../arm-none-eabi/lib/thumb/v7e-m+fp/hard\libc_nano.a(libc_a-init.o)
                0x000000000800ce28                __libc_init_array
 .text.__retarget_lock_acquire_recursive
                0x000000000800ce70        0x2 C:/ST/STM32CubeIDE_1.14.1/STM32CubeIDE/plugins/com.st.stm32cube.ide.mcu.externaltools.gnu-tools-for-stm32.11.3.rel1.win32_1.1.100.202309141235/tools/bin/../lib/gcc/arm-none-eabi/11.3.1/../../../../arm-none-eabi/lib/thumb/v7e-m+fp/hard\libc_nano.a(libc_a-lock.o)
                0x000000000800ce70                __retarget_lock_acquire_recursive
 .text.__retarget_lock_release_recursive
                0x000000000800ce72        0x2 C:/ST/STM32CubeIDE_1.14.1/STM32CubeIDE/plugins/com.st.stm32cube.ide.mcu.externaltools.gnu-tools-for-stm32.11.3.rel1.win32_1.1.100.202309141235/tools/bin/../lib/gcc/arm-none-eabi/11.3.1/../../../../arm-none-eabi/lib/thumb/v7e-m+fp/hard\libc_nano.a(libc_a-lock.o)
                0x000000000800ce72                __retarget_lock_release_recursive
 .text.memcpy   0x000000000800ce74       0x1c C:/ST/STM32CubeIDE_1.14.1/STM32CubeIDE/plugins/com.st.stm32cube.ide.mcu.externaltools.gnu-tools-for-stm32.11.3.rel1.win32_1.1.100.202309141235/tools/bin/../lib/gcc/arm-none-eabi/11.3.1/../../../../arm-none-eabi/lib/thumb/v7e-m+fp/hard\libc_nano.a(libc_a-memcpy-stub.o)
                0x000000000800ce74                memcpy
 .text._free_r  0x000000000800ce90       0x98 C:/ST/STM32CubeIDE_1.14.1/STM32CubeIDE/plugins/com.st.stm32cube.ide.mcu.externaltools.gnu-tools-for-stm32.11.3.rel1.win32_1.1.100.202309141235/tools/bin/../lib/gcc/arm-none-eabi/11.3.1/../../../../arm-none-eabi/lib/thumb/v7e-m+fp/hard\libc_nano.a(libc_a-freer.o)
                0x000000000800ce90                _free_r
 .text.sbrk_aligned
                0x000000000800cf28       0x40 C:/ST/STM32CubeIDE_1.14.1/STM32CubeIDE/plugins/com.st.stm32cube.ide.mcu.externaltools.gnu-tools-for-stm32.11.3.rel1.win32_1.1.100.202309141235/tools/bin/../lib/gcc/arm-none-eabi/11.3.1/../../../../arm-none-eabi/lib/thumb/v7e-m+fp/hard\libc_nano.a(libc_a-mallocr.o)
 .text._malloc_r
                0x000000000800cf68      0x100 C:/ST/STM32CubeIDE_1.14.1/STM32CubeIDE/plugins/com.st.stm32cube.ide.mcu.externaltools.gnu-tools-for-stm32.11.3.rel1.win32_1.1.100.202309141235/tools/bin/../lib/gcc/arm-none-eabi/11.3.1/../../../../arm-none-eabi/lib/thumb/v7e-m+fp/hard\libc_nano.a(libc_a-mallocr.o)
                0x000000000800cf68                _malloc_r
 .text.__malloc_lock
                0x000000000800d068        0xc C:/ST/STM32CubeIDE_1.14.1/STM32CubeIDE/plugins/com.st.stm32cube.ide.mcu.externaltools.gnu-tools-for-stm32.11.3.rel1.win32_1.1.100.202309141235/tools/bin/../lib/gcc/arm-none-eabi/11.3.1/../../../../arm-none-eabi/lib/thumb/v7e-m+fp/hard\libc_nano.a(libc_a-mlock.o)
                0x000000000800d068                __malloc_lock
 .text.__malloc_unlock
                0x000000000800d074        0xc C:/ST/STM32CubeIDE_1.14.1/STM32CubeIDE/plugins/com.st.stm32cube.ide.mcu.externaltools.gnu-tools-for-stm32.11.3.rel1.win32_1.1.100.202309141235/tools/bin/../lib/gcc/arm-none-eabi/11.3.1/../../../../arm-none-eabi/lib/thumb/v7e-m+fp/hard\libc_nano.a(libc_a-mlock.o)
                0x000000000800d074                __malloc_unlock
 .text._malloc_usable_size_r
                0x000000000800d080       0x10 C:/ST/STM32CubeIDE_1.14.1/STM32CubeIDE/plugins/com.st.stm32cube.ide.mcu.externaltools.gnu-tools-for-stm32.11.3.rel1.win32_1.1.100.202309141235/tools/bin/../lib/gcc/arm-none-eabi/11.3.1/../../../../arm-none-eabi/lib/thumb/v7e-m+fp/hard\libc_nano.a(libc_a-msizer.o)
                0x000000000800d080                _malloc_usable_size_r
 .text._sbrk_r  0x000000000800d090       0x20 C:/ST/STM32CubeIDE_1.14.1/STM32CubeIDE/plugins/com.st.stm32cube.ide.mcu.externaltools.gnu-tools-for-stm32.11.3.rel1.win32_1.1.100.202309141235/tools/bin/../lib/gcc/arm-none-eabi/11.3.1/../../../../arm-none-eabi/lib/thumb/v7e-m+fp/hard\libc_nano.a(libc_a-sbrkr.o)
                0x000000000800d090                _sbrk_r
 *(.glue_7)
 .glue_7        0x000000000800d0b0        0x0 linker stubs
 *(.glue_7t)
 .glue_7t       0x000000000800d0b0        0x0 linker stubs
 *(.eh_frame)
 .eh_frame      0x000000000800d0b0        0x0 C:/ST/STM32CubeIDE_1.14.1/STM32CubeIDE/plugins/com.st.stm32cube.ide.mcu.externaltools.gnu-tools-for-stm32.11.3.rel1.win32_1.1.100.202309141235/tools/bin/../lib/gcc/arm-none-eabi/11.3.1/thumb/v7e-m+fp/hard/crtbegin.o
 *(.init)
 .init          0x000000000800d0b0        0x4 C:/ST/STM32CubeIDE_1.14.1/STM32CubeIDE/plugins/com.st.stm32cube.ide.mcu.externaltools.gnu-tools-for-stm32.11.3.rel1.win32_1.1.100.202309141235/tools/bin/../lib/gcc/arm-none-eabi/11.3.1/thumb/v7e-m+fp/hard/crti.o
                0x000000000800d0b0                _init
 .init          0x000000000800d0b4        0x8 C:/ST/STM32CubeIDE_1.14.1/STM32CubeIDE/plugins/com.st.stm32cube.ide.mcu.externaltools.gnu-tools-for-stm32.11.3.rel1.win32_1.1.100.202309141235/tools/bin/../lib/gcc/arm-none-eabi/11.3.1/thumb/v7e-m+fp/hard/crtn.o
 *(.fini)
 .fini          0x000000000800d0bc        0x4 C:/ST/STM32CubeIDE_1.14.1/STM32CubeIDE/plugins/com.st.stm32cube.ide.mcu.externaltools.gnu-tools-for-stm32.11.3.rel1.win32_1.1.100.202309141235/tools/bin/../lib/gcc/arm-none-eabi/11.3.1/thumb/v7e-m+fp/hard/crti.o
                0x000000000800d0bc                _fini
 .fini          0x000000000800d0c0        0x8 C:/ST/STM32CubeIDE_1.14.1/STM32CubeIDE/plugins/com.st.stm32cube.ide.mcu.externaltools.gnu-tools-for-stm32.11.3.rel1.win32_1.1.100.202309141235/tools/bin/../lib/gcc/arm-none-eabi/11.3.1/thumb/v7e-m+fp/hard/crtn.o
                0x000000000800d0c8                . = ALIGN (0x4)
                0x000000000800d0c8                _etext = .

.vfp11_veneer   0x000000000800d0c8        0x0
 .vfp11_veneer  0x000000000800d0c8        0x0 linker stubs

.v4_bx          0x000000000800d0c8        0x0
 .v4_bx         0x000000000800d0c8        0x0 linker stubs

.iplt           0x000000000800d0c8        0x0
 .iplt          0x000000000800d0c8        0x0 C:/ST/STM32CubeIDE_1.14.1/STM32CubeIDE/plugins/com.st.stm32cube.ide.mcu.externaltools.gnu-tools-for-stm32.11.3.rel1.win32_1.1.100.202309141235/tools/bin/../lib/gcc/arm-none-eabi/11.3.1/thumb/v7e-m+fp/hard/crtbegin.o

.rodata         0x000000000800d0c8      0x438
                0x000000000800d0c8                . = ALIGN (0x4)
 *(.rodata)
 .rodata        0x000000000800d0c8      0x240 ./Core/Src/mainpp.o
 *(.rodata*)
 .rodata._ZN14rosserial_msgsL12REQUESTPARAME
                0x000000000800d308       0x1c ./Core/Src/mainpp.o
 .rodata._ZTVN3ros10SubscriberIN13geometry_msgs5TwistEvEE
                0x000000000800d324       0x18 ./Core/Src/mainpp.o
                0x000000000800d324                vtable for ros::Subscriber<geometry_msgs::Twist, void>
 .rodata._ZTVN3ros11NodeHandle_I13STM32HardwareLi25ELi25ELi512ELi512EEE
                0x000000000800d33c       0x14 ./Core/Src/mainpp.o
                0x000000000800d33c                vtable for ros::NodeHandle_<STM32Hardware, 25, 25, 512, 512>
 .rodata._ZTVN11sensor_msgs3ImuE
                0x000000000800d350       0x18 ./Core/Src/mainpp.o
                0x000000000800d350                vtable for sensor_msgs::Imu
 .rodata._ZTVN13geometry_msgs10QuaternionE
                0x000000000800d368       0x18 ./Core/Src/mainpp.o
                0x000000000800d368                vtable for geometry_msgs::Quaternion
 .rodata._ZTVN8std_msgs6HeaderE
                0x000000000800d380       0x18 ./Core/Src/mainpp.o
                0x000000000800d380                vtable for std_msgs::Header
 .rodata._ZTVN13geometry_msgs5TwistE
                0x000000000800d398       0x18 ./Core/Src/mainpp.o
                0x000000000800d398                vtable for geometry_msgs::Twist
 .rodata._ZTVN13geometry_msgs7Vector3E
                0x000000000800d3b0       0x18 ./Core/Src/mainpp.o
                0x000000000800d3b0                vtable for geometry_msgs::Vector3
 .rodata._ZTVN3ros11Subscriber_E
                0x000000000800d3c8       0x18 ./Core/Src/mainpp.o
                0x000000000800d3c8                vtable for ros::Subscriber_
 .rodata._ZTVN3ros15NodeHandleBase_E
                0x000000000800d3e0       0x14 ./Core/Src/mainpp.o
                0x000000000800d3e0                vtable for ros::NodeHandleBase_
 .rodata._ZTVN14rosserial_msgs20RequestParamResponseE
                0x000000000800d3f4       0x18 ./Core/Src/mainpp.o
                0x000000000800d3f4                vtable for rosserial_msgs::RequestParamResponse
 .rodata._ZTVN14rosserial_msgs3LogE
                0x000000000800d40c       0x18 ./Core/Src/mainpp.o
                0x000000000800d40c                vtable for rosserial_msgs::Log
 .rodata._ZTVN14rosserial_msgs9TopicInfoE
                0x000000000800d424       0x18 ./Core/Src/mainpp.o
                0x000000000800d424                vtable for rosserial_msgs::TopicInfo
 .rodata._ZTVN8std_msgs4TimeE
                0x000000000800d43c       0x18 ./Core/Src/mainpp.o
                0x000000000800d43c                vtable for std_msgs::Time
 .rodata._ZTVN3ros3MsgE
                0x000000000800d454       0x18 ./Core/Src/mainpp.o
                0x000000000800d454                vtable for ros::Msg
 .rodata.AHBPrescTable
                0x000000000800d46c       0x10 ./Core/Src/system_stm32f4xx.o
                0x000000000800d46c                AHBPrescTable
 .rodata.APBPrescTable
                0x000000000800d47c        0x8 ./Core/Src/system_stm32f4xx.o
                0x000000000800d47c                APBPrescTable
 .rodata.flagBitshiftOffset.0
                0x000000000800d484        0x8 ./Drivers/STM32F4xx_HAL_Driver/Src/stm32f4xx_hal_dma.o
 *fill*         0x000000000800d48c        0x4 
 .rodata.atanhi
                0x000000000800d490       0x20 C:/ST/STM32CubeIDE_1.14.1/STM32CubeIDE/plugins/com.st.stm32cube.ide.mcu.externaltools.gnu-tools-for-stm32.11.3.rel1.win32_1.1.100.202309141235/tools/bin/../lib/gcc/arm-none-eabi/11.3.1/../../../../arm-none-eabi/lib/thumb/v7e-m+fp/hard\libm.a(libm_a-s_atan.o)
 .rodata.atanlo
                0x000000000800d4b0       0x20 C:/ST/STM32CubeIDE_1.14.1/STM32CubeIDE/plugins/com.st.stm32cube.ide.mcu.externaltools.gnu-tools-for-stm32.11.3.rel1.win32_1.1.100.202309141235/tools/bin/../lib/gcc/arm-none-eabi/11.3.1/../../../../arm-none-eabi/lib/thumb/v7e-m+fp/hard\libm.a(libm_a-s_atan.o)
 .rodata.bp     0x000000000800d4d0       0x10 C:/ST/STM32CubeIDE_1.14.1/STM32CubeIDE/plugins/com.st.stm32cube.ide.mcu.externaltools.gnu-tools-for-stm32.11.3.rel1.win32_1.1.100.202309141235/tools/bin/../lib/gcc/arm-none-eabi/11.3.1/../../../../arm-none-eabi/lib/thumb/v7e-m+fp/hard\libm.a(libm_a-e_pow.o)
 .rodata.dp_h   0x000000000800d4e0       0x10 C:/ST/STM32CubeIDE_1.14.1/STM32CubeIDE/plugins/com.st.stm32cube.ide.mcu.externaltools.gnu-tools-for-stm32.11.3.rel1.win32_1.1.100.202309141235/tools/bin/../lib/gcc/arm-none-eabi/11.3.1/../../../../arm-none-eabi/lib/thumb/v7e-m+fp/hard\libm.a(libm_a-e_pow.o)
 .rodata.dp_l   0x000000000800d4f0       0x10 C:/ST/STM32CubeIDE_1.14.1/STM32CubeIDE/plugins/com.st.stm32cube.ide.mcu.externaltools.gnu-tools-for-stm32.11.3.rel1.win32_1.1.100.202309141235/tools/bin/../lib/gcc/arm-none-eabi/11.3.1/../../../../arm-none-eabi/lib/thumb/v7e-m+fp/hard\libm.a(libm_a-e_pow.o)
                0x000000000800d500                . = ALIGN (0x4)

.ARM.extab      0x000000000800d500        0x0
                0x000000000800d500                . = ALIGN (0x4)
 *(.ARM.extab* .gnu.linkonce.armextab.*)
                0x000000000800d500                . = ALIGN (0x4)

.ARM            0x000000000800d500        0x8
                0x000000000800d500                . = ALIGN (0x4)
                0x000000000800d500                __exidx_start = .
 *(.ARM.exidx*)
 .ARM.exidx     0x000000000800d500        0x8 C:/ST/STM32CubeIDE_1.14.1/STM32CubeIDE/plugins/com.st.stm32cube.ide.mcu.externaltools.gnu-tools-for-stm32.11.3.rel1.win32_1.1.100.202309141235/tools/bin/../lib/gcc/arm-none-eabi/11.3.1/thumb/v7e-m+fp/hard\libgcc.a(_udivmoddi4.o)
                0x000000000800d508                __exidx_end = .
                0x000000000800d508                . = ALIGN (0x4)

.rel.dyn        0x000000000800d508        0x0
 .rel.iplt      0x000000000800d508        0x0 C:/ST/STM32CubeIDE_1.14.1/STM32CubeIDE/plugins/com.st.stm32cube.ide.mcu.externaltools.gnu-tools-for-stm32.11.3.rel1.win32_1.1.100.202309141235/tools/bin/../lib/gcc/arm-none-eabi/11.3.1/thumb/v7e-m+fp/hard/crtbegin.o

.preinit_array  0x000000000800d508        0x0
                0x000000000800d508                . = ALIGN (0x4)
                0x000000000800d508                PROVIDE (__preinit_array_start = .)
 *(.preinit_array*)
                0x000000000800d508                PROVIDE (__preinit_array_end = .)
                0x000000000800d508                . = ALIGN (0x4)

.init_array     0x000000000800d508        0x8
                0x000000000800d508                . = ALIGN (0x4)
                0x000000000800d508                PROVIDE (__init_array_start = .)
 *(SORT_BY_NAME(.init_array.*))
 *(.init_array*)
 .init_array    0x000000000800d508        0x4 C:/ST/STM32CubeIDE_1.14.1/STM32CubeIDE/plugins/com.st.stm32cube.ide.mcu.externaltools.gnu-tools-for-stm32.11.3.rel1.win32_1.1.100.202309141235/tools/bin/../lib/gcc/arm-none-eabi/11.3.1/thumb/v7e-m+fp/hard/crtbegin.o
 .init_array    0x000000000800d50c        0x4 ./Core/Src/mainpp.o
                0x000000000800d510                PROVIDE (__init_array_end = .)
                0x000000000800d510                . = ALIGN (0x4)

.fini_array     0x000000000800d510        0x4
                0x000000000800d510                . = ALIGN (0x4)
                [!provide]                        PROVIDE (__fini_array_start = .)
 *(SORT_BY_NAME(.fini_array.*))
 *(.fini_array*)
 .fini_array    0x000000000800d510        0x4 C:/ST/STM32CubeIDE_1.14.1/STM32CubeIDE/plugins/com.st.stm32cube.ide.mcu.externaltools.gnu-tools-for-stm32.11.3.rel1.win32_1.1.100.202309141235/tools/bin/../lib/gcc/arm-none-eabi/11.3.1/thumb/v7e-m+fp/hard/crtbegin.o
                [!provide]                        PROVIDE (__fini_array_end = .)
                0x000000000800d514                . = ALIGN (0x4)
                0x000000000800d514                _sidata = LOADADDR (.data)

.data           0x0000000020000000       0x98 load address 0x000000000800d514
                0x0000000020000000                . = ALIGN (0x4)
                0x0000000020000000                _sdata = .
 *(.data)
 *(.data*)
 .data.PPR1     0x0000000020000000        0x4 ./Core/Src/main.o
                0x0000000020000000                PPR1
 .data.Kp       0x0000000020000004        0x4 ./Core/Src/main.o
                0x0000000020000004                Kp
 .data.Ki       0x0000000020000008        0x4 ./Core/Src/main.o
                0x0000000020000008                Ki
 .data.Beta     0x000000002000000c        0x4 ./Core/Src/main.o
                0x000000002000000c                Beta
 .data.K1       0x0000000020000010        0x4 ./Core/Src/main.o
                0x0000000020000010                K1
 .data.PPR2     0x0000000020000014        0x4 ./Core/Src/main.o
                0x0000000020000014                PPR2
 .data.Kp2      0x0000000020000018        0x4 ./Core/Src/main.o
                0x0000000020000018                Kp2
 .data.Ki2      0x000000002000001c        0x4 ./Core/Src/main.o
                0x000000002000001c                Ki2
 .data.Beta2    0x0000000020000020        0x4 ./Core/Src/main.o
                0x0000000020000020                Beta2
 .data.K2       0x0000000020000024        0x4 ./Core/Src/main.o
                0x0000000020000024                K2
 .data.SystemCoreClock
                0x0000000020000028        0x4 ./Core/Src/system_stm32f4xx.o
                0x0000000020000028                SystemCoreClock
 .data.uwTickPrio
                0x000000002000002c        0x4 ./Drivers/STM32F4xx_HAL_Driver/Src/stm32f4xx_hal.o
                0x000000002000002c                uwTickPrio
 .data.uwTickFreq
                0x0000000020000030        0x1 ./Drivers/STM32F4xx_HAL_Driver/Src/stm32f4xx_hal.o
                0x0000000020000030                uwTickFreq
 *fill*         0x0000000020000031        0x7 
 .data.one      0x0000000020000038        0x8 C:/ST/STM32CubeIDE_1.14.1/STM32CubeIDE/plugins/com.st.stm32cube.ide.mcu.externaltools.gnu-tools-for-stm32.11.3.rel1.win32_1.1.100.202309141235/tools/bin/../lib/gcc/arm-none-eabi/11.3.1/../../../../arm-none-eabi/lib/thumb/v7e-m+fp/hard\libm.a(libm_a-e_sqrt.o)
 .data.tiny     0x0000000020000040        0x8 C:/ST/STM32CubeIDE_1.14.1/STM32CubeIDE/plugins/com.st.stm32cube.ide.mcu.externaltools.gnu-tools-for-stm32.11.3.rel1.win32_1.1.100.202309141235/tools/bin/../lib/gcc/arm-none-eabi/11.3.1/../../../../arm-none-eabi/lib/thumb/v7e-m+fp/hard\libm.a(libm_a-e_sqrt.o)
 .data._impure_data
                0x0000000020000048       0x4c C:/ST/STM32CubeIDE_1.14.1/STM32CubeIDE/plugins/com.st.stm32cube.ide.mcu.externaltools.gnu-tools-for-stm32.11.3.rel1.win32_1.1.100.202309141235/tools/bin/../lib/gcc/arm-none-eabi/11.3.1/../../../../arm-none-eabi/lib/thumb/v7e-m+fp/hard\libc_nano.a(libc_a-impure.o)
                0x0000000020000048                _impure_data
 .data._impure_ptr
                0x0000000020000094        0x4 C:/ST/STM32CubeIDE_1.14.1/STM32CubeIDE/plugins/com.st.stm32cube.ide.mcu.externaltools.gnu-tools-for-stm32.11.3.rel1.win32_1.1.100.202309141235/tools/bin/../lib/gcc/arm-none-eabi/11.3.1/../../../../arm-none-eabi/lib/thumb/v7e-m+fp/hard\libc_nano.a(libc_a-impure.o)
                0x0000000020000094                _impure_ptr
 *(.RamFunc)
 *(.RamFunc*)
                0x0000000020000098                . = ALIGN (0x4)
                0x0000000020000098                _edata = .

.igot.plt       0x0000000020000098        0x0 load address 0x000000000800d5ac
 .igot.plt      0x0000000020000098        0x0 C:/ST/STM32CubeIDE_1.14.1/STM32CubeIDE/plugins/com.st.stm32cube.ide.mcu.externaltools.gnu-tools-for-stm32.11.3.rel1.win32_1.1.100.202309141235/tools/bin/../lib/gcc/arm-none-eabi/11.3.1/thumb/v7e-m+fp/hard/crtbegin.o
                0x0000000020000098                . = ALIGN (0x4)

.bss            0x0000000020000098     0x1080 load address 0x000000000800d5ac
                0x0000000020000098                _sbss = .
                0x0000000020000098                __bss_start__ = _sbss
 *(.bss)
 .bss           0x0000000020000098       0x1c C:/ST/STM32CubeIDE_1.14.1/STM32CubeIDE/plugins/com.st.stm32cube.ide.mcu.externaltools.gnu-tools-for-stm32.11.3.rel1.win32_1.1.100.202309141235/tools/bin/../lib/gcc/arm-none-eabi/11.3.1/thumb/v7e-m+fp/hard/crtbegin.o
 *(.bss*)
 .bss.hi2c1     0x00000000200000b4       0x54 ./Core/Src/main.o
                0x00000000200000b4                hi2c1
 .bss.htim1     0x0000000020000108       0x48 ./Core/Src/main.o
                0x0000000020000108                htim1
 .bss.htim2     0x0000000020000150       0x48 ./Core/Src/main.o
                0x0000000020000150                htim2
 .bss.htim3     0x0000000020000198       0x48 ./Core/Src/main.o
                0x0000000020000198                htim3
 .bss.htim4     0x00000000200001e0       0x48 ./Core/Src/main.o
                0x00000000200001e0                htim4
 .bss.huart6    0x0000000020000228       0x48 ./Core/Src/main.o
                0x0000000020000228                huart6
 .bss.hdma_usart6_rx
                0x0000000020000270       0x60 ./Core/Src/main.o
                0x0000000020000270                hdma_usart6_rx
 .bss.hdma_usart6_tx
                0x00000000200002d0       0x60 ./Core/Src/main.o
                0x00000000200002d0                hdma_usart6_tx
 .bss.angle_z   0x0000000020000330        0x4 ./Core/Src/main.o
                0x0000000020000330                angle_z
 .bss.angle_x   0x0000000020000334        0x4 ./Core/Src/main.o
                0x0000000020000334                angle_x
 .bss.Gyro_X_RAW
                0x0000000020000338        0x2 ./Core/Src/main.o
                0x0000000020000338                Gyro_X_RAW
 .bss.Gyro_Y_RAW
                0x000000002000033a        0x2 ./Core/Src/main.o
                0x000000002000033a                Gyro_Y_RAW
 .bss.Gyro_Z_RAW
                0x000000002000033c        0x2 ./Core/Src/main.o
                0x000000002000033c                Gyro_Z_RAW
 *fill*         0x000000002000033e        0x2 
 .bss.Ax        0x0000000020000340        0x4 ./Core/Src/main.o
                0x0000000020000340                Ax
 .bss.Ay        0x0000000020000344        0x4 ./Core/Src/main.o
                0x0000000020000344                Ay
 .bss.Az        0x0000000020000348        0x4 ./Core/Src/main.o
                0x0000000020000348                Az
 .bss.Gx        0x000000002000034c        0x4 ./Core/Src/main.o
                0x000000002000034c                Gx
 .bss.Gy        0x0000000020000350        0x4 ./Core/Src/main.o
                0x0000000020000350                Gy
 .bss.Gz        0x0000000020000354        0x4 ./Core/Src/main.o
                0x0000000020000354                Gz
 .bss.last_read_time
                0x0000000020000358        0x4 ./Core/Src/main.o
                0x0000000020000358                last_read_time
 .bss.last_x_angle
                0x000000002000035c        0x4 ./Core/Src/main.o
                0x000000002000035c                last_x_angle
 .bss.last_y_angle
                0x0000000020000360        0x4 ./Core/Src/main.o
                0x0000000020000360                last_y_angle
 .bss.last_z_angle
                0x0000000020000364        0x4 ./Core/Src/main.o
                0x0000000020000364                last_z_angle
 .bss.last_gyro_x_angle
                0x0000000020000368        0x4 ./Core/Src/main.o
                0x0000000020000368                last_gyro_x_angle
 .bss.last_gyro_y_angle
                0x000000002000036c        0x4 ./Core/Src/main.o
                0x000000002000036c                last_gyro_y_angle
 .bss.last_gyro_z_angle
                0x0000000020000370        0x4 ./Core/Src/main.o
                0x0000000020000370                last_gyro_z_angle
 .bss.gyro_angle_z
                0x0000000020000374        0x4 ./Core/Src/main.o
                0x0000000020000374                gyro_angle_z
 .bss.t_now     0x0000000020000378        0x4 ./Core/Src/main.o
                0x0000000020000378                t_now
 .bss.t_last    0x000000002000037c        0x4 ./Core/Src/main.o
                0x000000002000037c                t_last
 .bss.dt        0x0000000020000380        0x4 ./Core/Src/main.o
                0x0000000020000380                dt
 .bss.encoder_cnt1
                0x0000000020000384        0x4 ./Core/Src/main.o
                0x0000000020000384                encoder_cnt1
 .bss.pre_enc1  0x0000000020000388        0x4 ./Core/Src/main.o
                0x0000000020000388                pre_enc1
 .bss.delta_enc1
                0x000000002000038c        0x4 ./Core/Src/main.o
                0x000000002000038c                delta_enc1
 .bss.vR_set    0x0000000020000390        0x4 ./Core/Src/main.o
                0x0000000020000390                vR_set
 .bss.vR_set_dot
                0x0000000020000394        0x4 ./Core/Src/main.o
                0x0000000020000394                vR_set_dot
 .bss.pre_vR_set
                0x0000000020000398        0x4 ./Core/Src/main.o
                0x0000000020000398                pre_vR_set
 .bss.vR_real   0x000000002000039c        0x4 ./Core/Src/main.o
                0x000000002000039c                vR_real
 .bss.vR_real_dot
                0x00000000200003a0        0x4 ./Core/Src/main.o
                0x00000000200003a0                vR_real_dot
 .bss.pre_vR_real
                0x00000000200003a4        0x4 ./Core/Src/main.o
                0x00000000200003a4                pre_vR_real
 .bss.duty_cycle1
                0x00000000200003a8        0x4 ./Core/Src/main.o
                0x00000000200003a8                duty_cycle1
 .bss.Error1    0x00000000200003ac        0x4 ./Core/Src/main.o
                0x00000000200003ac                Error1
 .bss.pre_Error1
                0x00000000200003b0        0x4 ./Core/Src/main.o
                0x00000000200003b0                pre_Error1
 .bss.Error1_dot
                0x00000000200003b4        0x4 ./Core/Src/main.o
                0x00000000200003b4                Error1_dot
 .bss.muy1      0x00000000200003b8        0x4 ./Core/Src/main.o
                0x00000000200003b8                muy1
 .bss.sign1     0x00000000200003bc        0x4 ./Core/Src/main.o
                0x00000000200003bc                sign1
 .bss.u_eq      0x00000000200003c0        0x4 ./Core/Src/main.o
                0x00000000200003c0                u_eq
 .bss.u_w       0x00000000200003c4        0x4 ./Core/Src/main.o
                0x00000000200003c4                u_w
 .bss.u_d       0x00000000200003c8        0x4 ./Core/Src/main.o
                0x00000000200003c8                u_d
 .bss.udk1      0x00000000200003cc        0x4 ./Core/Src/main.o
                0x00000000200003cc                udk1
 .bss.S1        0x00000000200003d0        0x4 ./Core/Src/main.o
                0x00000000200003d0                S1
 .bss.S1_dot    0x00000000200003d4        0x4 ./Core/Src/main.o
                0x00000000200003d4                S1_dot
 .bss.a         0x00000000200003d8        0x4 ./Core/Src/main.o
                0x00000000200003d8                a
 .bss.gama      0x00000000200003dc        0x4 ./Core/Src/main.o
                0x00000000200003dc                gama
 .bss.gama_dot  0x00000000200003e0        0x4 ./Core/Src/main.o
                0x00000000200003e0                gama_dot
 .bss.encoder_cnt2
                0x00000000200003e4        0x4 ./Core/Src/main.o
                0x00000000200003e4                encoder_cnt2
 .bss.pre_enc2  0x00000000200003e8        0x4 ./Core/Src/main.o
                0x00000000200003e8                pre_enc2
 .bss.delta_enc2
                0x00000000200003ec        0x4 ./Core/Src/main.o
                0x00000000200003ec                delta_enc2
 .bss.vL_set    0x00000000200003f0        0x4 ./Core/Src/main.o
                0x00000000200003f0                vL_set
 .bss.vL_set_dot
                0x00000000200003f4        0x4 ./Core/Src/main.o
                0x00000000200003f4                vL_set_dot
 .bss.pre_vL_set
                0x00000000200003f8        0x4 ./Core/Src/main.o
                0x00000000200003f8                pre_vL_set
 .bss.vL_real   0x00000000200003fc        0x4 ./Core/Src/main.o
                0x00000000200003fc                vL_real
 .bss.vL_real_dot
                0x0000000020000400        0x4 ./Core/Src/main.o
                0x0000000020000400                vL_real_dot
 .bss.pre_vL_real
                0x0000000020000404        0x4 ./Core/Src/main.o
                0x0000000020000404                pre_vL_real
 .bss.duty_cycle2
                0x0000000020000408        0x4 ./Core/Src/main.o
                0x0000000020000408                duty_cycle2
 .bss.Error2    0x000000002000040c        0x4 ./Core/Src/main.o
                0x000000002000040c                Error2
 .bss.pre_Error2
                0x0000000020000410        0x4 ./Core/Src/main.o
                0x0000000020000410                pre_Error2
 .bss.Error2_dot
                0x0000000020000414        0x4 ./Core/Src/main.o
                0x0000000020000414                Error2_dot
 .bss.muy2      0x0000000020000418        0x4 ./Core/Src/main.o
                0x0000000020000418                muy2
 .bss.sign2     0x000000002000041c        0x4 ./Core/Src/main.o
                0x000000002000041c                sign2
 .bss.u_eq2     0x0000000020000420        0x4 ./Core/Src/main.o
                0x0000000020000420                u_eq2
 .bss.u_w2      0x0000000020000424        0x4 ./Core/Src/main.o
                0x0000000020000424                u_w2
 .bss.u_d2      0x0000000020000428        0x4 ./Core/Src/main.o
                0x0000000020000428                u_d2
 .bss.udk2      0x000000002000042c        0x4 ./Core/Src/main.o
                0x000000002000042c                udk2
 .bss.S2        0x0000000020000430        0x4 ./Core/Src/main.o
                0x0000000020000430                S2
 .bss.S2_dot    0x0000000020000434        0x4 ./Core/Src/main.o
                0x0000000020000434                S2_dot
 .bss.a2        0x0000000020000438        0x4 ./Core/Src/main.o
                0x0000000020000438                a2
 .bss.gama2     0x000000002000043c        0x4 ./Core/Src/main.o
                0x000000002000043c                gama2
 .bss.gama2_dot
                0x0000000020000440        0x4 ./Core/Src/main.o
                0x0000000020000440                gama2_dot
 .bss.vel_data_rx
                0x0000000020000444        0x8 ./Core/Src/main.o
                0x0000000020000444                vel_data_rx
 .bss.vel_data_tx
                0x000000002000044c        0x8 ./Core/Src/main.o
                0x000000002000044c                vel_data_tx
 .bss._ZZN13STM32Hardware5flushEvE5mutex
                0x0000000020000454        0x1 ./Core/Src/mainpp.o
                0x0000000020000454                STM32Hardware::flush()::mutex
 *fill*         0x0000000020000455        0x3 
 .bss.imu_data_tx
                0x0000000020000458        0xc ./Core/Src/mainpp.o
                0x0000000020000458                imu_data_tx
 .bss.nh        0x0000000020000464      0x93c ./Core/Src/mainpp.o
                0x0000000020000464                nh
 .bss.imu       0x0000000020000da0      0x158 ./Core/Src/mainpp.o
                0x0000000020000da0                imu
 .bss.vel_msg   0x0000000020000ef8       0x48 ./Core/Src/mainpp.o